Archive member included because of file (symbol)

c:/altera/13.0sp1/nios2eds/bin/gnu/h-i686-mingw32/bin/../lib/gcc/nios2-elf/4.1.2\libgcc.a(_fixunsdfsi.o)
                              obj/default/dm9000a.o (__fixunsdfsi)
c:/altera/13.0sp1/nios2eds/bin/gnu/h-i686-mingw32/bin/../lib/gcc/nios2-elf/4.1.2\libgcc.a(_addsub_df.o)
                              c:/altera/13.0sp1/nios2eds/bin/gnu/h-i686-mingw32/bin/../lib/gcc/nios2-elf/4.1.2\libgcc.a(_fixunsdfsi.o) (__subdf3)
c:/altera/13.0sp1/nios2eds/bin/gnu/h-i686-mingw32/bin/../lib/gcc/nios2-elf/4.1.2\libgcc.a(_mul_df.o)
                              obj/default/dm9000a.o (__muldf3)
c:/altera/13.0sp1/nios2eds/bin/gnu/h-i686-mingw32/bin/../lib/gcc/nios2-elf/4.1.2\libgcc.a(_ge_df.o)
                              c:/altera/13.0sp1/nios2eds/bin/gnu/h-i686-mingw32/bin/../lib/gcc/nios2-elf/4.1.2\libgcc.a(_fixunsdfsi.o) (__gedf2)
c:/altera/13.0sp1/nios2eds/bin/gnu/h-i686-mingw32/bin/../lib/gcc/nios2-elf/4.1.2\libgcc.a(_df_to_si.o)
                              c:/altera/13.0sp1/nios2eds/bin/gnu/h-i686-mingw32/bin/../lib/gcc/nios2-elf/4.1.2\libgcc.a(_fixunsdfsi.o) (__fixdfsi)
c:/altera/13.0sp1/nios2eds/bin/gnu/h-i686-mingw32/bin/../lib/gcc/nios2-elf/4.1.2\libgcc.a(_thenan_df.o)
                              c:/altera/13.0sp1/nios2eds/bin/gnu/h-i686-mingw32/bin/../lib/gcc/nios2-elf/4.1.2\libgcc.a(_addsub_df.o) (__thenan_df)
c:/altera/13.0sp1/nios2eds/bin/gnu/h-i686-mingw32/bin/../lib/gcc/nios2-elf/4.1.2\libgcc.a(_usi_to_df.o)
                              obj/default/dm9000a.o (__floatunsidf)
c:/altera/13.0sp1/nios2eds/bin/gnu/h-i686-mingw32/bin/../lib/gcc/nios2-elf/4.1.2\libgcc.a(_muldi3.o)
                              c:/altera/13.0sp1/nios2eds/bin/gnu/h-i686-mingw32/bin/../lib/gcc/nios2-elf/4.1.2\libgcc.a(_mul_df.o) (__muldi3)
c:/altera/13.0sp1/nios2eds/bin/gnu/h-i686-mingw32/bin/../lib/gcc/nios2-elf/4.1.2\libgcc.a(_clzsi2.o)
                              c:/altera/13.0sp1/nios2eds/bin/gnu/h-i686-mingw32/bin/../lib/gcc/nios2-elf/4.1.2\libgcc.a(_usi_to_df.o) (__clzsi2)
c:/altera/13.0sp1/nios2eds/bin/gnu/h-i686-mingw32/bin/../lib/gcc/nios2-elf/4.1.2\libgcc.a(_pack_df.o)
                              c:/altera/13.0sp1/nios2eds/bin/gnu/h-i686-mingw32/bin/../lib/gcc/nios2-elf/4.1.2\libgcc.a(_addsub_df.o) (__pack_d)
c:/altera/13.0sp1/nios2eds/bin/gnu/h-i686-mingw32/bin/../lib/gcc/nios2-elf/4.1.2\libgcc.a(_unpack_df.o)
                              c:/altera/13.0sp1/nios2eds/bin/gnu/h-i686-mingw32/bin/../lib/gcc/nios2-elf/4.1.2\libgcc.a(_addsub_df.o) (__unpack_d)
c:/altera/13.0sp1/nios2eds/bin/gnu/h-i686-mingw32/bin/../lib/gcc/nios2-elf/4.1.2\libgcc.a(_fpcmp_parts_df.o)
                              c:/altera/13.0sp1/nios2eds/bin/gnu/h-i686-mingw32/bin/../lib/gcc/nios2-elf/4.1.2\libgcc.a(_ge_df.o) (__fpcmp_parts_d)
c:/altera/13.0sp1/nios2eds/bin/gnu/h-i686-mingw32/bin/../lib/gcc/nios2-elf/4.1.2\libgcc.a(_clz.o)
                              c:/altera/13.0sp1/nios2eds/bin/gnu/h-i686-mingw32/bin/../lib/gcc/nios2-elf/4.1.2\libgcc.a(_clzsi2.o) (__clz_tab)
c:/altera/13.0sp1/nios2eds/bin/gnu/h-i686-mingw32/bin/../lib/gcc/nios2-elf/4.1.2/../../../../nios2-elf/lib\libc.a(lib_a-ctype_.o)
                              obj/default/network_utilities.o (__ctype_ptr)
c:/altera/13.0sp1/nios2eds/bin/gnu/h-i686-mingw32/bin/../lib/gcc/nios2-elf/4.1.2/../../../../nios2-elf/lib\libc.a(lib_a-exit.o)
                              obj/default/iniche_init.o (exit)
c:/altera/13.0sp1/nios2eds/bin/gnu/h-i686-mingw32/bin/../lib/gcc/nios2-elf/4.1.2/../../../../nios2-elf/lib\libc.a(lib_a-fprintf.o)
                              obj/default/alt_error_handler.o (fprintf)
c:/altera/13.0sp1/nios2eds/bin/gnu/h-i686-mingw32/bin/../lib/gcc/nios2-elf/4.1.2/../../../../nios2-elf/lib\libc.a(lib_a-fwrite.o)
                              obj/default/alt_error_handler.o (fwrite)
c:/altera/13.0sp1/nios2eds/bin/gnu/h-i686-mingw32/bin/../lib/gcc/nios2-elf/4.1.2/../../../../nios2-elf/lib\libc.a(lib_a-getc.o)
                              obj/default/network_utilities.o (getc)
c:/altera/13.0sp1/nios2eds/bin/gnu/h-i686-mingw32/bin/../lib/gcc/nios2-elf/4.1.2/../../../../nios2-elf/lib\libc.a(lib_a-impure.o)
                              obj/default/alt_error_handler.o (_impure_ptr)
c:/altera/13.0sp1/nios2eds/bin/gnu/h-i686-mingw32/bin/../lib/gcc/nios2-elf/4.1.2/../../../../nios2-elf/lib\libc.a(lib_a-memcpy.o)
                              obj/default/iniche_init.o (memcpy)
c:/altera/13.0sp1/nios2eds/bin/gnu/h-i686-mingw32/bin/../lib/gcc/nios2-elf/4.1.2/../../../../nios2-elf/lib\libc.a(lib_a-memmove.o)
                              obj/default/simple_socket_server.o (memmove)
c:/altera/13.0sp1/nios2eds/bin/gnu/h-i686-mingw32/bin/../lib/gcc/nios2-elf/4.1.2/../../../../nios2-elf/lib\libc.a(lib_a-memset.o)
                              obj/default/simple_socket_server.o (memset)
c:/altera/13.0sp1/nios2eds/bin/gnu/h-i686-mingw32/bin/../lib/gcc/nios2-elf/4.1.2/../../../../nios2-elf/lib\libc.a(lib_a-perror.o)
[...]
Memory Configuration

Name             Origin             Length             Attributes
sdram_0_BEFORE_EXCEPTION 0x00800000         0x00000020
sdram_0          0x00800020         0x007fffe0
reset            0x01400000         0x00000020
cfi_flash_0      0x01400020         0x003fffe0
sram_0           0x01a00000         0x00080000
epcs_controller  0x01a81800         0x00000800
*default*        0x00000000         0xffffffff

Linker script and memory map

LOAD ../simple_socket_bsp//obj/HAL/src/crt0.o
LOAD obj/default/LCD.o
LOAD obj/default/SSS_DE2_115.o
LOAD obj/default/alt_error_handler.o
LOAD obj/default/dm9000a.o
LOAD obj/default/iniche_init.o
LOAD obj/default/led.o
LOAD obj/default/network_utilities.o
LOAD obj/default/simple_socket_server.o
LOAD obj/default/tse_my_system.o
LOAD c:/altera/13.0sp1/nios2eds/bin/gnu/h-i686-mingw32/bin/../lib/gcc/nios2-elf/4.1.2/../../../../nios2-elf/lib\libstdc++.a
LOAD c:/altera/13.0sp1/nios2eds/bin/gnu/h-i686-mingw32/bin/../lib/gcc/nios2-elf/4.1.2/../../../../nios2-elf/lib\libm.a
LOAD c:/altera/13.0sp1/nios2eds/bin/gnu/h-i686-mingw32/bin/../lib/gcc/nios2-elf/4.1.2\libgcc.a
START GROUP
LOAD c:/altera/13.0sp1/nios2eds/bin/gnu/h-i686-mingw32/bin/../lib/gcc/nios2-elf/4.1.2/../../../../nios2-elf/lib\libc.a
LOAD c:/altera/13.0sp1/nios2eds/bin/gnu/h-i686-mingw32/bin/../lib/gcc/nios2-elf/4.1.2\libgcc.a
LOAD ../simple_socket_bsp/\libucosii_bsp.a
END GROUP
LOAD c:/altera/13.0sp1/nios2eds/bin/gnu/h-i686-mingw32/bin/../lib/gcc/nios2-elf/4.1.2\libgcc.a
                0x00800000                __alt_mem_sdram_0 = 0x800000
                0x01400000                __alt_mem_cfi_flash_0 = 0x1400000
                0x01a00000                __alt_mem_sram_0 = 0x1a00000
                0x01a81800                __alt_mem_epcs_controller = 0x1a81800

.entry          0x01400000        0x0
 *(.entry)
 .entry         0x01400000        0x0 ../simple_socket_bsp//obj/HAL/src/crt0.o
                0x01400000                __reset

.exceptions     0x00800020      0x19c
                0x00800020                PROVIDE (__ram_exceptions_start, ABSOLUTE (.))
                0x00800020                . = ALIGN (0x20)
 *(.irq)
 *(.exceptions.entry.label)
 .exceptions.entry.label
                0x00800020        0x0 ../simple_socket_bsp/\libucosii_bsp.a(alt_irq_entry.o)
                0x00800020                alt_irq_entry
 .exceptions.entry.label
                0x00800020        0x0 ../simple_socket_bsp/\libucosii_bsp.a(alt_exception_entry.o)
                0x00800020                alt_exception
 *(.exceptions.entry.user)
 *(.exceptions.entry)
 .exceptions.entry
                0x00800020       0x54 ../simple_socket_bsp/\libucosii_bsp.a(alt_exception_entry.o)
 *(.exceptions.irqtest.user)
 *(.exceptions.irqtest)
 .exceptions.irqtest
                0x00800074       0x10 ../simple_socket_bsp/\libucosii_bsp.a(alt_irq_entry.o)
 *(.exceptions.irqhandler.user)
 *(.exceptions.irqhandler)
 .exceptions.irqhandler
                0x00800084        0x4 ../simple_socket_bsp/\libucosii_bsp.a(alt_irq_entry.o)
 *(.exceptions.irqreturn.user)
 *(.exceptions.irqreturn)
 .exceptions.irqreturn
                0x00800088        0x4 ../simple_socket_bsp/\libucosii_bsp.a(alt_irq_entry.o)
 *(.exceptions.notirq.label)
 .exceptions.notirq.label
                0x0080008c        0x0 ../simple_socket_bsp/\libucosii_bsp.a(alt_irq_entry.o)
 *(.exceptions.notirq.user)
 *(.exceptions.notirq)
 .exceptions.notirq
                0x0080008c        0x8 ../simple_socket_bsp/\libucosii_bsp.a(alt_exception_entry.o)
 *(.exceptions.soft.user)
 *(.exceptions.soft)
 *(.exceptions.unknown.user)
 *(.exceptions.unknown)
 .exceptions.unknown
                0x00800094        0x4 ../simple_socket_bsp/\libucosii_bsp.a(alt_exception_entry.o)
 *(.exceptions.exit.label)
 .exceptions.exit.label
                0x00800098        0x0 ../simple_socket_bsp/\libucosii_bsp.a(alt_irq_entry.o)
 .exceptions.exit.label
                0x00800098        0x0 ../simple_socket_bsp/\libucosii_bsp.a(alt_exception_entry.o)
 *(.exceptions.exit.user)
 *(.exceptions.exit)
 .exceptions.exit
                0x00800098       0x54 ../simple_socket_bsp/\libucosii_bsp.a(alt_exception_entry.o)
 *(.exceptions)
 .exceptions    0x008000ec       0xd0 ../simple_socket_bsp/\libucosii_bsp.a(alt_irq_handler.o)
                0x008000ec                alt_irq_handler
                0x008001bc                PROVIDE (__ram_exceptions_end, ABSOLUTE (.))
                0x00800020                PROVIDE (__flash_exceptions_start, LOADADDR (.exceptions))

.text           0x008001bc    0x47198
                0x008001bc                PROVIDE (stext, ABSOLUTE (.))
 *(.interp)
 *(.hash)
 *(.dynsym)
 *(.dynstr)
 *(.gnu.version)
 *(.gnu.version_d)
 *(.gnu.version_r)
 *(.rel.init)
 *(.rela.init)
 *(.rel.text .rel.text.* .rel.gnu.linkonce.t.*)
 *(.rela.text .rela.text.* .rela.gnu.linkonce.t.*)
 *(.rel.fini)
 *(.rela.fini)
 *(.rel.rodata .rel.rodata.* .rel.gnu.linkonce.r.*)
 *(.rela.rodata .rela.rodata.* .rela.gnu.linkonce.r.*)
 *(.rel.data .rel.data.* .rel.gnu.linkonce.d.*)
 *(.rela.data .rela.data.* .rela.gnu.linkonce.d.*)
 *(.rel.tdata .rel.tdata.* .rel.gnu.linkonce.td.*)
 *(.rela.tdata .rela.tdata.* .rela.gnu.linkonce.td.*)
 *(.rel.tbss .rel.tbss.* .rel.gnu.linkonce.tb.*)
 *(.rela.tbss .rela.tbss.* .rela.gnu.linkonce.tb.*)
 *(.rel.ctors)
 *(.rela.ctors)
 *(.rel.dtors)
 *(.rela.dtors)
 *(.rel.got)
 *(.rela.got)
 *(.rel.sdata .rel.sdata.* .rel.gnu.linkonce.s.*)
 *(.rela.sdata .rela.sdata.* .rela.gnu.linkonce.s.*)
 *(.rel.sbss .rel.sbss.* .rel.gnu.linkonce.sb.*)
 *(.rela.sbss .rela.sbss.* .rela.gnu.linkonce.sb.*)
 *(.rel.sdata2 .rel.sdata2.* .rel.gnu.linkonce.s2.*)
 *(.rela.sdata2 .rela.sdata2.* .rela.gnu.linkonce.s2.*)
 *(.rel.sbss2 .rel.sbss2.* .rel.gnu.linkonce.sb2.*)
 *(.rela.sbss2 .rela.sbss2.* .rela.gnu.linkonce.sb2.*)
 *(.rel.bss .rel.bss.* .rel.gnu.linkonce.b.*)
 *(.rela.bss .rela.bss.* .rela.gnu.linkonce.b.*)
 *(.rel.plt)
 *(.rela.plt)
 *(.rel.dyn)
 *(.init)
 *(.plt)
 *(.text .stub .text.* .gnu.linkonce.t.*)
 .text          0x008001bc       0x48 ../simple_socket_bsp//obj/HAL/src/crt0.o
                0x008001bc                _start
 .text          0x00800204      0x31c obj/default/LCD.o
                0x00800204                LCD_Init
                0x008002a0                LCD_Show_Text
                0x00800328                LCD_Line2
                0x00800364                LCD_Line1
                0x008003a0                LCD_Clear
                0x008003dc                LCD_Test
 .text          0x00800520      0x2ec obj/default/SSS_DE2_115.o
                0x00800520                get_DE2_115_mac_addr
                0x008006c8                FindLastFlashSectorOffset
 .text          0x0080080c      0xba8 obj/default/alt_error_handler.o
                0x0080080c                alt_uCOSIIErrorHandler
                0x00800e30                alt_NetworkErrorHandler
                0x008010c8                alt_SSSErrorHandler
 .text          0x008013b4      0xe48 obj/default/dm9000a.o
                0x008013b4                dm9000a_iow
                0x00801408                dm9000a_ior
                0x00801454                phy_write
                0x008014f0                dm9000a_reset
                0x008016b4                TransmitPacket
                0x008017d0                prep_dm9000a
                0x008019ec                dm9000a_init
                0x00801e3c                dm9Ka_isr_wrap
                0x00801e7c                dm9ka_init
                0x00801f74                dm9ka_close
                0x00802084                dm9ka_stats
                0x008020e0                dm9ka_pkt_send
 .text          0x008021fc      0x888 obj/default/iniche_init.o
                0x008021fc                SSSInitialTask
                0x00802988                main
 .text          0x00802a84      0x324 obj/default/led.o
                0x00802a84                led_bit_toggle
                0x00802b50                LED7SegLightshowTask
                0x00802bc4                LEDManagementTask
 .text          0x00802da8      0x73c obj/default/network_utilities.o
                0x00802da8                get_mac_addr
                0x00802e00                get_ip_addr
                0x00802e6c                get_serial_number
                0x00803048                generate_and_store_mac_addr
                0x00803214                generate_mac_addr
                0x00803350                get_board_mac_addr
 .text          0x008034e4      0x9f8 obj/default/simple_socket_server.o
                0x008034e4                SSSCreateOSDataStructs
                0x0080358c                SSSCreateTasks
                0x00803650                sss_reset_connection
                0x008036c0                sss_send_menu
                0x00803850                sss_handle_accept
                0x00803910                sss_exec_command
                0x00803a84                sss_handle_receive
                0x00803c70                SSSSimpleSocketServerTask
 .text          0x00803edc        0x0 obj/default/tse_my_system.o
 .text          0x00803edc       0xa4 c:/altera/13.0sp1/nios2eds/bin/gnu/h-i686-mingw32/bin/../lib/gcc/nios2-elf/4.1.2\libgcc.a(_fixunsdfsi.o)
                0x00803edc                __fixunsdfsi
 .text          0x00803f80      0x504 c:/altera/13.0sp1/nios2eds/bin/gnu/h-i686-mingw32/bin/../lib/gcc/nios2-elf/4.1.2\libgcc.a(_addsub_df.o)
                0x00804390                __subdf3
                0x00804410                __adddf3
 .text          0x00804484      0x3c4 c:/altera/13.0sp1/nios2eds/bin/gnu/h-i686-mingw32/bin/../lib/gcc/nios2-elf/4.1.2\libgcc.a(_mul_df.o)
                0x00804484                __muldf3
 .text          0x00804848       0x88 c:/altera/13.0sp1/nios2eds/bin/gnu/h-i686-mingw32/bin/../lib/gcc/nios2-elf/4.1.2\libgcc.a(_ge_df.o)
                0x00804848                __gedf2
 .text          0x008048d0       0xd8 c:/altera/13.0sp1/nios2eds/bin/gnu/h-i686-mingw32/bin/../lib/gcc/nios2-elf/4.1.2\libgcc.a(_df_to_si.o)
                0x008048d0                __fixdfsi
 .text          0x008049a8        0x0 c:/altera/13.0sp1/nios2eds/bin/gnu/h-i686-mingw32/bin/../lib/gcc/nios2-elf/4.1.2\libgcc.a(_thenan_df.o)
 .text          0x008049a8      0x194 c:/altera/13.0sp1/nios2eds/bin/gnu/h-i686-mingw32/bin/../lib/gcc/nios2-elf/4.1.2\libgcc.a(_usi_to_df.o)
                0x008049a8                __floatunsidf
 .text          0x00804b3c       0x98 c:/altera/13.0sp1/nios2eds/bin/gnu/h-i686-mingw32/bin/../lib/gcc/nios2-elf/4.1.2\libgcc.a(_muldi3.o)
                0x00804b3c                __muldi3
 .text          0x00804bd4       0x80 c:/altera/13.0sp1/nios2eds/bin/gnu/h-i686-mingw32/bin/../lib/gcc/nios2-elf/4.1.2\libgcc.a(_clzsi2.o)
                0x00804bd4                __clzsi2
 .text          0x00804c54      0x314 c:/altera/13.0sp1/nios2eds/bin/gnu/h-i686-mingw32/bin/../lib/gcc/nios2-elf/4.1.2\libgcc.a(_pack_df.o)
                0x00804c54                __pack_d
 .text          0x00804f68      0x138 c:/altera/13.0sp1/nios2eds/bin/gnu/h-i686-mingw32/bin/../lib/gcc/nios2-elf/4.1.2\libgcc.a(_unpack_df.o)
                0x00804f68                __unpack_d
 .text          0x008050a0       0xc8 c:/altera/13.0sp1/nios2eds/bin/gnu/h-i686-mingw32/bin/../lib/gcc/nios2-elf/4.1.2\libgcc.a(_fpcmp_parts_df.o)
                0x008050a0                __fpcmp_parts_d
 .text          0x00805168        0x0 c:/altera/13.0sp1/nios2eds/bin/gnu/h-i686-mingw32/bin/../lib/gcc/nios2-elf/4.1.2\libgcc.a(_clz.o)
 .text          0x00805168        0x0 c:/altera/13.0sp1/nios2eds/bin/gnu/h-i686-mingw32/bin/../lib/gcc/nios2-elf/4.1.2/../../../../nios2-elf/lib\libc.a(lib_a-ctype_.o)
 .text          0x00805168       0x38 c:/altera/13.0sp1/nios2eds/bin/gnu/h-i686-mingw32/bin/../lib/gcc/nios2-elf/4.1.2/../../../../nios2-elf/lib\libc.a(lib_a-exit.o)
                0x00805168                exit
 .text          0x008051a0       0x60 c:/altera/13.0sp1/nios2eds/bin/gnu/h-i686-mingw32/bin/../lib/gcc/nios2-elf/4.1.2/../../../../nios2-elf/lib\libc.a(lib_a-fprintf.o)
                0x008051a0                fprintf
                0x008051cc                _fprintf_r
 .text          0x00805200       0xdc c:/altera/13.0sp1/nios2eds/bin/gnu/h-i686-mingw32/bin/../lib/gcc/nios2-elf/4.1.2/../../../../nios2-elf/lib\libc.a(lib_a-fwrite.o)
                0x00805200                _fwrite_r
                0x0080529c                fwrite
 .text          0x008052dc      0x128 c:/altera/13.0sp1/nios2eds/bin/gnu/h-i686-mingw32/bin/../lib/gcc/nios2-elf/4.1.2/../../../../nios2-elf/lib\libc.a(lib_a-getc.o)
                0x008052dc                getc
                0x00805374                _getc_r
 .text          0x00805404        0x0 c:/altera/13.0sp1/nios2eds/bin/gnu/h-i686-mingw32/bin/../lib/gcc/nios2-elf/4.1.2/../../../../nios2-elf/lib\libc.a(lib_a-impure.o)
 .text          0x00805404       0xa0 c:/altera/13.0sp1/nios2eds/bin/gnu/h-i686-mingw32/bin/../lib/gcc/nios2-elf/4.1.2/../../../../nios2-elf/lib\libc.a(lib_a-memcpy.o)
                0x00805404                memcpy
 .text          0x008054a4       0xe0 c:/altera/13.0sp1/nios2eds/bin/gnu/h-i686-mingw32/bin/../lib/gcc/nios2-elf/4.1.2/../../../../nios2-elf/lib\libc.a(lib_a-memmove.o)
                0x008054a4                memmove
 .text          0x00805584       0x98 c:/altera/13.0sp1/nios2eds/bin/gnu/h-i686-mingw32/bin/../lib/gcc/nios2-elf/4.1.2/../../../../nios2-elf/lib\libc.a(lib_a-memset.o)
                0x00805584                memset
 .text          0x0080561c       0x80 c:/altera/13.0sp1/nios2eds/bin/gnu/h-i686-mingw32/bin/../lib/gcc/nios2-elf/4.1.2/../../../../nios2-elf/lib\libc.a(lib_a-perror.o)
                0x0080561c                _perror_r
                0x00805688                perror
 .text          0x0080569c       0x78 c:/altera/13.0sp1/nios2eds/bin/gnu/h-i686-mingw32/bin/../lib/gcc/nios2-elf/4.1.2/../../../../nios2-elf/lib\libc.a(lib_a-printf.o)
                0x0080569c                printf
                0x008056e0                _printf_r
 .text          0x00805714      0x1ec c:/altera/13.0sp1/nios2eds/bin/gnu/h-i686-mingw32/bin/../lib/gcc/nios2-elf/4.1.2/../../../../nios2-elf/lib\libc.a(lib_a-putc.o)
                0x00805714                putc
                0x00805818                _putc_r
 .text          0x00805900       0x24 c:/altera/13.0sp1/nios2eds/bin/gnu/h-i686-mingw32/bin/../lib/gcc/nios2-elf/4.1.2/../../../../nios2-elf/lib\libc.a(lib_a-putchar.o)
                0x00805900                putchar
                0x0080591c                _putchar_r
 .text          0x00805924       0xb4 c:/altera/13.0sp1/nios2eds/bin/gnu/h-i686-mingw32/bin/../lib/gcc/nios2-elf/4.1.2/../../../../nios2-elf/lib\libc.a(lib_a-puts.o)
                0x00805924                _puts_r
                0x008059c4                puts
 .text          0x008059d8       0x60 c:/altera/13.0sp1/nios2eds/bin/gnu/h-i686-mingw32/bin/../lib/gcc/nios2-elf/4.1.2/../../../../nios2-elf/lib\libc.a(lib_a-rget.o)
                0x008059d8                __srget_r
                0x00805a24                __srget
 .text          0x00805a38       0xe0 c:/altera/13.0sp1/nios2eds/bin/gnu/h-i686-mingw32/bin/../lib/gcc/nios2-elf/4.1.2/../../../../nios2-elf/lib\libc.a(lib_a-strchr.o)
                0x00805a38                strchr
 .text          0x00805b18      0x674 c:/altera/13.0sp1/nios2eds/bin/gnu/h-i686-mingw32/bin/../lib/gcc/nios2-elf/4.1.2/../../../../nios2-elf/lib\libc.a(lib_a-strerror.o)
                0x00805b18                strerror
 .text          0x0080618c       0x74 c:/altera/13.0sp1/nios2eds/bin/gnu/h-i686-mingw32/bin/../lib/gcc/nios2-elf/4.1.2/../../../../nios2-elf/lib\libc.a(lib_a-strlen.o)
                0x0080618c                strlen
 .text          0x00806200        0x8 c:/altera/13.0sp1/nios2eds/bin/gnu/h-i686-mingw32/bin/../lib/gcc/nios2-elf/4.1.2/../../../../nios2-elf/lib\libc.a(lib_a-u_strerr.o)
                0x00806200                _user_strerror
 .text          0x00806208     0x1f28 c:/altera/13.0sp1/nios2eds/bin/gnu/h-i686-mingw32/bin/../lib/gcc/nios2-elf/4.1.2/../../../../nios2-elf/lib\libc.a(lib_a-vfprintf.o)
                0x00806260                ___vfprintf_internal_r
                0x0080810c                __vfprintf_internal
 .text          0x00808130      0x14c c:/altera/13.0sp1/nios2eds/bin/gnu/h-i686-mingw32/bin/../lib/gcc/nios2-elf/4.1.2/../../../../nios2-elf/lib\libc.a(lib_a-wbuf.o)
                0x00808130                __swbuf_r
                0x00808260                __swbuf
 .text          0x0080827c      0x13c c:/altera/13.0sp1/nios2eds/bin/gnu/h-i686-mingw32/bin/../lib/gcc/nios2-elf/4.1.2/../../../../nios2-elf/lib\libc.a(lib_a-wsetup.o)
                0x0080827c                __swsetup_r
 .text          0x008083b8      0x1b4 c:/altera/13.0sp1/nios2eds/bin/gnu/h-i686-mingw32/bin/../lib/gcc/nios2-elf/4.1.2/../../../../nios2-elf/lib\libc.a(lib_a-__call_atexit.o)
                0x008083bc                __call_exitprocs
 .text          0x0080856c     0x17cc c:/altera/13.0sp1/nios2eds/bin/gnu/h-i686-mingw32/bin/../lib/gcc/nios2-elf/4.1.2/../../../../nios2-elf/lib\libc.a(lib_a-dtoa.o)
                0x00808784                _dtoa_r
 .text          0x00809d38      0x230 c:/altera/13.0sp1/nios2eds/bin/gnu/h-i686-mingw32/bin/../lib/gcc/nios2-elf/4.1.2/../../../../nios2-elf/lib\libc.a(lib_a-fflush.o)
                0x00809d38                _fflush_r
                0x00809f34                fflush
 .text          0x00809f68      0x2c0 c:/altera/13.0sp1/nios2eds/bin/gnu/h-i686-mingw32/bin/../lib/gcc/nios2-elf/4.1.2/../../../../nios2-elf/lib\libc.a(lib_a-findfp.o)
                0x00809fc0                __sfp_lock_acquire
                0x00809fc4                __sfp_lock_release
                0x00809fc8                __sinit_lock_acquire
                0x00809fcc                __sinit_lock_release
                0x00809fd0                __sinit
                0x0080a084                __fp_unlock_all
                0x0080a09c                __fp_lock_all
                0x0080a0b4                _cleanup_r
                0x0080a0c0                _cleanup
                0x0080a0d0                __sfmoreglue
                0x0080a138                __sfp
 .text          0x0080a228       0xbc c:/altera/13.0sp1/nios2eds/bin/gnu/h-i686-mingw32/bin/../lib/gcc/nios2-elf/4.1.2/../../../../nios2-elf/lib\libc.a(lib_a-fputc.o)
                0x0080a228                fputc
                0x0080a28c                _fputc_r
 .text          0x0080a2e4       0x90 c:/altera/13.0sp1/nios2eds/bin/gnu/h-i686-mingw32/bin/../lib/gcc/nios2-elf/4.1.2/../../../../nios2-elf/lib\libc.a(lib_a-fputs.o)
                0x0080a2e4                _fputs_r
                0x0080a358                fputs
 .text          0x0080a374      0x440 c:/altera/13.0sp1/nios2eds/bin/gnu/h-i686-mingw32/bin/../lib/gcc/nios2-elf/4.1.2/../../../../nios2-elf/lib\libc.a(lib_a-freer.o)
                0x0080a374                _malloc_trim_r
                0x0080a4a0                _free_r
 .text          0x0080a7b4      0x49c c:/altera/13.0sp1/nios2eds/bin/gnu/h-i686-mingw32/bin/../lib/gcc/nios2-elf/4.1.2/../../../../nios2-elf/lib\libc.a(lib_a-fvwrite.o)
                0x0080a7b4                __sfvwrite_r
 .text          0x0080ac50      0x180 c:/altera/13.0sp1/nios2eds/bin/gnu/h-i686-mingw32/bin/../lib/gcc/nios2-elf/4.1.2/../../../../nios2-elf/lib\libc.a(lib_a-fwalk.o)
                0x0080ac50                _fwalk_reent
                0x0080ad18                _fwalk
 .text          0x0080add0       0xc4 c:/altera/13.0sp1/nios2eds/bin/gnu/h-i686-mingw32/bin/../lib/gcc/nios2-elf/4.1.2/../../../../nios2-elf/lib\libc.a(lib_a-locale.o)
                0x0080add0                __locale_charset
                0x0080add8                _localeconv_r
                0x0080ade4                localeconv
                0x0080adf4                _setlocale_r
                0x0080ae78                setlocale
 .text          0x0080ae94      0x194 c:/altera/13.0sp1/nios2eds/bin/gnu/h-i686-mingw32/bin/../lib/gcc/nios2-elf/4.1.2/../../../../nios2-elf/lib\libc.a(lib_a-makebuf.o)
                0x0080ae94                __smakebuf_r
 .text          0x0080b028      0x740 c:/altera/13.0sp1/nios2eds/bin/gnu/h-i686-mingw32/bin/../lib/gcc/nios2-elf/4.1.2/../../../../nios2-elf/lib\libc.a(lib_a-mallocr.o)
                0x0080b028                _malloc_r
 .text          0x0080b768       0xe4 c:/altera/13.0sp1/nios2eds/bin/gnu/h-i686-mingw32/bin/../lib/gcc/nios2-elf/4.1.2/../../../../nios2-elf/lib\libc.a(lib_a-memchr.o)
                0x0080b768                memchr
 .text          0x0080b84c      0xff4 c:/altera/13.0sp1/nios2eds/bin/gnu/h-i686-mingw32/bin/../lib/gcc/nios2-elf/4.1.2/../../../../nios2-elf/lib\libc.a(lib_a-mprec.o)
                0x0080b84c                _Bfree
                0x0080b874                __hi0bits
                0x0080b8e4                __lo0bits
                0x0080b9a8                __mcmp
                0x0080ba08                __ulp
                0x0080ba88                __b2d
                0x0080bba8                __ratio
                0x0080bc58                _mprec_log10
                0x0080bcec                __copybits
                0x0080bd44                __any_on
                0x0080bdcc                _Balloc
                0x0080be88                __d2b
                0x0080c004                __mdiff
                0x0080c190                __lshift
                0x0080c2dc                __multiply
                0x0080c4c4                __i2b
                0x0080c500                __multadd
                0x0080c600                __pow5mult
                0x0080c720                __s2b
 .text          0x0080c840      0x5f4 c:/altera/13.0sp1/nios2eds/bin/gnu/h-i686-mingw32/bin/../lib/gcc/nios2-elf/4.1.2/../../../../nios2-elf/lib\libc.a(lib_a-reallocr.o)
                0x0080c840                _realloc_r
 .text          0x0080ce34      0x1e0 c:/altera/13.0sp1/nios2eds/bin/gnu/h-i686-mingw32/bin/../lib/gcc/nios2-elf/4.1.2/../../../../nios2-elf/lib\libc.a(lib_a-refill.o)
                0x0080ce34                __srefill_r
 .text          0x0080d014       0x40 c:/altera/13.0sp1/nios2eds/bin/gnu/h-i686-mingw32/bin/../lib/gcc/nios2-elf/4.1.2/../../../../nios2-elf/lib\libc.a(lib_a-s_isinfd.o)
                0x0080d014                __isinfd
 .text          0x0080d054       0x30 c:/altera/13.0sp1/nios2eds/bin/gnu/h-i686-mingw32/bin/../lib/gcc/nios2-elf/4.1.2/../../../../nios2-elf/lib\libc.a(lib_a-s_isnand.o)
                0x0080d054                __isnand
 .text          0x0080d084       0x70 c:/altera/13.0sp1/nios2eds/bin/gnu/h-i686-mingw32/bin/../lib/gcc/nios2-elf/4.1.2/../../../../nios2-elf/lib\libc.a(lib_a-sbrkr.o)
                0x0080d084                _sbrk_r
 .text          0x0080d0f4      0x14c c:/altera/13.0sp1/nios2eds/bin/gnu/h-i686-mingw32/bin/../lib/gcc/nios2-elf/4.1.2/../../../../nios2-elf/lib\libc.a(lib_a-stdio.o)
                0x0080d0f4                __sclose
                0x0080d0fc                __sseek
                0x0080d164                __swrite
                0x0080d1e0                __sread
 .text          0x0080d240       0xbc c:/altera/13.0sp1/nios2eds/bin/gnu/h-i686-mingw32/bin/../lib/gcc/nios2-elf/4.1.2/../../../../nios2-elf/lib\libc.a(lib_a-strcmp.o)
                0x0080d240                strcmp
 .text          0x0080d2fc       0x78 c:/altera/13.0sp1/nios2eds/bin/gnu/h-i686-mingw32/bin/../lib/gcc/nios2-elf/4.1.2/../../../../nios2-elf/lib\libc.a(lib_a-writer.o)
                0x0080d2fc                _write_r
 .text          0x0080d374       0xb4 c:/altera/13.0sp1/nios2eds/bin/gnu/h-i686-mingw32/bin/../lib/gcc/nios2-elf/4.1.2/../../../../nios2-elf/lib\libc.a(lib_a-callocr.o)
                0x0080d374                _calloc_r
 .text          0x0080d428       0x70 c:/altera/13.0sp1/nios2eds/bin/gnu/h-i686-mingw32/bin/../lib/gcc/nios2-elf/4.1.2/../../../../nios2-elf/lib\libc.a(lib_a-closer.o)
                0x0080d428                _close_r
 .text          0x0080d498      0x124 c:/altera/13.0sp1/nios2eds/bin/gnu/h-i686-mingw32/bin/../lib/gcc/nios2-elf/4.1.2/../../../../nios2-elf/lib\libc.a(lib_a-fclose.o)
                0x0080d498                _fclose_r
                0x0080d5a8                fclose
 .text          0x0080d5bc       0x74 c:/altera/13.0sp1/nios2eds/bin/gnu/h-i686-mingw32/bin/../lib/gcc/nios2-elf/4.1.2/../../../../nios2-elf/lib\libc.a(lib_a-fstatr.o)
                0x0080d5bc                _fstat_r
 .text          0x0080d630        0x0 c:/altera/13.0sp1/nios2eds/bin/gnu/h-i686-mingw32/bin/../lib/gcc/nios2-elf/4.1.2/../../../../nios2-elf/lib\libc.a(lib_a-int_errno.o)
 .text          0x0080d630       0x70 c:/altera/13.0sp1/nios2eds/bin/gnu/h-i686-mingw32/bin/../lib/gcc/nios2-elf/4.1.2/../../../../nios2-elf/lib\libc.a(lib_a-isattyr.o)
                0x0080d630                _isatty_r
 .text          0x0080d6a0       0x78 c:/altera/13.0sp1/nios2eds/bin/gnu/h-i686-mingw32/bin/../lib/gcc/nios2-elf/4.1.2/../../../../nios2-elf/lib\libc.a(lib_a-lseekr.o)
                0x0080d6a0                _lseek_r
 .text          0x0080d718       0x78 c:/altera/13.0sp1/nios2eds/bin/gnu/h-i686-mingw32/bin/../lib/gcc/nios2-elf/4.1.2/../../../../nios2-elf/lib\libc.a(lib_a-readr.o)
                0x0080d718                _read_r
 .text          0x0080d790      0x5dc c:/altera/13.0sp1/nios2eds/bin/gnu/h-i686-mingw32/bin/../lib/gcc/nios2-elf/4.1.2\libgcc.a(_udivdi3.o)
                0x0080d790                __udivdi3
 .text          0x0080dd6c      0x5b0 c:/altera/13.0sp1/nios2eds/bin/gnu/h-i686-mingw32/bin/../lib/gcc/nios2-elf/4.1.2\libgcc.a(_umoddi3.o)
                0x0080dd6c                __umoddi3
 .text          0x0080e31c      0x258 c:/altera/13.0sp1/nios2eds/bin/gnu/h-i686-mingw32/bin/../lib/gcc/nios2-elf/4.1.2\libgcc.a(_div_df.o)
                0x0080e31c                __divdf3
 .text          0x0080e574       0x88 c:/altera/13.0sp1/nios2eds/bin/gnu/h-i686-mingw32/bin/../lib/gcc/nios2-elf/4.1.2\libgcc.a(_eq_df.o)
                0x0080e574                __eqdf2
 .text          0x0080e5fc       0x88 c:/altera/13.0sp1/nios2eds/bin/gnu/h-i686-mingw32/bin/../lib/gcc/nios2-elf/4.1.2\libgcc.a(_ne_df.o)
                0x0080e5fc                __nedf2
 .text          0x0080e684       0x88 c:/altera/13.0sp1/nios2eds/bin/gnu/h-i686-mingw32/bin/../lib/gcc/nios2-elf/4.1.2\libgcc.a(_gt_df.o)
                0x0080e684                __gtdf2
 .text          0x0080e70c       0x88 c:/altera/13.0sp1/nios2eds/bin/gnu/h-i686-mingw32/bin/../lib/gcc/nios2-elf/4.1.2\libgcc.a(_lt_df.o)
                0x0080e70c                __ltdf2
 .text          0x0080e794       0xf8 c:/altera/13.0sp1/nios2eds/bin/gnu/h-i686-mingw32/bin/../lib/gcc/nios2-elf/4.1.2\libgcc.a(_si_to_df.o)
                0x0080e794                __floatsidf
 .text          0x0080e88c      0x14c c:/altera/13.0sp1/nios2eds/bin/gnu/h-i686-mingw32/bin/../lib/gcc/nios2-elf/4.1.2\libgcc.a(lib2-divmod.o)
                0x0080e908                __divsi3
                0x0080e968                __modsi3
                0x0080e9c8                __udivsi3
                0x0080e9d0                __umodsi3
 .text          0x0080e9d8       0x6c ../simple_socket_bsp/\libucosii_bsp.a(alt_exit.o)
                0x0080ea18                _exit
 .text          0x0080ea44       0xd0 ../simple_socket_bsp/\libucosii_bsp.a(alt_flash_dev.o)
                0x0080ea44                alt_flash_open_dev
                0x0080eac0                alt_flash_close_dev
 .text          0x0080eb14      0x134 ../simple_socket_bsp/\libucosii_bsp.a(alt_fstat.o)
                0x0080eb14                fstat
 .text          0x0080ec48      0x1c0 ../simple_socket_bsp/\libucosii_bsp.a(alt_irq_register.o)
                0x0080ec48                alt_irq_register
 .text          0x0080ee08        0x0 ../simple_socket_bsp/\libucosii_bsp.a(alt_irq_vars.o)
 .text          0x0080ee08      0x120 ../simple_socket_bsp/\libucosii_bsp.a(alt_isatty.o)
                0x0080ee08                isatty
 .text          0x0080ef28      0x150 ../simple_socket_bsp/\libucosii_bsp.a(alt_lseek.o)
                0x0080ef28                lseek
 .text          0x0080f078       0xc8 ../simple_socket_bsp/\libucosii_bsp.a(alt_main.o)
                0x0080f078                alt_main
 .text          0x0080f140       0xbc ../simple_socket_bsp/\libucosii_bsp.a(alt_sbrk.o)
                0x0080f140                sbrk
 .text          0x0080f1fc      0x118 ../simple_socket_bsp/\libucosii_bsp.a(alt_usleep.o)
                0x0080f1fc                usleep
 .text          0x0080f314      0x108 ../simple_socket_bsp/\libucosii_bsp.a(alt_env_lock.o)
                0x0080f314                __env_lock
                0x0080f3c0                __env_unlock
 .text          0x0080f41c      0x1d8 ../simple_socket_bsp/\libucosii_bsp.a(alt_malloc_lock.o)
                0x0080f41c                __malloc_lock
                0x0080f524                __malloc_unlock
 .text          0x0080f5f4     0x2128 ../simple_socket_bsp/\libucosii_bsp.a(os_core.o)
                0x0080f5f4                OSEventNameGet
                0x0080f724                OSEventNameSet
                0x0080f868                OSEventPendMulti
                0x0080ff1c                OSInit
                0x0080ff70                OSIntEnter
                0x0080ffec                OSIntExit
                0x008100ec                OSSchedLock
                0x00810178                OSSchedUnlock
                0x0081025c                OSStart
                0x008102cc                OSStatInit
                0x00810378                OSTimeTick
                0x008105b8                OSVersion
                0x008105d8                OS_Dummy
                0x008105f4                OS_EventTaskRdy
                0x00810788                OS_EventTaskWait
                0x00810898                OS_EventTaskWaitMulti
                0x008109ec                OS_EventTaskRemove
                0x00810aa4                OS_EventTaskRemoveMulti
                0x00810ba8                OS_EventWaitListInit
                0x00810f74                OS_MemClr
                0x00810fc8                OS_MemCopy
                0x00811034                OS_Sched
                0x00811178                OS_StrCopy
                0x008111f8                OS_StrLen
                0x00811250                OS_TaskIdle
                0x008112ac                OS_TaskStat
                0x00811374                OS_TaskStatStkChk
                0x0081143c                OS_TCBInit
 .text          0x0081171c      0x18c ../simple_socket_bsp/\libucosii_bsp.a(os_dbg.o)
                0x0081171c                OSDebugInit
 .text          0x008118a8     0x193c ../simple_socket_bsp/\libucosii_bsp.a(os_flag.o)
                0x008118a8                OSFlagAccept
                0x00811bdc                OSFlagCreate
                0x00811d18                OSFlagDel
                0x00811fc0                OSFlagNameGet
                0x00812104                OSFlagNameSet
                0x00812258                OSFlagPend
                0x0081289c                OSFlagPendGetFlagsRdy
                0x00812904                OSFlagPost
                0x00812cac                OSFlagQuery
                0x00812f44                OS_FlagInit
                0x00813138                OS_FlagUnlink
 .text          0x008131e4      0x808 ../simple_socket_bsp/\libucosii_bsp.a(os_mem.o)
                0x008131e4                OSMemCreate
                0x00813400                OSMemGet
                0x00813504                OSMemNameGet
                0x00813610                OSMemNameSet
                0x00813730                OSMemPut
                0x00813820                OSMemQuery
                0x0081391c                OS_MemInit
 .text          0x008139ec     0x1334 ../simple_socket_bsp/\libucosii_bsp.a(os_q.o)
                0x008139ec                OSQAccept
                0x00813b40                OSQCreate
                0x00813d54                OSQDel
                0x00814054                OSQFlush
                0x0081411c                OSQPend
                0x0081443c                OSQPendAbort
                0x008145b8                OSQPost
                0x00814738                OSQPostFront
                0x008148c0                OSQPostOpt
                0x00814af4                OSQQuery
                0x00814c74                OS_QInit
 .text          0x00814d20      0xbc8 ../simple_socket_bsp/\libucosii_bsp.a(os_sem.o)
                0x00814d20                OSSemAccept
                0x00814de0                OSSemCreate
                0x00814ef4                OSSemDel
                0x00815194                OSSemPend
                0x00815410                OSSemPendAbort
                0x0081558c                OSSemPost
                0x008156b4                OSSemQuery
                0x008157e4                OSSemSet
 .text          0x008158e8     0x1a40 ../simple_socket_bsp/\libucosii_bsp.a(os_task.o)
                0x008158e8                OSTaskChangePrio
                0x00815e5c                OSTaskCreate
                0x00816030                OSTaskCreateExt
                0x00816230                OSTaskDel
                0x0081663c                OSTaskDelReq
                0x008167ac                OSTaskNameGet
                0x00816964                OSTaskNameSet
                0x00816b28                OSTaskResume
                0x00816d40                OSTaskStkChk
                0x00816f3c                OSTaskSuspend
                0x00817168                OSTaskQuery
                0x008172ac                OS_TaskStkClr
 .text          0x00817328      0x670 ../simple_socket_bsp/\libucosii_bsp.a(os_time.o)
                0x00817328                OSTimeDly
                0x00817474                OSTimeDlyHMSM
                0x008176c0                OSTimeDlyResume
                0x008178d0                OSTimeGet
                0x00817934                OSTimeSet
 .text          0x00817998      0x118 ../simple_socket_bsp/\libucosii_bsp.a(alt_sys_init.o)
                0x00817998                alt_irq_init
                0x008179cc                alt_sys_init
 .text          0x00817ab0      0x8c8 ../simple_socket_bsp/\libucosii_bsp.a(altera_avalon_cfi_flash.o)
                0x00817ab0                alt_flash_cfi_init
                0x00817b84                alt_flash_cfi_write
                0x00817e44                alt_flash_cfi_get_info
                0x00817ed4                alt_flash_cfi_read
                0x00817f3c                alt_write_value_to_flash
                0x008180a0                alt_flash_program_block
 .text          0x00818378     0x14a8 ../simple_socket_bsp/\libucosii_bsp.a(altera_avalon_cfi_flash_table.o)
                0x00818378                alt_read_query_entry_8bit
                0x008183b8                alt_read_query_entry_16bit
                0x008183fc                alt_read_query_entry_32bit
                0x00818444                alt_write_flash_command_8bit_device_8bit_mode
                0x00818480                alt_write_flash_command_16bit_device_8bit_mode
                0x008184fc                alt_write_flash_command_32bit_device_8bit_mode
                0x00818544                alt_write_flash_command_16bit_device_16bit_mode
                0x00818588                alt_write_flash_command_32bit_device_16bit_mode
                0x008185d0                alt_write_flash_command_32bit_device_32bit_mode
                0x00818618                alt_write_native_8bit
                0x0081864c                alt_write_native_16bit
                0x00818680                alt_write_native_32bit
                0x008186b0                alt_set_flash_width_func
                0x00818890                alt_set_flash_algorithm_func
                0x008189b8                alt_read_cfi_table
                0x00818f98                alt_read_cfi_width
                0x00819744                alt_check_primary_table
 .text          0x00819820      0x9e4 ../simple_socket_bsp/\libucosii_bsp.a(altera_avalon_epcs_flash_controller.o)
                0x00819820                alt_epcs_flash_init
                0x00819c3c                alt_epcs_flash_write
                0x00819ebc                alt_epcs_flash_get_info
                0x00819f4c                alt_epcs_flash_erase_block
                0x0081a050                alt_epcs_flash_write_block
                0x0081a16c                alt_epcs_flash_read
 .text          0x0081a204      0x148 ../simple_socket_bsp/\libucosii_bsp.a(altera_avalon_jtag_uart_fd.o)
                0x0081a204                altera_avalon_jtag_uart_read_fd
                0x0081a25c                altera_avalon_jtag_uart_write_fd
                0x0081a2b4                altera_avalon_jtag_uart_close_fd
                0x0081a2fc                altera_avalon_jtag_uart_ioctl_fd
 .text          0x0081a34c      0x584 ../simple_socket_bsp/\libucosii_bsp.a(altera_avalon_jtag_uart_init.o)
                0x0081a34c                altera_avalon_jtag_uart_init
                0x0081a85c                altera_avalon_jtag_uart_close
 .text          0x0081a8d0       0xf4 ../simple_socket_bsp/\libucosii_bsp.a(altera_avalon_jtag_uart_ioctl.o)
                0x0081a8d0                altera_avalon_jtag_uart_ioctl
 .text          0x0081a9c4      0x2c0 ../simple_socket_bsp/\libucosii_bsp.a(altera_avalon_jtag_uart_read.o)
                0x0081a9c4                altera_avalon_jtag_uart_read
 .text          0x0081ac84      0x2dc ../simple_socket_bsp/\libucosii_bsp.a(altera_avalon_jtag_uart_write.o)
                0x0081ac84                altera_avalon_jtag_uart_write
 .text          0x0081af60      0xf3c ../simple_socket_bsp/\libucosii_bsp.a(altera_avalon_lcd_16207.o)
                0x0081b734                altera_avalon_lcd_16207_write
                0x0081bd38                altera_avalon_lcd_16207_init
 .text          0x0081be9c       0x58 ../simple_socket_bsp/\libucosii_bsp.a(altera_avalon_lcd_16207_fd.o)
                0x0081be9c                altera_avalon_lcd_16207_write_fd
 .text          0x0081bef4      0x100 ../simple_socket_bsp/\libucosii_bsp.a(altera_avalon_timer_sc.o)
                0x0081bf64                alt_avalon_timer_sc_init
 .text          0x0081bff4       0xf8 ../simple_socket_bsp/\libucosii_bsp.a(altera_avalon_uart_fd.o)
                0x0081bff4                altera_avalon_uart_read_fd
                0x0081c04c                altera_avalon_uart_write_fd
                0x0081c0a4                altera_avalon_uart_close_fd
 .text          0x0081c0ec      0x57c ../simple_socket_bsp/\libucosii_bsp.a(altera_avalon_uart_init.o)
                0x0081c0ec                altera_avalon_uart_init
                0x0081c608                altera_avalon_uart_close
 .text          0x0081c668      0x310 ../simple_socket_bsp/\libucosii_bsp.a(altera_avalon_uart_read.o)
                0x0081c668                altera_avalon_uart_read
 .text          0x0081c978      0x2a8 ../simple_socket_bsp/\libucosii_bsp.a(altera_avalon_uart_write.o)
                0x0081c978                altera_avalon_uart_write
 .text          0x0081cc20      0x6d4 ../simple_socket_bsp/\libucosii_bsp.a(epcs_commands.o)
                0x0081cc20                epcs_read_status_register
                0x0081cc80                epcs_sector_erase
                0x0081cde8                epcs_read_buffer
                0x0081cf34                epcs_write_enable
                0x0081cf84                epcs_write_status_register
                0x0081cfe8                epcs_write_buffer
                0x0081d158                epcs_read_electronic_signature
                0x0081d1c4                epcs_read_device_id
                0x0081d244                epcs_enter_4_bytes_mode
                0x0081d29c                epcs_exit_4_bytes_mode
 .text          0x0081d2f4       0x54 ../simple_socket_bsp/\libucosii_bsp.a(alt_iniche_close.o)
                0x0081d2f4                close
 .text          0x0081d348      0x144 ../simple_socket_bsp/\libucosii_bsp.a(alt_iniche_dev.o)
                0x0081d348                iniche_devices_init
 .text          0x0081d48c       0x78 ../simple_socket_bsp/\libucosii_bsp.a(alt_iniche_read.o)
                0x0081d48c                read
 .text          0x0081d504       0x70 ../simple_socket_bsp/\libucosii_bsp.a(alt_iniche_write.o)
                0x0081d504                write
 .text          0x0081d574      0xedc ../simple_socket_bsp/\libucosii_bsp.a(ipnet.o)
                0x0081d574                Netinit
                0x0081dbc0                fixup_subnet_mask
                0x0081dd20                netclose
                0x0081de08                pktdemux
                0x0081e1dc                c_older
                0x0081e2ac                ip2mac
 .text          0x0081e450      0x4b0 ../simple_socket_bsp/\libucosii_bsp.a(ipstart.o)
                0x0081e450                ip_startup
                0x0081e734                exit_hook
                0x0081e7a0                ip_exit
                0x0081e870                if_netnumber
 .text          0x0081e900     0x10e8 ../simple_socket_bsp/\libucosii_bsp.a(igmp_cmn.o)
                0x0081e900                igmp_init
                0x0081e9f0                igmp_input
                0x0081eae8                igmp_fasttimo
                0x0081ed1c                igmp_send
                0x0081efc4                igmp_joingroup
                0x0081f230                igmp_leavegroup
                0x0081f2ac                igmp_validate
                0x0081f608                igmp_print_stats
 .text          0x0081f9e8      0xbc8 ../simple_socket_bsp/\libucosii_bsp.a(bsdsock.o)
                0x0081f9e8                bsd_accept
                0x0081fb20                bsd_getpeername
                0x0081fc4c                bsd_getsockname
                0x0081fd78                bsd_i_sockoptlen
                0x0081ff30                bsd_getsockopt
                0x00820050                bsd_ioctl
                0x00820154                bsd_inet_ntoa
                0x00820184                bsd_recvfrom
                0x008202e4                bsd_select
                0x008204c4                bsd_setsockopt
 .text          0x008205b0      0x118 ../simple_socket_bsp/\libucosii_bsp.a(cksum.o)
                0x008205b0                ccksum
                0x00820660                cksum
 .text          0x008206c8      0xa9c ../simple_socket_bsp/\libucosii_bsp.a(in_utils.o)
                0x008206c8                do_trap
                0x008206f4                nextarg
                0x00820770                hexdump
                0x008208b8                print_ipad
                0x0082092c                print_uptime
                0x00820a58                panic
                0x00820a9c                print_eth
                0x00820c00                uslash
                0x00820c80                ns_printf
                0x00820e04                std_out
                0x00820e48                con_page
                0x00820f38                parse_args
 .text          0x00821164      0x1c8 ../simple_socket_bsp/\libucosii_bsp.a(netmain.o)
                0x00821164                netmain
                0x00821258                tk_netmain
                0x008212e0                tk_nettick
 .text          0x0082132c      0x810 ../simple_socket_bsp/\libucosii_bsp.a(parseip.o)
                0x0082132c                parse_ipad
                0x00821648                inet_addr
                0x008216b0                hextoa
                0x00821720                inet_pton
                0x008217cc                inet_ntop
                0x00821858                print46_addr
                0x008218b8                inet46_addr
                0x0082197c                inet_setport
                0x008219f0                convert_ip
 .text          0x00821b3c      0x5e8 ../simple_socket_bsp/\libucosii_bsp.a(tk_crnos.o)
                0x00821b3c                TK_OSTimeDly
                0x00821b68                TK_OSTaskResume
                0x00821bd8                tcp_sleep
                0x00821d78                tcp_wakeup
                0x00821e7c                TK_OSTaskQuery
                0x00821ef0                tk_yield
                0x00821f1c                tk_stats
 .text          0x00822124     0x3294 ../simple_socket_bsp/\libucosii_bsp.a(dhcpclnt.o)
                0x00822124                dhc_get_srv_ipaddr
                0x008221b4                dhc_init
                0x00822270                dhc_set_callback
                0x008222b4                dhc_upcall
                0x00822ae4                dhc_buildheader
                0x00822d00                dhc_discover
                0x00823218                dhc_rx_offer
                0x0082331c                dhc_request
                0x00823e58                dhc_setip
                0x008240d8                dhc_resetip
                0x008241bc                dhc_decline
                0x008243a0                dhc_extract_opts
                0x0082465c                dhc_second
                0x00824f4c                dhc_halt
                0x00824fd4                dhc_reclaim
                0x008251a4                dhc_state_init
                0x00825204                dhc_alldone
                0x00825294                dhc_ifacedone
                0x00825308                dhc_set_state
 .text          0x008253b8       0xcc ../simple_socket_bsp/\libucosii_bsp.a(dhcputil.o)
                0x008253b8                find_opt
 .text          0x00825484      0x79c ../simple_socket_bsp/\libucosii_bsp.a(pktalloc.o)
                0x00825484                pk_init
                0x00825714                pk_alloc
                0x008257f0                pk_validate
                0x00825aa8                pk_free
                0x00825b54                pk_get_max_intrsafe_buf_len
                0x00825b74                dump_buf_estats
 .text          0x00825c20      0x288 ../simple_socket_bsp/\libucosii_bsp.a(q.o)
                0x00825c20                getq
                0x00825ce8                putq
                0x00825d98                qdel
 .text          0x00825ea8      0x31c ../simple_socket_bsp/\libucosii_bsp.a(udp_open.o)
                0x00825ea8                udp_open
                0x008260e0                udp_close
 .text          0x008261c4      0x194 ../simple_socket_bsp/\libucosii_bsp.a(asm_cksum.o)
                0x008261c4                asm_cksum
 .text          0x00826358      0x2e4 ../simple_socket_bsp/\libucosii_bsp.a(brdutils.o)
                0x00826358                dtrap
                0x00826388                kbhit
                0x00826434                getch
                0x00826494                clock_init
                0x008264d0                clock_c
                0x008264ec                cticks_hook
                0x0082659c                irq_Mask
                0x008265f8                irq_Unmask
 .text          0x0082663c      0x488 ../simple_socket_bsp/\libucosii_bsp.a(osportco.o)
                0x0082663c                LOCK_NET_RESOURCE
                0x008266fc                UNLOCK_NET_RESOURCE
                0x00826784                TK_NEWTASK
                0x00826998                wait_app_sem
                0x00826a4c                post_app_sem
 .text          0x00826ac4      0x568 ../simple_socket_bsp/\libucosii_bsp.a(targnios.o)
                0x00826ac4                alt_iniche_init
                0x00826ce0                pre_task_setup
                0x00826d54                post_task_setup
                0x00826d74                prep_armintcp
                0x00826dac                calloc2
                0x00826de0                npalloc
                0x00826ed4                npfree
                0x00826f8c                ncpalloc
                0x00826fe0                ncpfree
 .text          0x0082702c     0x19b8 ../simple_socket_bsp/\libucosii_bsp.a(nptcp.o)
                0x0082702c                pffindtype
                0x008270cc                pffindproto
                0x0082719c                m_getnbuf
                0x00827344                m_free
                0x00827478                m_freem
                0x008274bc                m_copy
                0x008277e0                m_adj
                0x008279b0                mbuf_len
                0x00827a08                dtom
                0x00827ab0                remque
                0x00827b20                insque
                0x00827b9c                nptcp_init
                0x00827cc0                tcp_rcv
                0x00827eac                ip_output
                0x008284a4                in_broadcast
                0x008284e4                np_stripoptions
                0x008285cc                so_icmpdu
                0x00828924                tcp_tick
 .text          0x008289e4      0xa2c ../simple_socket_bsp/\libucosii_bsp.a(rawsock.o)
                0x008289e4                rawip_lookup
                0x00828a54                rawip_soinput
                0x00828c28                rawip_usrreq
 .text          0x00829410     0x17fc ../simple_socket_bsp/\libucosii_bsp.a(sockcall.o)
                0x00829410                DOMAIN_CHECK
                0x0082945c                t_socket
                0x008294ec                t_bind
                0x00829668                t_listen
                0x0082974c                t_accept
                0x008299e4                t_connect
                0x00829c8c                t_getpeername
                0x00829cd0                t_getsockname
                0x00829f10                t_setsockopt
                0x0082a0ec                t_getsockopt
                0x0082a290                t_recv
                0x0082a380                t_recvfrom
                0x0082a4d0                t_sendto
                0x0082a6fc                t_send
                0x0082a924                t_shutdown
                0x0082aa08                t_socketclose
                0x0082ab70                t_errno
 .text          0x0082ac0c     0x23ec ../simple_socket_bsp/\libucosii_bsp.a(socket.o)
                0x0082ac0c                socreate
                0x0082add8                sobind
                0x0082ae34                solisten
                0x0082af24                sofree
                0x0082b054                soclose
                0x0082b3c0                soabort
                0x0082b410                soaccept
                0x0082b4ac                soconnect
                0x0082b580                sodisconnect
                0x0082b620                sosend
                0x0082bc28                soreceive
                0x0082c40c                soshutdown
                0x0082c4b4                sorflush
                0x0082c5b4                sosetopt
                0x0082ca74                sogetopt
                0x0082cfb4                sohasoutofband
 .text          0x0082cff8     0x1318 ../simple_socket_bsp/\libucosii_bsp.a(socket2.o)
                0x0082cff8                soisconnecting
                0x0082d064                soisconnected
                0x0082d160                soisdisconnecting
                0x0082d1ec                soisdisconnected
                0x0082d2a8                sonewconn
                0x0082d4c4                soqinsque
                0x0082d570                soqremque
                0x0082d690                socantsendmore
                0x0082d6e0                socantrcvmore
                0x0082d730                sbselqueue
                0x0082d768                sbwait
                0x0082d7d0                sbwakeup
                0x0082d86c                soreserve
                0x0082d8ec                sbreserve
                0x0082d94c                sbrelease
                0x0082d994                sbappend
                0x0082da3c                sbappendrecord
                0x0082db1c                sbappendaddr
                0x0082dd24                sbcompress
                0x0082df0c                sbflush
                0x0082df9c                sbdrop
                0x0082e16c                sbdropend
                0x0082e27c                sbdroprecord
 .text          0x0082e310      0x914 ../simple_socket_bsp/\libucosii_bsp.a(soselect.o)
                0x0082e310                t_select
                0x0082e530                sock_selscan
                0x0082e688                sock_select
                0x0082e89c                in_pcbnotify
                0x0082e968                tcp_notify
                0x0082e9d0                ifd_clr
                0x0082eac0                ifd_set
                0x0082eb34                ifd_isset
                0x0082ebb4                ifd_get
 .text          0x0082ec24     0x3020 ../simple_socket_bsp/\libucosii_bsp.a(tcp_in.o)
                0x0082ec24                tcp_reass
                0x0082f02c                tcp_input
                0x00831580                tcp_dooptions
                0x00831710                tcp_pulloutofband
                0x0083183c                tcp_xmit_timer
                0x00831ae0                ip4_tcpmss
                0x00831b28                tcp_mss
 .text          0x00831c44     0x1360 ../simple_socket_bsp/\libucosii_bsp.a(tcp_out.o)
                0x00831c44                tcp_output
                0x00832dc0                tcp_setpersist
 .text          0x00832fa4      0x9e8 ../simple_socket_bsp/\libucosii_bsp.a(tcp_subr.o)
                0x00832fa4                tcp_init
                0x00832ffc                tcp_template
                0x00833114                tcp_respond
                0x0083359c                tcp_newtcpcb
                0x008336b4                tcp_drop
                0x00833760                tcp_close
                0x00833848                tcp_quench
                0x00833894                tcp_putseq
                0x00833914                tcp_getseq
 .text          0x0083398c      0x798 ../simple_socket_bsp/\libucosii_bsp.a(tcp_timr.o)
                0x0083398c                tcp_slowtimo
                0x00833c2c                tcp_canceltimers
                0x00833c88                tcp_timers
 .text          0x00834124      0x9ec ../simple_socket_bsp/\libucosii_bsp.a(tcp_usr.o)
                0x00834124                tcp_usrreq
                0x00834828                tcp_attach
                0x0083495c                tcp_disconnect
                0x00834a30                tcp_usrclosed
 .text          0x00834b10       0x4c ../simple_socket_bsp/\libucosii_bsp.a(tcpport.o)
                0x00834b10                tcpinit
 .text          0x00834b5c      0xd20 ../simple_socket_bsp/\libucosii_bsp.a(udpsock.o)
                0x00834b5c                udp_lookup
                0x00834bcc                udp_soinput
                0x00834d84                udp_usrreq
                0x00835008                udp4_sockbind
                0x00835344                udp4_socksend
                0x00835720                udp4_sockaddr
 .text          0x0083587c      0x154 ../simple_socket_bsp/\libucosii_bsp.a(alt_alarm_start.o)
                0x0083587c                alt_alarm_start
 .text          0x008359d0      0x14c ../simple_socket_bsp/\libucosii_bsp.a(alt_busy_sleep.o)
                0x008359d0                alt_busy_sleep
 .text          0x00835b1c      0x15c ../simple_socket_bsp/\libucosii_bsp.a(alt_close.o)
                0x00835b1c                alt_close
 .text          0x00835c78       0x78 ../simple_socket_bsp/\libucosii_bsp.a(alt_dcache_flush.o)
                0x00835c78                alt_dcache_flush
 .text          0x00835cf0       0x2c ../simple_socket_bsp/\libucosii_bsp.a(alt_dev.o)
 .text          0x00835d1c      0x114 ../simple_socket_bsp/\libucosii_bsp.a(alt_dev_llist_insert.o)
                0x00835d1c                alt_dev_llist_insert
 .text          0x00835e30       0x64 ../simple_socket_bsp/\libucosii_bsp.a(alt_do_ctors.o)
                0x00835e30                _do_ctors
 .text          0x00835e94       0x64 ../simple_socket_bsp/\libucosii_bsp.a(alt_do_dtors.o)
                0x00835e94                _do_dtors
 .text          0x00835ef8        0x0 ../simple_socket_bsp/\libucosii_bsp.a(alt_errno.o)
 .text          0x00835ef8       0x94 ../simple_socket_bsp/\libucosii_bsp.a(alt_find_dev.o)
                0x00835ef8                alt_find_dev
 .text          0x00835f8c      0x1d4 ../simple_socket_bsp/\libucosii_bsp.a(alt_iic.o)
                0x00835f8c                alt_ic_isr_register
                0x00835fdc                alt_ic_irq_enable
                0x00836078                alt_ic_irq_disable
                0x00836118                alt_ic_irq_enabled
 .text          0x00836160       0xf8 ../simple_socket_bsp/\libucosii_bsp.a(alt_iic_isr_register.o)
                0x00836160                alt_iic_isr_register
 .text          0x00836258      0x13c ../simple_socket_bsp/\libucosii_bsp.a(alt_io_redirect.o)
                0x0083631c                alt_io_redirect
 .text          0x00836394        0x0 ../simple_socket_bsp/\libucosii_bsp.a(alt_irq_entry.o)
 .text          0x00836394        0x0 ../simple_socket_bsp/\libucosii_bsp.a(alt_irq_handler.o)
 .text          0x00836394      0x2c4 ../simple_socket_bsp/\libucosii_bsp.a(alt_open.o)
                0x00836470                open
 .text          0x00836658      0x180 ../simple_socket_bsp/\libucosii_bsp.a(alt_read.o)
                0x00836658                alt_read
 .text          0x008367d8       0x60 ../simple_socket_bsp/\libucosii_bsp.a(alt_release_fd.o)
                0x008367d8                alt_release_fd
 .text          0x00836838       0x38 ../simple_socket_bsp/\libucosii_bsp.a(alt_remap_cached.o)
                0x00836838                alt_remap_cached
 .text          0x00836870       0x40 ../simple_socket_bsp/\libucosii_bsp.a(alt_remap_uncached.o)
                0x00836870                alt_remap_uncached
 .text          0x008368b0      0x1a8 ../simple_socket_bsp/\libucosii_bsp.a(alt_tick.o)
                0x008368b0                alt_alarm_stop
                0x00836948                alt_tick
 .text          0x00836a58      0x180 ../simple_socket_bsp/\libucosii_bsp.a(alt_write.o)
                0x00836a58                alt_write
 .text          0x00836bd8       0x20 ../simple_socket_bsp/\libucosii_bsp.a(altera_nios2_qsys_irq.o)
                0x00836bd8                altera_nios2_qsys_irq_init
 .text          0x00836bf8       0xd0 ../simple_socket_bsp/\libucosii_bsp.a(os_cpu_a.o)
                0x00836bf8                OSCtxSw
                0x00836bf8                OSIntCtxSw
                0x00836c84                OSStartHighRdy
                0x00836ca4                OSStartTsk
 .text          0x00836cc8      0x424 ../simple_socket_bsp/\libucosii_bsp.a(os_cpu_c.o)
                0x00836cc8                OSTaskStkInit
                0x00836fd8                OSTaskCreateHook
                0x00836ff8                OSTaskDelHook
                0x00837018                OSTaskSwHook
                0x00837034                OSTaskStatHook
                0x00837050                OSTimeTickHook
                0x00837078                OSInitHookBegin
                0x00837094                OSInitHookEnd
                0x008370b0                OSTaskIdleHook
                0x008370cc                OSTCBInitHook
 .text          0x008370ec      0x460 ../simple_socket_bsp/\libucosii_bsp.a(altera_avalon_cfi_flash_amd.o)
                0x008370ec                alt_program_amd
                0x00837154                alt_erase_block_amd
 .text          0x0083754c      0x460 ../simple_socket_bsp/\libucosii_bsp.a(altera_avalon_cfi_flash_intel.o)
                0x0083754c                alt_program_intel
                0x008375d0                alt_erase_block_intel
 .text          0x008379ac      0x238 ../simple_socket_bsp/\libucosii_bsp.a(altera_avalon_spi.o)
                0x008379ac                alt_avalon_spi_command
 .text          0x00837be4      0x444 ../simple_socket_bsp/\libucosii_bsp.a(allports.o)
                0x00837be4                netmain_init
                0x00837ce0                icmp_port_du
                0x00837d68                station_state
                0x00837ecc                sysuptime
                0x00837f60                packet_check
                0x00837fac                mcastlist
                0x00837fd0                prep_modules
 .text          0x00838028      0x580 ../simple_socket_bsp/\libucosii_bsp.a(timeouts.o)
                0x00838028                inet_timer
                0x00838328                in_timerset
                0x00838500                in_timerkill
 .text          0x008385a8       0xa4 ../simple_socket_bsp/\libucosii_bsp.a(tk_misc.o)
                0x008385a8                create_apptasks
                0x008385cc                task_stats
 .text          0x0083864c       0xb0 ../simple_socket_bsp/\libucosii_bsp.a(alt_iniche_fcntl.o)
                0x0083864c                fcntl
 .text          0x008386fc     0x15b0 ../simple_socket_bsp/\libucosii_bsp.a(et_arp.o)
                0x008386fc                etainit
                0x00838750                et_send
                0x008388cc                arp_free_pending
                0x00838954                arp_send_pending
                0x008389c8                send_arp
                0x00838e60                find_oldest_arp
                0x0083905c                make_arp_entry
                0x00839170                arpReply
                0x00839404                arprcv
                0x00839664                send_via_arp
                0x00839834                cb_arpent_tmo
                0x008399e0                grat_arp
 .text          0x00839cac      0x298 ../simple_socket_bsp/\libucosii_bsp.a(iface.o)
                0x00839cac                if_getbynum
                0x00839d30                isbcast
                0x00839e10                reg_type
                0x00839eac                if_killsocks
 .text          0x00839f44     0x22a4 ../simple_socket_bsp/\libucosii_bsp.a(ip.o)
                0x00839f44                ip_init
                0x0083a040                ip_bldhead
                0x0083a1e4                ip_write_internal
                0x0083a964                ip_write
                0x0083abac                ip_write2
                0x0083af5c                ip_raw_write
                0x0083b034                ip_fragment_lc
                0x0083b4bc                ip_fragment
                0x0083bae0                ip_mymach
                0x0083bb8c                ip_dump
                0x0083be44                iproute
                0x0083c0b0                ip_copypkt
 .text          0x0083c1e8     0x1e08 ../simple_socket_bsp/\libucosii_bsp.a(ip_reasm.o)
                0x0083c1e8                ip_reasm_match_frag_with_ire
                0x0083c2b8                ip_reasm_determine_type_of_frag
                0x0083c3a4                ip_reasm_check_mem_useage
                0x0083c43c                ip_reasm_incr_mem_useage
                0x0083c4e4                ip_reasm_decr_mem_useage
                0x0083c584                ip_reasm_process_first_fragment
                0x0083c864                ip_reassm
                0x0083c904                ip_reasm_compute_overlap
                0x0083ce94                ip_reasm_process_subsequent_fragments
                0x0083d428                ip_reasm_find_ire
                0x0083d48c                ip_reasm_copy_queued_fragments_into_reassy_buffer
                0x0083d7e8                ip_reasm_process_timer_tick
                0x0083d908                ip_reasm_delete_ire
                0x0083dad0                ip_reasm_mark_compact_rfq
                0x0083dc18                ipr_stats
                0x0083df9c                ip_reasm_send_icmp_timex
 .text          0x0083dff0      0xe3c ../simple_socket_bsp/\libucosii_bsp.a(ipdemux.o)
                0x0083dff0                ip_rcv
                0x0083e3f0                ip_rcv_phase2
                0x0083e9fc                ip_demux
 .text          0x0083ee2c      0x2f0 ../simple_socket_bsp/\libucosii_bsp.a(ipmc.o)
                0x0083ee2c                in_addmulti
                0x0083ef94                in_delmulti
                0x0083f0ac                lookup_mcast
 .text          0x0083f11c       0xe4 ../simple_socket_bsp/\libucosii_bsp.a(ipport.o)
                0x0083f11c                prep_ifaces
                0x0083f1b0                netexit
                0x0083f1d8                evtmap_setup
 .text          0x0083f200      0x550 ../simple_socket_bsp/\libucosii_bsp.a(ipraw.o)
                0x0083f200                ip_raw_open
                0x0083f2f0                ip_raw_close
                0x0083f3b0                ip_raw_input
                0x0083f5e8                ip_raw_alloc
                0x0083f6b4                ip_raw_free
                0x0083f6f4                ip_raw_maxalloc
 .text          0x0083f750      0x6f0 ../simple_socket_bsp/\libucosii_bsp.a(iproute.o)
                0x0083f750                rt_lookup
                0x0083f8d4                add_route
                0x0083fcfc                del_route
 .text          0x0083fe40      0xe3c ../simple_socket_bsp/\libucosii_bsp.a(udp.o)
                0x0083fe40                udpdemux
                0x00840698                udp_send
                0x00840950                udpswap
                0x00840a80                udp_socket
                0x00840b50                udp_alloc
                0x00840c10                udp_maxalloc
                0x00840c3c                udp_free
 .text          0x00840c7c      0x2e8 ../simple_socket_bsp/\libucosii_bsp.a(igmp.o)
                0x00840c7c                igmpv1_input
 .text          0x00840f64      0x7c0 ../simple_socket_bsp/\libucosii_bsp.a(igmp2.o)
                0x00840f64                igmpv2_input
                0x008410c4                igmpv2_process_report
                0x00841210                igmpv2_process_query
                0x0084145c                igmpv2_chk_set_timer
                0x008415b4                igmpv2_chk4_rtr_alert_opt
 .text          0x00841724      0x8fc ../simple_socket_bsp/\libucosii_bsp.a(ipopt.o)
                0x00841724                IPADDR_TO_NETP
                0x0084186c                ip_setmoptions
                0x00841e5c                ip_getmoptions
                0x00841f9c                ip_freemoptions
 .text          0x00842020      0x6e8 ../simple_socket_bsp/\libucosii_bsp.a(u_mctest.o)
                0x00842020                u_mctest_init
                0x00842050                u_mctest_run
 .text          0x00842708      0x3d0 ../simple_socket_bsp/\libucosii_bsp.a(dhcsetup.o)
                0x00842708                dhc_setup
                0x008429d4                dhc_main_ipset
 .text          0x00842ad8      0x40c ../simple_socket_bsp/\libucosii_bsp.a(memdev.o)
                0x00842ad8                init_memdev
                0x00842b50                md_fopen
                0x00842b78                md_fclose
                0x00842b98                md_fread
                0x00842d18                md_fwrite
                0x00842d98                md_fseek
                0x00842dc4                md_ftell
                0x00842de8                md_fgetc
                0x00842ec0                md_unlink
 .text          0x00842ee4      0x1cc ../simple_socket_bsp/\libucosii_bsp.a(tcpcksum.o)
                0x00842ee4                tcp_cksum
 .text          0x008430b0      0x900 ../simple_socket_bsp/\libucosii_bsp.a(in_pcb.o)
                0x008430b0                in_pcballoc
                0x00843144                in_pcbdetach
                0x00843198                in_pcbbind
                0x008433ec                in_pcbconnect
                0x008435fc                in_pcbdisconnect
                0x0084365c                in_setsockaddr
                0x008436d8                in_setpeeraddr
                0x00843754                in_pcblookup
 .text          0x008439b0     0x1a74 ../simple_socket_bsp/\libucosii_bsp.a(vfsfiles.o)
                0x008439b0                set_vfopen_error
                0x008439d8                get_vfopen_error
                0x008439f8                vf_alloc_and_link_vop
                0x00843a74                vf_alloc_buffer
                0x00843b4c                vf_free_buffer
                0x00843b9c                vfopen_locked
                0x00843f04                vfopen
                0x00843f54                vfclose_locked
                0x008440fc                vfclose
                0x0084413c                vfflush
                0x00844184                vfgets
                0x00844268                vfeof
                0x008442c0                vunlink_flag_open_files
                0x0084431c                vunlink
                0x0084453c                vfread
                0x008446e8                vfwrite_locked
                0x00844ad0                vfwrite
                0x00844b30                vfseek
                0x00844cac                vftell
                0x00844de0                vgetc_locked
                0x00844f00                vgetc
                0x00844f48                vfslookup_locked
                0x00845080                vfslookup
                0x008450c8                strippath
                0x008452b0                isvfile_locked
                0x00845314                isvfile
                0x0084535c                vferror
                0x008453c8                vclearerr
 .text          0x00845424       0x24 ../simple_socket_bsp/\libucosii_bsp.a(vfsport.o)
                0x00845424                prep_vfs
 .text          0x00845448        0x0 ../simple_socket_bsp/\libucosii_bsp.a(alt_exception_entry.o)
 .text          0x00845448      0x1b4 ../simple_socket_bsp/\libucosii_bsp.a(alt_fcntl.o)
                0x00845448                alt_fcntl
 .text          0x008455fc      0x120 ../simple_socket_bsp/\libucosii_bsp.a(alt_find_file.o)
                0x008455fc                alt_find_file
 .text          0x0084571c       0xf4 ../simple_socket_bsp/\libucosii_bsp.a(alt_get_fd.o)
                0x0084571c                alt_get_fd
 .text          0x00845810     0x130c ../simple_socket_bsp/\libucosii_bsp.a(icmp.o)
                0x00845810                icmprcv
                0x00846444                icmp_destun
                0x00846794                icmp_timex
                0x00846ac8                icmp_du
 .text          0x00846b1c       0x14 c:/altera/13.0sp1/nios2eds/bin/gnu/h-i686-mingw32/bin/../lib/gcc/nios2-elf/4.1.2/../../../../nios2-elf/lib\libc.a(lib_a-atexit.o)
                0x00846b1c                atexit
 .text          0x00846b30       0x18 c:/altera/13.0sp1/nios2eds/bin/gnu/h-i686-mingw32/bin/../lib/gcc/nios2-elf/4.1.2/../../../../nios2-elf/lib\libc.a(lib_a-atoi.o)
                0x00846b30                _atoi_r
                0x00846b3c                atoi
 .text          0x00846b48       0x1c c:/altera/13.0sp1/nios2eds/bin/gnu/h-i686-mingw32/bin/../lib/gcc/nios2-elf/4.1.2/../../../../nios2-elf/lib\libc.a(lib_a-calloc.o)
                0x00846b48                calloc
 .text          0x00846b64       0x28 c:/altera/13.0sp1/nios2eds/bin/gnu/h-i686-mingw32/bin/../lib/gcc/nios2-elf/4.1.2/../../../../nios2-elf/lib\libc.a(lib_a-malloc.o)
                0x00846b64                free
                0x00846b78                malloc
 .text          0x00846b8c       0x74 c:/altera/13.0sp1/nios2eds/bin/gnu/h-i686-mingw32/bin/../lib/gcc/nios2-elf/4.1.2/../../../../nios2-elf/lib\libc.a(lib_a-memcmp.o)
                0x00846b8c                memcmp
 .text          0x00846c00       0xd4 c:/altera/13.0sp1/nios2eds/bin/gnu/h-i686-mingw32/bin/../lib/gcc/nios2-elf/4.1.2/../../../../nios2-elf/lib\libc.a(lib_a-sprintf.o)
                0x00846c00                sprintf
                0x00846c74                _sprintf_r
 .text          0x00846cd4       0x8c c:/altera/13.0sp1/nios2eds/bin/gnu/h-i686-mingw32/bin/../lib/gcc/nios2-elf/4.1.2/../../../../nios2-elf/lib\libc.a(lib_a-strcpy.o)
                0x00846cd4                strcpy
 .text          0x00846d60       0xf0 c:/altera/13.0sp1/nios2eds/bin/gnu/h-i686-mingw32/bin/../lib/gcc/nios2-elf/4.1.2/../../../../nios2-elf/lib\libc.a(lib_a-strncmp.o)
                0x00846d60                strncmp
 .text          0x00846e50       0xbc c:/altera/13.0sp1/nios2eds/bin/gnu/h-i686-mingw32/bin/../lib/gcc/nios2-elf/4.1.2/../../../../nios2-elf/lib\libc.a(lib_a-strncpy.o)
                0x00846e50                strncpy
 .text          0x00846f0c      0x268 c:/altera/13.0sp1/nios2eds/bin/gnu/h-i686-mingw32/bin/../lib/gcc/nios2-elf/4.1.2/../../../../nios2-elf/lib\libc.a(lib_a-strtol.o)
                0x00846f0c                _strtol_r
                0x00847150                strtol
 .text          0x00847174       0x34 c:/altera/13.0sp1/nios2eds/bin/gnu/h-i686-mingw32/bin/../lib/gcc/nios2-elf/4.1.2/../../../../nios2-elf/lib\libc.a(lib_a-vprintf.o)
                0x00847174                _vprintf_r
                0x00847188                vprintf
 .text          0x008471a8       0x74 c:/altera/13.0sp1/nios2eds/bin/gnu/h-i686-mingw32/bin/../lib/gcc/nios2-elf/4.1.2/../../../../nios2-elf/lib\libc.a(lib_a-vsprintf.o)
                0x008471a8                _vsprintf_r
                0x008471f8                vsprintf
 .text          0x0084721c      0x134 c:/altera/13.0sp1/nios2eds/bin/gnu/h-i686-mingw32/bin/../lib/gcc/nios2-elf/4.1.2/../../../../nios2-elf/lib\libc.a(lib_a-__atexit.o)
                0x0084721c                __register_exitproc
 *(.gnu.warning.*)
 *(.fini)
                0x00847350                PROVIDE (__etext, ABSOLUTE (.))
                0x00847350                PROVIDE (_etext, ABSOLUTE (.))
                0x00847350                PROVIDE (etext, ABSOLUTE (.))
 *(.eh_frame_hdr)
                0x00847350                . = ALIGN (0x4)
                0x00847350                PROVIDE (__preinit_array_start, ABSOLUTE (.))
 *(.preinit_array)
                0x00847350                PROVIDE (__preinit_array_end, ABSOLUTE (.))
                0x00847350                PROVIDE (__init_array_start, ABSOLUTE (.))
 *(.init_array)
                0x00847350                PROVIDE (__init_array_end, ABSOLUTE (.))
                0x00847350                PROVIDE (__fini_array_start, ABSOLUTE (.))
 *(.fini_array)
                0x00847350                PROVIDE (__fini_array_end, ABSOLUTE (.))
 *(.eh_frame)
 *(.gcc_except_table)
 *(.dynamic)
                0x00847350                PROVIDE (__CTOR_LIST__, ABSOLUTE (.))
 *(.ctors)
 *(SORT(.ctors.*))
 .ctors.65535   0x00847350        0x4 c:/altera/13.0sp1/nios2eds/bin/gnu/h-i686-mingw32/bin/../lib/gcc/nios2-elf/4.1.2/../../../../nios2-elf/lib\libc.a(lib_a-__call_atexit.o)
                0x00847354                PROVIDE (__CTOR_END__, ABSOLUTE (.))
                0x00847354                PROVIDE (__DTOR_LIST__, ABSOLUTE (.))
 *(.dtors)
 *(SORT(.dtors.*))
                0x00847354                PROVIDE (__DTOR_END__, ABSOLUTE (.))
 *(.jcr)
                0x00847354                . = ALIGN (0x4)

.rodata         0x00847354     0x42ac
                0x00847354                PROVIDE (__ram_rodata_start, ABSOLUTE (.))
                0x00847354                . = ALIGN (0x4)
 *(.rodata .rodata.* .gnu.linkonce.r.*)
 .rodata        0x00847354       0x60 obj/default/LCD.o
 .rodata        0x008473b4       0xa8 obj/default/SSS_DE2_115.o
 .rodata        0x0084745c      0xba4 obj/default/alt_error_handler.o
 .rodata        0x00848000       0x64 obj/default/dm9000a.o
 .rodata        0x00848064      0x190 obj/default/iniche_init.o
 .rodata        0x008481f4      0x234 obj/default/network_utilities.o
 .rodata        0x00848428      0x2e0 obj/default/simple_socket_server.o
 .rodata        0x00848708       0x14 c:/altera/13.0sp1/nios2eds/bin/gnu/h-i686-mingw32/bin/../lib/gcc/nios2-elf/4.1.2\libgcc.a(_thenan_df.o)
                0x00848708                __thenan_df
 .rodata        0x0084871c      0x100 c:/altera/13.0sp1/nios2eds/bin/gnu/h-i686-mingw32/bin/../lib/gcc/nios2-elf/4.1.2\libgcc.a(_clz.o)
                0x0084871c                __clz_tab
 .rodata        0x0084881c      0x281 c:/altera/13.0sp1/nios2eds/bin/gnu/h-i686-mingw32/bin/../lib/gcc/nios2-elf/4.1.2/../../../../nios2-elf/lib\libc.a(lib_a-ctype_.o)
                0x0084881c                _ctype_
 *fill*         0x00848a9d        0x3 00
 .rodata.str1.4
                0x00848aa0        0x2 c:/altera/13.0sp1/nios2eds/bin/gnu/h-i686-mingw32/bin/../lib/gcc/nios2-elf/4.1.2/../../../../nios2-elf/lib\libc.a(lib_a-impure.o)
                                  0x4 (size before relaxing)
 *fill*         0x00848aa2        0x2 00
 .rodata.str1.4
                0x00848aa4        0x3 c:/altera/13.0sp1/nios2eds/bin/gnu/h-i686-mingw32/bin/../lib/gcc/nios2-elf/4.1.2/../../../../nios2-elf/lib\libc.a(lib_a-perror.o)
                                  0x4 (size before relaxing)
 *fill*         0x00848aa7        0x1 00
 .rodata.str1.4
                0x00848aa8        0x2 c:/altera/13.0sp1/nios2eds/bin/gnu/h-i686-mingw32/bin/../lib/gcc/nios2-elf/4.1.2/../../../../nios2-elf/lib\libc.a(lib_a-puts.o)
                                  0x4 (size before relaxing)
 *fill*         0x00848aaa        0x2 00
 .rodata.str1.4
                0x00848aac      0x7a2 c:/altera/13.0sp1/nios2eds/bin/gnu/h-i686-mingw32/bin/../lib/gcc/nios2-elf/4.1.2/../../../../nios2-elf/lib\libc.a(lib_a-strerror.o)
                                0x7a8 (size before relaxing)
 *fill*         0x0084924e        0x2 00
 .rodata.str1.4
                0x00849250       0x5e c:/altera/13.0sp1/nios2eds/bin/gnu/h-i686-mingw32/bin/../lib/gcc/nios2-elf/4.1.2/../../../../nios2-elf/lib\libc.a(lib_a-vfprintf.o)
                                 0x60 (size before relaxing)
 .rodata        0x008492ae       0x20 c:/altera/13.0sp1/nios2eds/bin/gnu/h-i686-mingw32/bin/../lib/gcc/nios2-elf/4.1.2/../../../../nios2-elf/lib\libc.a(lib_a-vfprintf.o)
 *fill*         0x008492ce        0x2 00
 .rodata.str1.4
                0x008492d0       0x10 c:/altera/13.0sp1/nios2eds/bin/gnu/h-i686-mingw32/bin/../lib/gcc/nios2-elf/4.1.2/../../../../nios2-elf/lib\libc.a(lib_a-dtoa.o)
                                 0x14 (size before relaxing)
 .rodata.str1.4
                0x008492e0       0x10 c:/altera/13.0sp1/nios2eds/bin/gnu/h-i686-mingw32/bin/../lib/gcc/nios2-elf/4.1.2/../../../../nios2-elf/lib\libc.a(lib_a-locale.o)
                                 0x18 (size before relaxing)
 .rodata        0x008492f0       0x30 c:/altera/13.0sp1/nios2eds/bin/gnu/h-i686-mingw32/bin/../lib/gcc/nios2-elf/4.1.2/../../../../nios2-elf/lib\libc.a(lib_a-locale.o)
 .rodata        0x00849320      0x124 c:/altera/13.0sp1/nios2eds/bin/gnu/h-i686-mingw32/bin/../lib/gcc/nios2-elf/4.1.2/../../../../nios2-elf/lib\libc.a(lib_a-mprec.o)
                0x00849320                __mprec_tens
                0x008493e8                __mprec_bigtens
                0x00849410                __mprec_tinytens
 .rodata        0x00849444       0x14 ../simple_socket_bsp/\libucosii_bsp.a(alt_main.o)
 .rodata        0x00849458      0x120 ../simple_socket_bsp/\libucosii_bsp.a(os_core.o)
                0x00849458                OSUnMapTbl
 .rodata        0x00849578       0x60 ../simple_socket_bsp/\libucosii_bsp.a(alt_sys_init.o)
 .rodata        0x008495d8       0xd8 ../simple_socket_bsp/\libucosii_bsp.a(ipnet.o)
 .rodata        0x008496b0       0xec ../simple_socket_bsp/\libucosii_bsp.a(ipstart.o)
 .rodata        0x0084979c      0x54c ../simple_socket_bsp/\libucosii_bsp.a(igmp_cmn.o)
 .rodata        0x00849ce8       0xb8 ../simple_socket_bsp/\libucosii_bsp.a(in_utils.o)
 .rodata        0x00849da0       0x34 ../simple_socket_bsp/\libucosii_bsp.a(netmain.o)
 .rodata        0x00849dd4       0x94 ../simple_socket_bsp/\libucosii_bsp.a(parseip.o)
 .rodata        0x00849e68      0x1a8 ../simple_socket_bsp/\libucosii_bsp.a(tk_crnos.o)
 .rodata        0x0084a010        0x8 ../simple_socket_bsp/\libucosii_bsp.a(dhcpclnt.o)
 .rodata        0x0084a018      0x118 ../simple_socket_bsp/\libucosii_bsp.a(pktalloc.o)
 .rodata        0x0084a130       0x84 ../simple_socket_bsp/\libucosii_bsp.a(udp_open.o)
 .rodata        0x0084a1b4       0x2c ../simple_socket_bsp/\libucosii_bsp.a(brdutils.o)
 .rodata        0x0084a1e0      0x26c ../simple_socket_bsp/\libucosii_bsp.a(osportco.o)
 .rodata        0x0084a44c       0xa0 ../simple_socket_bsp/\libucosii_bsp.a(targnios.o)
 .rodata        0x0084a4ec       0x90 ../simple_socket_bsp/\libucosii_bsp.a(nptcp.o)
 .rodata        0x0084a57c        0x8 ../simple_socket_bsp/\libucosii_bsp.a(sockcall.o)
 .rodata        0x0084a584       0x50 ../simple_socket_bsp/\libucosii_bsp.a(socket.o)
 .rodata        0x0084a5d4       0x40 ../simple_socket_bsp/\libucosii_bsp.a(socket2.o)
 .rodata        0x0084a614       0x20 ../simple_socket_bsp/\libucosii_bsp.a(tcp_in.o)
 .rodata        0x0084a634       0x40 ../simple_socket_bsp/\libucosii_bsp.a(tcp_out.o)
 .rodata        0x0084a674       0x24 ../simple_socket_bsp/\libucosii_bsp.a(tcp_subr.o)
 .rodata        0x0084a698       0x2c ../simple_socket_bsp/\libucosii_bsp.a(tcp_usr.o)
 .rodata        0x0084a6c4        0xc ../simple_socket_bsp/\libucosii_bsp.a(alt_dev.o)
 .rodata        0x0084a6d0        0x4 ../simple_socket_bsp/\libucosii_bsp.a(os_cpu_c.o)
 .rodata        0x0084a6d4      0x1d4 ../simple_socket_bsp/\libucosii_bsp.a(allports.o)
 .rodata        0x0084a8a8       0x34 ../simple_socket_bsp/\libucosii_bsp.a(tk_misc.o)
 .rodata        0x0084a8dc       0x44 ../simple_socket_bsp/\libucosii_bsp.a(et_arp.o)
 .rodata        0x0084a920      0x1dc ../simple_socket_bsp/\libucosii_bsp.a(ip.o)
 .rodata        0x0084aafc      0x158 ../simple_socket_bsp/\libucosii_bsp.a(ip_reasm.o)
 .rodata        0x0084ac54      0x120 ../simple_socket_bsp/\libucosii_bsp.a(ipdemux.o)
 .rodata        0x0084ad74       0x34 ../simple_socket_bsp/\libucosii_bsp.a(ipport.o)
 .rodata        0x0084ada8       0x24 ../simple_socket_bsp/\libucosii_bsp.a(ipraw.o)
 .rodata        0x0084adcc       0x38 ../simple_socket_bsp/\libucosii_bsp.a(iproute.o)
 .rodata        0x0084ae04       0xe8 ../simple_socket_bsp/\libucosii_bsp.a(udp.o)
 .rodata        0x0084aeec      0x2d0 ../simple_socket_bsp/\libucosii_bsp.a(u_mctest.o)
 .rodata        0x0084b1bc       0xf8 ../simple_socket_bsp/\libucosii_bsp.a(dhcsetup.o)
 .rodata        0x0084b2b4       0x34 ../simple_socket_bsp/\libucosii_bsp.a(vfsfiles.o)
 .rodata        0x0084b2e8      0x318 ../simple_socket_bsp/\libucosii_bsp.a(icmp.o)
 *(.rodata1)
                0x0084b600                . = ALIGN (0x4)
                0x0084b600                PROVIDE (__ram_rodata_end, ABSOLUTE (.))
                0x00847354                PROVIDE (__flash_rodata_start, LOADADDR (.rodata))

.rwdata         0x0084b600     0x213c
                0x0084b600                PROVIDE (__ram_rwdata_start, ABSOLUTE (.))
                0x0084b600                . = ALIGN (0x4)
 *(.got.plt)
 *(.got)
 *(.data1)
 *(.data .data.* .gnu.linkonce.d.*)
 .data          0x0084b600        0x0 ../simple_socket_bsp//obj/HAL/src/crt0.o
 .data          0x0084b600        0x0 obj/default/LCD.o
 .data          0x0084b600        0x0 obj/default/SSS_DE2_115.o
 .data          0x0084b600        0x0 obj/default/alt_error_handler.o
 .data          0x0084b600        0x0 obj/default/dm9000a.o
 .data          0x0084b600       0x18 obj/default/iniche_init.o
                0x0084b600                ssstask
 .data          0x0084b618        0x0 obj/default/led.o
 .data          0x0084b618        0x0 obj/default/network_utilities.o
 .data          0x0084b618        0x0 obj/default/simple_socket_server.o
 .data          0x0084b618        0x0 obj/default/tse_my_system.o
 .data          0x0084b618        0x0 c:/altera/13.0sp1/nios2eds/bin/gnu/h-i686-mingw32/bin/../lib/gcc/nios2-elf/4.1.2\libgcc.a(_fixunsdfsi.o)
 .data          0x0084b618        0x0 c:/altera/13.0sp1/nios2eds/bin/gnu/h-i686-mingw32/bin/../lib/gcc/nios2-elf/4.1.2\libgcc.a(_addsub_df.o)
 .data          0x0084b618        0x0 c:/altera/13.0sp1/nios2eds/bin/gnu/h-i686-mingw32/bin/../lib/gcc/nios2-elf/4.1.2\libgcc.a(_mul_df.o)
 .data          0x0084b618        0x0 c:/altera/13.0sp1/nios2eds/bin/gnu/h-i686-mingw32/bin/../lib/gcc/nios2-elf/4.1.2\libgcc.a(_ge_df.o)
 .data          0x0084b618        0x0 c:/altera/13.0sp1/nios2eds/bin/gnu/h-i686-mingw32/bin/../lib/gcc/nios2-elf/4.1.2\libgcc.a(_df_to_si.o)
 .data          0x0084b618        0x0 c:/altera/13.0sp1/nios2eds/bin/gnu/h-i686-mingw32/bin/../lib/gcc/nios2-elf/4.1.2\libgcc.a(_thenan_df.o)
 .data          0x0084b618        0x0 c:/altera/13.0sp1/nios2eds/bin/gnu/h-i686-mingw32/bin/../lib/gcc/nios2-elf/4.1.2\libgcc.a(_usi_to_df.o)
 .data          0x0084b618        0x0 c:/altera/13.0sp1/nios2eds/bin/gnu/h-i686-mingw32/bin/../lib/gcc/nios2-elf/4.1.2\libgcc.a(_muldi3.o)
 .data          0x0084b618        0x0 c:/altera/13.0sp1/nios2eds/bin/gnu/h-i686-mingw32/bin/../lib/gcc/nios2-elf/4.1.2\libgcc.a(_clzsi2.o)
 .data          0x0084b618        0x0 c:/altera/13.0sp1/nios2eds/bin/gnu/h-i686-mingw32/bin/../lib/gcc/nios2-elf/4.1.2\libgcc.a(_pack_df.o)
 .data          0x0084b618        0x0 c:/altera/13.0sp1/nios2eds/bin/gnu/h-i686-mingw32/bin/../lib/gcc/nios2-elf/4.1.2\libgcc.a(_unpack_df.o)
 .data          0x0084b618        0x0 c:/altera/13.0sp1/nios2eds/bin/gnu/h-i686-mingw32/bin/../lib/gcc/nios2-elf/4.1.2\libgcc.a(_fpcmp_parts_df.o)
 .data          0x0084b618        0x0 c:/altera/13.0sp1/nios2eds/bin/gnu/h-i686-mingw32/bin/../lib/gcc/nios2-elf/4.1.2\libgcc.a(_clz.o)
 .data          0x0084b618        0x0 c:/altera/13.0sp1/nios2eds/bin/gnu/h-i686-mingw32/bin/../lib/gcc/nios2-elf/4.1.2/../../../../nios2-elf/lib\libc.a(lib_a-ctype_.o)
 .data          0x0084b618        0x0 c:/altera/13.0sp1/nios2eds/bin/gnu/h-i686-mingw32/bin/../lib/gcc/nios2-elf/4.1.2/../../../../nios2-elf/lib\libc.a(lib_a-exit.o)
 .data          0x0084b618        0x0 c:/altera/13.0sp1/nios2eds/bin/gnu/h-i686-mingw32/bin/../lib/gcc/nios2-elf/4.1.2/../../../../nios2-elf/lib\libc.a(lib_a-fprintf.o)
 .data          0x0084b618        0x0 c:/altera/13.0sp1/nios2eds/bin/gnu/h-i686-mingw32/bin/../lib/gcc/nios2-elf/4.1.2/../../../../nios2-elf/lib\libc.a(lib_a-fwrite.o)
 .data          0x0084b618        0x0 c:/altera/13.0sp1/nios2eds/bin/gnu/h-i686-mingw32/bin/../lib/gcc/nios2-elf/4.1.2/../../../../nios2-elf/lib\libc.a(lib_a-getc.o)
 .data          0x0084b618      0x400 c:/altera/13.0sp1/nios2eds/bin/gnu/h-i686-mingw32/bin/../lib/gcc/nios2-elf/4.1.2/../../../../nios2-elf/lib\libc.a(lib_a-impure.o)
 .data          0x0084ba18        0x0 c:/altera/13.0sp1/nios2eds/bin/gnu/h-i686-mingw32/bin/../lib/gcc/nios2-elf/4.1.2/../../../../nios2-elf/lib\libc.a(lib_a-memcpy.o)
 .data          0x0084ba18        0x0 c:/altera/13.0sp1/nios2eds/bin/gnu/h-i686-mingw32/bin/../lib/gcc/nios2-elf/4.1.2/../../../../nios2-elf/lib\libc.a(lib_a-memmove.o)
 .data          0x0084ba18        0x0 c:/altera/13.0sp1/nios2eds/bin/gnu/h-i686-mingw32/bin/../lib/gcc/nios2-elf/4.1.2/../../../../nios2-elf/lib\libc.a(lib_a-memset.o)
 .data          0x0084ba18        0x0 c:/altera/13.0sp1/nios2eds/bin/gnu/h-i686-mingw32/bin/../lib/gcc/nios2-elf/4.1.2/../../../../nios2-elf/lib\libc.a(lib_a-perror.o)
 .data          0x0084ba18        0x0 c:/altera/13.0sp1/nios2eds/bin/gnu/h-i686-mingw32/bin/../lib/gcc/nios2-elf/4.1.2/../../../../nios2-elf/lib\libc.a(lib_a-printf.o)
 .data          0x0084ba18        0x0 c:/altera/13.0sp1/nios2eds/bin/gnu/h-i686-mingw32/bin/../lib/gcc/nios2-elf/4.1.2/../../../../nios2-elf/lib\libc.a(lib_a-putc.o)
 .data          0x0084ba18        0x0 c:/altera/13.0sp1/nios2eds/bin/gnu/h-i686-mingw32/bin/../lib/gcc/nios2-elf/4.1.2/../../../../nios2-elf/lib\libc.a(lib_a-putchar.o)
 .data          0x0084ba18        0x0 c:/altera/13.0sp1/nios2eds/bin/gnu/h-i686-mingw32/bin/../lib/gcc/nios2-elf/4.1.2/../../../../nios2-elf/lib\libc.a(lib_a-puts.o)
 .data          0x0084ba18        0x0 c:/altera/13.0sp1/nios2eds/bin/gnu/h-i686-mingw32/bin/../lib/gcc/nios2-elf/4.1.2/../../../../nios2-elf/lib\libc.a(lib_a-rget.o)
 .data          0x0084ba18        0x0 c:/altera/13.0sp1/nios2eds/bin/gnu/h-i686-mingw32/bin/../lib/gcc/nios2-elf/4.1.2/../../../../nios2-elf/lib\libc.a(lib_a-strchr.o)
 .data          0x0084ba18        0x0 c:/altera/13.0sp1/nios2eds/bin/gnu/h-i686-mingw32/bin/../lib/gcc/nios2-elf/4.1.2/../../../../nios2-elf/lib\libc.a(lib_a-strerror.o)
 .data          0x0084ba18        0x0 c:/altera/13.0sp1/nios2eds/bin/gnu/h-i686-mingw32/bin/../lib/gcc/nios2-elf/4.1.2/../../../../nios2-elf/lib\libc.a(lib_a-strlen.o)
 .data          0x0084ba18        0x0 c:/altera/13.0sp1/nios2eds/bin/gnu/h-i686-mingw32/bin/../lib/gcc/nios2-elf/4.1.2/../../../../nios2-elf/lib\libc.a(lib_a-u_strerr.o)
 .data          0x0084ba18        0x0 c:/altera/13.0sp1/nios2eds/bin/gnu/h-i686-mingw32/bin/../lib/gcc/nios2-elf/4.1.2/../../../../nios2-elf/lib\libc.a(lib_a-vfprintf.o)
 .data          0x0084ba18        0x0 c:/altera/13.0sp1/nios2eds/bin/gnu/h-i686-mingw32/bin/../lib/gcc/nios2-elf/4.1.2/../../../../nios2-elf/lib\libc.a(lib_a-wbuf.o)
 .data          0x0084ba18        0x0 c:/altera/13.0sp1/nios2eds/bin/gnu/h-i686-mingw32/bin/../lib/gcc/nios2-elf/4.1.2/../../../../nios2-elf/lib\libc.a(lib_a-wsetup.o)
 .data          0x0084ba18        0x0 c:/altera/13.0sp1/nios2eds/bin/gnu/h-i686-mingw32/bin/../lib/gcc/nios2-elf/4.1.2/../../../../nios2-elf/lib\libc.a(lib_a-__call_atexit.o)
 .data          0x0084ba18        0x0 c:/altera/13.0sp1/nios2eds/bin/gnu/h-i686-mingw32/bin/../lib/gcc/nios2-elf/4.1.2/../../../../nios2-elf/lib\libc.a(lib_a-dtoa.o)
 .data          0x0084ba18        0x0 c:/altera/13.0sp1/nios2eds/bin/gnu/h-i686-mingw32/bin/../lib/gcc/nios2-elf/4.1.2/../../../../nios2-elf/lib\libc.a(lib_a-fflush.o)
 .data          0x0084ba18        0x0 c:/altera/13.0sp1/nios2eds/bin/gnu/h-i686-mingw32/bin/../lib/gcc/nios2-elf/4.1.2/../../../../nios2-elf/lib\libc.a(lib_a-findfp.o)
 .data          0x0084ba18        0x0 c:/altera/13.0sp1/nios2eds/bin/gnu/h-i686-mingw32/bin/../lib/gcc/nios2-elf/4.1.2/../../../../nios2-elf/lib\libc.a(lib_a-fputc.o)
 .data          0x0084ba18        0x0 c:/altera/13.0sp1/nios2eds/bin/gnu/h-i686-mingw32/bin/../lib/gcc/nios2-elf/4.1.2/../../../../nios2-elf/lib\libc.a(lib_a-fputs.o)
 .data          0x0084ba18        0x0 c:/altera/13.0sp1/nios2eds/bin/gnu/h-i686-mingw32/bin/../lib/gcc/nios2-elf/4.1.2/../../../../nios2-elf/lib\libc.a(lib_a-freer.o)
 .data          0x0084ba18        0x0 c:/altera/13.0sp1/nios2eds/bin/gnu/h-i686-mingw32/bin/../lib/gcc/nios2-elf/4.1.2/../../../../nios2-elf/lib\libc.a(lib_a-fvwrite.o)
 .data          0x0084ba18        0x0 c:/altera/13.0sp1/nios2eds/bin/gnu/h-i686-mingw32/bin/../lib/gcc/nios2-elf/4.1.2/../../../../nios2-elf/lib\libc.a(lib_a-fwalk.o)
 .data          0x0084ba18        0xc c:/altera/13.0sp1/nios2eds/bin/gnu/h-i686-mingw32/bin/../lib/gcc/nios2-elf/4.1.2/../../../../nios2-elf/lib\libc.a(lib_a-locale.o)
                0x0084ba18                __lc_ctype
 .data          0x0084ba24        0x0 c:/altera/13.0sp1/nios2eds/bin/gnu/h-i686-mingw32/bin/../lib/gcc/nios2-elf/4.1.2/../../../../nios2-elf/lib\libc.a(lib_a-makebuf.o)
 .data          0x0084ba24      0x408 c:/altera/13.0sp1/nios2eds/bin/gnu/h-i686-mingw32/bin/../lib/gcc/nios2-elf/4.1.2/../../../../nios2-elf/lib\libc.a(lib_a-mallocr.o)
                0x0084ba24                __malloc_av_
 .data          0x0084be2c        0x0 c:/altera/13.0sp1/nios2eds/bin/gnu/h-i686-mingw32/bin/../lib/gcc/nios2-elf/4.1.2/../../../../nios2-elf/lib\libc.a(lib_a-memchr.o)
 .data          0x0084be2c        0x0 c:/altera/13.0sp1/nios2eds/bin/gnu/h-i686-mingw32/bin/../lib/gcc/nios2-elf/4.1.2/../../../../nios2-elf/lib\libc.a(lib_a-mprec.o)
 .data          0x0084be2c        0x0 c:/altera/13.0sp1/nios2eds/bin/gnu/h-i686-mingw32/bin/../lib/gcc/nios2-elf/4.1.2/../../../../nios2-elf/lib\libc.a(lib_a-reallocr.o)
 .data          0x0084be2c        0x0 c:/altera/13.0sp1/nios2eds/bin/gnu/h-i686-mingw32/bin/../lib/gcc/nios2-elf/4.1.2/../../../../nios2-elf/lib\libc.a(lib_a-refill.o)
 .data          0x0084be2c        0x0 c:/altera/13.0sp1/nios2eds/bin/gnu/h-i686-mingw32/bin/../lib/gcc/nios2-elf/4.1.2/../../../../nios2-elf/lib\libc.a(lib_a-s_isinfd.o)
 .data          0x0084be2c        0x0 c:/altera/13.0sp1/nios2eds/bin/gnu/h-i686-mingw32/bin/../lib/gcc/nios2-elf/4.1.2/../../../../nios2-elf/lib\libc.a(lib_a-s_isnand.o)
 .data          0x0084be2c        0x0 c:/altera/13.0sp1/nios2eds/bin/gnu/h-i686-mingw32/bin/../lib/gcc/nios2-elf/4.1.2/../../../../nios2-elf/lib\libc.a(lib_a-sbrkr.o)
 .data          0x0084be2c        0x0 c:/altera/13.0sp1/nios2eds/bin/gnu/h-i686-mingw32/bin/../lib/gcc/nios2-elf/4.1.2/../../../../nios2-elf/lib\libc.a(lib_a-stdio.o)
 .data          0x0084be2c        0x0 c:/altera/13.0sp1/nios2eds/bin/gnu/h-i686-mingw32/bin/../lib/gcc/nios2-elf/4.1.2/../../../../nios2-elf/lib\libc.a(lib_a-strcmp.o)
 .data          0x0084be2c        0x0 c:/altera/13.0sp1/nios2eds/bin/gnu/h-i686-mingw32/bin/../lib/gcc/nios2-elf/4.1.2/../../../../nios2-elf/lib\libc.a(lib_a-writer.o)
 .data          0x0084be2c        0x0 c:/altera/13.0sp1/nios2eds/bin/gnu/h-i686-mingw32/bin/../lib/gcc/nios2-elf/4.1.2/../../../../nios2-elf/lib\libc.a(lib_a-callocr.o)