Archive member included because of file (symbol)

c:/altera/13.0sp1/nios2eds/bin/gnu/h-i686-mingw32/bin/../lib/gcc/nios2-elf/4.1.2\libgcc.a(_fixunsdfsi.o)
                              obj/default/dm9000a.o (__fixunsdfsi)
c:/altera/13.0sp1/nios2eds/bin/gnu/h-i686-mingw32/bin/../lib/gcc/nios2-elf/4.1.2\libgcc.a(_addsub_df.o)
                              c:/altera/13.0sp1/nios2eds/bin/gnu/h-i686-mingw32/bin/../lib/gcc/nios2-elf/4.1.2\libgcc.a(_fixunsdfsi.o) (__subdf3)
c:/altera/13.0sp1/nios2eds/bin/gnu/h-i686-mingw32/bin/../lib/gcc/nios2-elf/4.1.2\libgcc.a(_mul_df.o)
                              obj/default/dm9000a.o (__muldf3)
c:/altera/13.0sp1/nios2eds/bin/gnu/h-i686-mingw32/bin/../lib/gcc/nios2-elf/4.1.2\libgcc.a(_ge_df.o)
                              c:/altera/13.0sp1/nios2eds/bin/gnu/h-i686-mingw32/bin/../lib/gcc/nios2-elf/4.1.2\libgcc.a(_fixunsdfsi.o) (__gedf2)
c:/altera/13.0sp1/nios2eds/bin/gnu/h-i686-mingw32/bin/../lib/gcc/nios2-elf/4.1.2\libgcc.a(_df_to_si.o)
                              c:/altera/13.0sp1/nios2eds/bin/gnu/h-i686-mingw32/bin/../lib/gcc/nios2-elf/4.1.2\libgcc.a(_fixunsdfsi.o) (__fixdfsi)
c:/altera/13.0sp1/nios2eds/bin/gnu/h-i686-mingw32/bin/../lib/gcc/nios2-elf/4.1.2\libgcc.a(_thenan_df.o)
                              c:/altera/13.0sp1/nios2eds/bin/gnu/h-i686-mingw32/bin/../lib/gcc/nios2-elf/4.1.2\libgcc.a(_addsub_df.o) (__thenan_df)
c:/altera/13.0sp1/nios2eds/bin/gnu/h-i686-mingw32/bin/../lib/gcc/nios2-elf/4.1.2\libgcc.a(_usi_to_df.o)
                              obj/default/dm9000a.o (__floatunsidf)
c:/altera/13.0sp1/nios2eds/bin/gnu/h-i686-mingw32/bin/../lib/gcc/nios2-elf/4.1.2\libgcc.a(_muldi3.o)
                              c:/altera/13.0sp1/nios2eds/bin/gnu/h-i686-mingw32/bin/../lib/gcc/nios2-elf/4.1.2\libgcc.a(_mul_df.o) (__muldi3)
c:/altera/13.0sp1/nios2eds/bin/gnu/h-i686-mingw32/bin/../lib/gcc/nios2-elf/4.1.2\libgcc.a(_clzsi2.o)
                              c:/altera/13.0sp1/nios2eds/bin/gnu/h-i686-mingw32/bin/../lib/gcc/nios2-elf/4.1.2\libgcc.a(_usi_to_df.o) (__clzsi2)
c:/altera/13.0sp1/nios2eds/bin/gnu/h-i686-mingw32/bin/../lib/gcc/nios2-elf/4.1.2\libgcc.a(_pack_df.o)
                              c:/altera/13.0sp1/nios2eds/bin/gnu/h-i686-mingw32/bin/../lib/gcc/nios2-elf/4.1.2\libgcc.a(_addsub_df.o) (__pack_d)
c:/altera/13.0sp1/nios2eds/bin/gnu/h-i686-mingw32/bin/../lib/gcc/nios2-elf/4.1.2\libgcc.a(_unpack_df.o)
                              c:/altera/13.0sp1/nios2eds/bin/gnu/h-i686-mingw32/bin/../lib/gcc/nios2-elf/4.1.2\libgcc.a(_addsub_df.o) (__unpack_d)
c:/altera/13.0sp1/nios2eds/bin/gnu/h-i686-mingw32/bin/../lib/gcc/nios2-elf/4.1.2\libgcc.a(_fpcmp_parts_df.o)
                              c:/altera/13.0sp1/nios2eds/bin/gnu/h-i686-mingw32/bin/../lib/gcc/nios2-elf/4.1.2\libgcc.a(_ge_df.o) (__fpcmp_parts_d)
c:/altera/13.0sp1/nios2eds/bin/gnu/h-i686-mingw32/bin/../lib/gcc/nios2-elf/4.1.2\libgcc.a(_clz.o)
                              c:/altera/13.0sp1/nios2eds/bin/gnu/h-i686-mingw32/bin/../lib/gcc/nios2-elf/4.1.2\libgcc.a(_clzsi2.o) (__clz_tab)
c:/altera/13.0sp1/nios2eds/bin/gnu/h-i686-mingw32/bin/../lib/gcc/nios2-elf/4.1.2/../../../../nios2-elf/lib\libc.a(lib_a-ctype_.o)
                              obj/default/network_utilities.o (__ctype_ptr)
c:/altera/13.0sp1/nios2eds/bin/gnu/h-i686-mingw32/bin/../lib/gcc/nios2-elf/4.1.2/../../../../nios2-elf/lib\libc.a(lib_a-exit.o)
                              obj/default/iniche_init.o (exit)
c:/altera/13.0sp1/nios2eds/bin/gnu/h-i686-mingw32/bin/../lib/gcc/nios2-elf/4.1.2/../../../../nios2-elf/lib\libc.a(lib_a-fprintf.o)
                              obj/default/alt_error_handler.o (fprintf)
c:/altera/13.0sp1/nios2eds/bin/gnu/h-i686-mingw32/bin/../lib/gcc/nios2-elf/4.1.2/../../../../nios2-elf/lib\libc.a(lib_a-fwrite.o)
                              obj/default/alt_error_handler.o (fwrite)
c:/altera/13.0sp1/nios2eds/bin/gnu/h-i686-mingw32/bin/../lib/gcc/nios2-elf/4.1.2/../../../../nios2-elf/lib\libc.a(lib_a-getc.o)
                              obj/default/network_utilities.o (getc)
c:/altera/13.0sp1/nios2eds/bin/gnu/h-i686-mingw32/bin/../lib/gcc/nios2-elf/4.1.2/../../../../nios2-elf/lib\libc.a(lib_a-impure.o)
                              obj/default/alt_error_handler.o (_impure_ptr)
c:/altera/13.0sp1/nios2eds/bin/gnu/h-i686-mingw32/bin/../lib/gcc/nios2-elf/4.1.2/../../../../nios2-elf/lib\libc.a(lib_a-memcpy.o)
                              obj/default/simple_socket_server.o (memcpy)
c:/altera/13.0sp1/nios2eds/bin/gnu/h-i686-mingw32/bin/../lib/gcc/nios2-elf/4.1.2/../../../../nios2-elf/lib\libc.a(lib_a-memmove.o)
                              obj/default/simple_socket_server.o (memmove)
c:/altera/13.0sp1/nios2eds/bin/gnu/h-i686-mingw32/bin/../lib/gcc/nios2-elf/4.1.2/../../../../nios2-elf/lib\libc.a(lib_a-memset.o)
                              obj/default/simple_socket_server.o (memset)
c:/altera/13.0sp1/nios2eds/bin/gnu/h-i686-mingw32/bin/../lib/gcc/nios2-elf/4.1.2/../../../../nios2-elf/lib\libc.a(lib_a-perror.o)
[...]
Memory Configuration

Name             Origin             Length             Attributes
sdram_0_BEFORE_EXCEPTION 0x00800000         0x00000020
sdram_0          0x00800020         0x007fffe0
reset            0x01400000         0x00000020
cfi_flash_0      0x01400020         0x003fffe0
sram_0           0x01a00000         0x00080000
epcs_controller  0x01a81800         0x00000800
*default*        0x00000000         0xffffffff

Linker script and memory map

LOAD ../aes_dec_bsp//obj/HAL/src/crt0.o
LOAD obj/default/LCD.o
LOAD obj/default/SSS_DE2_115.o
LOAD obj/default/alt_error_handler.o
LOAD obj/default/dm9000a.o
LOAD obj/default/iniche_init.o
LOAD obj/default/led.o
LOAD obj/default/network_utilities.o
LOAD obj/default/simple_socket_server.o
LOAD obj/default/tse_my_system.o
LOAD c:/altera/13.0sp1/nios2eds/bin/gnu/h-i686-mingw32/bin/../lib/gcc/nios2-elf/4.1.2/../../../../nios2-elf/lib\libstdc++.a
LOAD c:/altera/13.0sp1/nios2eds/bin/gnu/h-i686-mingw32/bin/../lib/gcc/nios2-elf/4.1.2/../../../../nios2-elf/lib\libm.a
LOAD c:/altera/13.0sp1/nios2eds/bin/gnu/h-i686-mingw32/bin/../lib/gcc/nios2-elf/4.1.2\libgcc.a
START GROUP
LOAD c:/altera/13.0sp1/nios2eds/bin/gnu/h-i686-mingw32/bin/../lib/gcc/nios2-elf/4.1.2/../../../../nios2-elf/lib\libc.a
LOAD c:/altera/13.0sp1/nios2eds/bin/gnu/h-i686-mingw32/bin/../lib/gcc/nios2-elf/4.1.2\libgcc.a
LOAD ../aes_dec_bsp/\libucosii_bsp.a
END GROUP
LOAD c:/altera/13.0sp1/nios2eds/bin/gnu/h-i686-mingw32/bin/../lib/gcc/nios2-elf/4.1.2\libgcc.a
                0x00800000                __alt_mem_sdram_0 = 0x800000
                0x01400000                __alt_mem_cfi_flash_0 = 0x1400000
                0x01a00000                __alt_mem_sram_0 = 0x1a00000
                0x01a81800                __alt_mem_epcs_controller = 0x1a81800

.entry          0x01400000        0x0
 *(.entry)
 .entry         0x01400000        0x0 ../aes_dec_bsp//obj/HAL/src/crt0.o
                0x01400000                __reset

.exceptions     0x00800020      0x19c
                0x00800020                PROVIDE (__ram_exceptions_start, ABSOLUTE (.))
                0x00800020                . = ALIGN (0x20)
 *(.irq)
 *(.exceptions.entry.label)
 .exceptions.entry.label
                0x00800020        0x0 ../aes_dec_bsp/\libucosii_bsp.a(alt_irq_entry.o)
                0x00800020                alt_irq_entry
 .exceptions.entry.label
                0x00800020        0x0 ../aes_dec_bsp/\libucosii_bsp.a(alt_exception_entry.o)
                0x00800020                alt_exception
 *(.exceptions.entry.user)
 *(.exceptions.entry)
 .exceptions.entry
                0x00800020       0x54 ../aes_dec_bsp/\libucosii_bsp.a(alt_exception_entry.o)
 *(.exceptions.irqtest.user)
 *(.exceptions.irqtest)
 .exceptions.irqtest
                0x00800074       0x10 ../aes_dec_bsp/\libucosii_bsp.a(alt_irq_entry.o)
 *(.exceptions.irqhandler.user)
 *(.exceptions.irqhandler)
 .exceptions.irqhandler
                0x00800084        0x4 ../aes_dec_bsp/\libucosii_bsp.a(alt_irq_entry.o)
 *(.exceptions.irqreturn.user)
 *(.exceptions.irqreturn)
 .exceptions.irqreturn
                0x00800088        0x4 ../aes_dec_bsp/\libucosii_bsp.a(alt_irq_entry.o)
 *(.exceptions.notirq.label)
 .exceptions.notirq.label
                0x0080008c        0x0 ../aes_dec_bsp/\libucosii_bsp.a(alt_irq_entry.o)
 *(.exceptions.notirq.user)
 *(.exceptions.notirq)
 .exceptions.notirq
                0x0080008c        0x8 ../aes_dec_bsp/\libucosii_bsp.a(alt_exception_entry.o)
 *(.exceptions.soft.user)
 *(.exceptions.soft)
 *(.exceptions.unknown.user)
 *(.exceptions.unknown)
 .exceptions.unknown
                0x00800094        0x4 ../aes_dec_bsp/\libucosii_bsp.a(alt_exception_entry.o)
 *(.exceptions.exit.label)
 .exceptions.exit.label
                0x00800098        0x0 ../aes_dec_bsp/\libucosii_bsp.a(alt_irq_entry.o)
 .exceptions.exit.label
                0x00800098        0x0 ../aes_dec_bsp/\libucosii_bsp.a(alt_exception_entry.o)
 *(.exceptions.exit.user)
 *(.exceptions.exit)
 .exceptions.exit
                0x00800098       0x54 ../aes_dec_bsp/\libucosii_bsp.a(alt_exception_entry.o)
 *(.exceptions)
 .exceptions    0x008000ec       0xd0 ../aes_dec_bsp/\libucosii_bsp.a(alt_irq_handler.o)
                0x008000ec                alt_irq_handler
                0x008001bc                PROVIDE (__ram_exceptions_end, ABSOLUTE (.))
                0x00800020                PROVIDE (__flash_exceptions_start, LOADADDR (.exceptions))

.text           0x008001bc    0x46fa0
                0x008001bc                PROVIDE (stext, ABSOLUTE (.))
 *(.interp)
 *(.hash)
 *(.dynsym)
 *(.dynstr)
 *(.gnu.version)
 *(.gnu.version_d)
 *(.gnu.version_r)
 *(.rel.init)
 *(.rela.init)
 *(.rel.text .rel.text.* .rel.gnu.linkonce.t.*)
 *(.rela.text .rela.text.* .rela.gnu.linkonce.t.*)
 *(.rel.fini)
 *(.rela.fini)
 *(.rel.rodata .rel.rodata.* .rel.gnu.linkonce.r.*)
 *(.rela.rodata .rela.rodata.* .rela.gnu.linkonce.r.*)
 *(.rel.data .rel.data.* .rel.gnu.linkonce.d.*)
 *(.rela.data .rela.data.* .rela.gnu.linkonce.d.*)
 *(.rel.tdata .rel.tdata.* .rel.gnu.linkonce.td.*)
 *(.rela.tdata .rela.tdata.* .rela.gnu.linkonce.td.*)
 *(.rel.tbss .rel.tbss.* .rel.gnu.linkonce.tb.*)
 *(.rela.tbss .rela.tbss.* .rela.gnu.linkonce.tb.*)
 *(.rel.ctors)
 *(.rela.ctors)
 *(.rel.dtors)
 *(.rela.dtors)
 *(.rel.got)
 *(.rela.got)
 *(.rel.sdata .rel.sdata.* .rel.gnu.linkonce.s.*)
 *(.rela.sdata .rela.sdata.* .rela.gnu.linkonce.s.*)
 *(.rel.sbss .rel.sbss.* .rel.gnu.linkonce.sb.*)
 *(.rela.sbss .rela.sbss.* .rela.gnu.linkonce.sb.*)
 *(.rel.sdata2 .rel.sdata2.* .rel.gnu.linkonce.s2.*)
 *(.rela.sdata2 .rela.sdata2.* .rela.gnu.linkonce.s2.*)
 *(.rel.sbss2 .rel.sbss2.* .rel.gnu.linkonce.sb2.*)
 *(.rela.sbss2 .rela.sbss2.* .rela.gnu.linkonce.sb2.*)
 *(.rel.bss .rel.bss.* .rel.gnu.linkonce.b.*)
 *(.rela.bss .rela.bss.* .rela.gnu.linkonce.b.*)
 *(.rel.plt)
 *(.rela.plt)
 *(.rel.dyn)
 *(.init)
 *(.plt)
 *(.text .stub .text.* .gnu.linkonce.t.*)
 .text          0x008001bc       0x48 ../aes_dec_bsp//obj/HAL/src/crt0.o
                0x008001bc                _start
 .text          0x00800204      0x31c obj/default/LCD.o
                0x00800204                LCD_Init
                0x008002a0                LCD_Show_Text
                0x00800328                LCD_Line2
                0x00800364                LCD_Line1
                0x008003a0                LCD_Clear
                0x008003dc                LCD_Test
 .text          0x00800520      0x2ec obj/default/SSS_DE2_115.o
                0x00800520                get_DE2_115_mac_addr
                0x008006c8                FindLastFlashSectorOffset
 .text          0x0080080c      0xba8 obj/default/alt_error_handler.o
                0x0080080c                alt_uCOSIIErrorHandler
                0x00800e30                alt_NetworkErrorHandler
                0x008010c8                alt_SSSErrorHandler
 .text          0x008013b4      0xe48 obj/default/dm9000a.o
                0x008013b4                dm9000a_iow
                0x00801408                dm9000a_ior
                0x00801454                phy_write
                0x008014f0                dm9000a_reset
                0x008016b4                TransmitPacket
                0x008017d0                prep_dm9000a
                0x008019ec                dm9000a_init
                0x00801e3c                dm9Ka_isr_wrap
                0x00801e7c                dm9ka_init
                0x00801f74                dm9ka_close
                0x00802084                dm9ka_stats
                0x008020e0                dm9ka_pkt_send
 .text          0x008021fc      0x690 obj/default/iniche_init.o
                0x008021fc                encrypt
                0x008025b0                SSSInitialTask
                0x00802790                main
 .text          0x0080288c      0x324 obj/default/led.o
                0x0080288c                led_bit_toggle
                0x00802958                LED7SegLightshowTask
                0x008029cc                LEDManagementTask
 .text          0x00802bb0      0x73c obj/default/network_utilities.o
                0x00802bb0                get_mac_addr
                0x00802c08                get_ip_addr
                0x00802c74                get_serial_number
                0x00802e50                generate_and_store_mac_addr
                0x0080301c                generate_mac_addr
                0x00803158                get_board_mac_addr
 .text          0x008032ec      0x9f8 obj/default/simple_socket_server.o
                0x008032ec                SSSCreateOSDataStructs
                0x00803394                SSSCreateTasks
                0x00803458                sss_reset_connection
                0x008034c8                sss_send_menu
                0x00803658                sss_handle_accept
                0x00803718                sss_exec_command
                0x0080388c                sss_handle_receive
                0x00803a78                SSSSimpleSocketServerTask
 .text          0x00803ce4        0x0 obj/default/tse_my_system.o
 .text          0x00803ce4       0xa4 c:/altera/13.0sp1/nios2eds/bin/gnu/h-i686-mingw32/bin/../lib/gcc/nios2-elf/4.1.2\libgcc.a(_fixunsdfsi.o)
                0x00803ce4                __fixunsdfsi
 .text          0x00803d88      0x504 c:/altera/13.0sp1/nios2eds/bin/gnu/h-i686-mingw32/bin/../lib/gcc/nios2-elf/4.1.2\libgcc.a(_addsub_df.o)
                0x00804198                __subdf3
                0x00804218                __adddf3
 .text          0x0080428c      0x3c4 c:/altera/13.0sp1/nios2eds/bin/gnu/h-i686-mingw32/bin/../lib/gcc/nios2-elf/4.1.2\libgcc.a(_mul_df.o)
                0x0080428c                __muldf3
 .text          0x00804650       0x88 c:/altera/13.0sp1/nios2eds/bin/gnu/h-i686-mingw32/bin/../lib/gcc/nios2-elf/4.1.2\libgcc.a(_ge_df.o)
                0x00804650                __gedf2
 .text          0x008046d8       0xd8 c:/altera/13.0sp1/nios2eds/bin/gnu/h-i686-mingw32/bin/../lib/gcc/nios2-elf/4.1.2\libgcc.a(_df_to_si.o)
                0x008046d8                __fixdfsi
 .text          0x008047b0        0x0 c:/altera/13.0sp1/nios2eds/bin/gnu/h-i686-mingw32/bin/../lib/gcc/nios2-elf/4.1.2\libgcc.a(_thenan_df.o)
 .text          0x008047b0      0x194 c:/altera/13.0sp1/nios2eds/bin/gnu/h-i686-mingw32/bin/../lib/gcc/nios2-elf/4.1.2\libgcc.a(_usi_to_df.o)
                0x008047b0                __floatunsidf
 .text          0x00804944       0x98 c:/altera/13.0sp1/nios2eds/bin/gnu/h-i686-mingw32/bin/../lib/gcc/nios2-elf/4.1.2\libgcc.a(_muldi3.o)
                0x00804944                __muldi3
 .text          0x008049dc       0x80 c:/altera/13.0sp1/nios2eds/bin/gnu/h-i686-mingw32/bin/../lib/gcc/nios2-elf/4.1.2\libgcc.a(_clzsi2.o)
                0x008049dc                __clzsi2
 .text          0x00804a5c      0x314 c:/altera/13.0sp1/nios2eds/bin/gnu/h-i686-mingw32/bin/../lib/gcc/nios2-elf/4.1.2\libgcc.a(_pack_df.o)
                0x00804a5c                __pack_d
 .text          0x00804d70      0x138 c:/altera/13.0sp1/nios2eds/bin/gnu/h-i686-mingw32/bin/../lib/gcc/nios2-elf/4.1.2\libgcc.a(_unpack_df.o)
                0x00804d70                __unpack_d
 .text          0x00804ea8       0xc8 c:/altera/13.0sp1/nios2eds/bin/gnu/h-i686-mingw32/bin/../lib/gcc/nios2-elf/4.1.2\libgcc.a(_fpcmp_parts_df.o)
                0x00804ea8                __fpcmp_parts_d
 .text          0x00804f70        0x0 c:/altera/13.0sp1/nios2eds/bin/gnu/h-i686-mingw32/bin/../lib/gcc/nios2-elf/4.1.2\libgcc.a(_clz.o)
 .text          0x00804f70        0x0 c:/altera/13.0sp1/nios2eds/bin/gnu/h-i686-mingw32/bin/../lib/gcc/nios2-elf/4.1.2/../../../../nios2-elf/lib\libc.a(lib_a-ctype_.o)
 .text          0x00804f70       0x38 c:/altera/13.0sp1/nios2eds/bin/gnu/h-i686-mingw32/bin/../lib/gcc/nios2-elf/4.1.2/../../../../nios2-elf/lib\libc.a(lib_a-exit.o)
                0x00804f70                exit
 .text          0x00804fa8       0x60 c:/altera/13.0sp1/nios2eds/bin/gnu/h-i686-mingw32/bin/../lib/gcc/nios2-elf/4.1.2/../../../../nios2-elf/lib\libc.a(lib_a-fprintf.o)
                0x00804fa8                fprintf
                0x00804fd4                _fprintf_r
 .text          0x00805008       0xdc c:/altera/13.0sp1/nios2eds/bin/gnu/h-i686-mingw32/bin/../lib/gcc/nios2-elf/4.1.2/../../../../nios2-elf/lib\libc.a(lib_a-fwrite.o)
                0x00805008                _fwrite_r
                0x008050a4                fwrite
 .text          0x008050e4      0x128 c:/altera/13.0sp1/nios2eds/bin/gnu/h-i686-mingw32/bin/../lib/gcc/nios2-elf/4.1.2/../../../../nios2-elf/lib\libc.a(lib_a-getc.o)
                0x008050e4                getc
                0x0080517c                _getc_r
 .text          0x0080520c        0x0 c:/altera/13.0sp1/nios2eds/bin/gnu/h-i686-mingw32/bin/../lib/gcc/nios2-elf/4.1.2/../../../../nios2-elf/lib\libc.a(lib_a-impure.o)
 .text          0x0080520c       0xa0 c:/altera/13.0sp1/nios2eds/bin/gnu/h-i686-mingw32/bin/../lib/gcc/nios2-elf/4.1.2/../../../../nios2-elf/lib\libc.a(lib_a-memcpy.o)
                0x0080520c                memcpy
 .text          0x008052ac       0xe0 c:/altera/13.0sp1/nios2eds/bin/gnu/h-i686-mingw32/bin/../lib/gcc/nios2-elf/4.1.2/../../../../nios2-elf/lib\libc.a(lib_a-memmove.o)
                0x008052ac                memmove
 .text          0x0080538c       0x98 c:/altera/13.0sp1/nios2eds/bin/gnu/h-i686-mingw32/bin/../lib/gcc/nios2-elf/4.1.2/../../../../nios2-elf/lib\libc.a(lib_a-memset.o)
                0x0080538c                memset
 .text          0x00805424       0x80 c:/altera/13.0sp1/nios2eds/bin/gnu/h-i686-mingw32/bin/../lib/gcc/nios2-elf/4.1.2/../../../../nios2-elf/lib\libc.a(lib_a-perror.o)
                0x00805424                _perror_r
                0x00805490                perror
 .text          0x008054a4       0x78 c:/altera/13.0sp1/nios2eds/bin/gnu/h-i686-mingw32/bin/../lib/gcc/nios2-elf/4.1.2/../../../../nios2-elf/lib\libc.a(lib_a-printf.o)
                0x008054a4                printf
                0x008054e8                _printf_r
 .text          0x0080551c      0x1ec c:/altera/13.0sp1/nios2eds/bin/gnu/h-i686-mingw32/bin/../lib/gcc/nios2-elf/4.1.2/../../../../nios2-elf/lib\libc.a(lib_a-putc.o)
                0x0080551c                putc
                0x00805620                _putc_r
 .text          0x00805708       0x24 c:/altera/13.0sp1/nios2eds/bin/gnu/h-i686-mingw32/bin/../lib/gcc/nios2-elf/4.1.2/../../../../nios2-elf/lib\libc.a(lib_a-putchar.o)
                0x00805708                putchar
                0x00805724                _putchar_r
 .text          0x0080572c       0xb4 c:/altera/13.0sp1/nios2eds/bin/gnu/h-i686-mingw32/bin/../lib/gcc/nios2-elf/4.1.2/../../../../nios2-elf/lib\libc.a(lib_a-puts.o)
                0x0080572c                _puts_r
                0x008057cc                puts
 .text          0x008057e0       0x60 c:/altera/13.0sp1/nios2eds/bin/gnu/h-i686-mingw32/bin/../lib/gcc/nios2-elf/4.1.2/../../../../nios2-elf/lib\libc.a(lib_a-rget.o)
                0x008057e0                __srget_r
                0x0080582c                __srget
 .text          0x00805840       0xe0 c:/altera/13.0sp1/nios2eds/bin/gnu/h-i686-mingw32/bin/../lib/gcc/nios2-elf/4.1.2/../../../../nios2-elf/lib\libc.a(lib_a-strchr.o)
                0x00805840                strchr
 .text          0x00805920      0x674 c:/altera/13.0sp1/nios2eds/bin/gnu/h-i686-mingw32/bin/../lib/gcc/nios2-elf/4.1.2/../../../../nios2-elf/lib\libc.a(lib_a-strerror.o)
                0x00805920                strerror
 .text          0x00805f94       0x74 c:/altera/13.0sp1/nios2eds/bin/gnu/h-i686-mingw32/bin/../lib/gcc/nios2-elf/4.1.2/../../../../nios2-elf/lib\libc.a(lib_a-strlen.o)
                0x00805f94                strlen
 .text          0x00806008        0x8 c:/altera/13.0sp1/nios2eds/bin/gnu/h-i686-mingw32/bin/../lib/gcc/nios2-elf/4.1.2/../../../../nios2-elf/lib\libc.a(lib_a-u_strerr.o)
                0x00806008                _user_strerror
 .text          0x00806010     0x1f28 c:/altera/13.0sp1/nios2eds/bin/gnu/h-i686-mingw32/bin/../lib/gcc/nios2-elf/4.1.2/../../../../nios2-elf/lib\libc.a(lib_a-vfprintf.o)
                0x00806068                ___vfprintf_internal_r
                0x00807f14                __vfprintf_internal
 .text          0x00807f38      0x14c c:/altera/13.0sp1/nios2eds/bin/gnu/h-i686-mingw32/bin/../lib/gcc/nios2-elf/4.1.2/../../../../nios2-elf/lib\libc.a(lib_a-wbuf.o)
                0x00807f38                __swbuf_r
                0x00808068                __swbuf
 .text          0x00808084      0x13c c:/altera/13.0sp1/nios2eds/bin/gnu/h-i686-mingw32/bin/../lib/gcc/nios2-elf/4.1.2/../../../../nios2-elf/lib\libc.a(lib_a-wsetup.o)
                0x00808084                __swsetup_r
 .text          0x008081c0      0x1b4 c:/altera/13.0sp1/nios2eds/bin/gnu/h-i686-mingw32/bin/../lib/gcc/nios2-elf/4.1.2/../../../../nios2-elf/lib\libc.a(lib_a-__call_atexit.o)
                0x008081c4                __call_exitprocs
 .text          0x00808374     0x17cc c:/altera/13.0sp1/nios2eds/bin/gnu/h-i686-mingw32/bin/../lib/gcc/nios2-elf/4.1.2/../../../../nios2-elf/lib\libc.a(lib_a-dtoa.o)
                0x0080858c                _dtoa_r
 .text          0x00809b40      0x230 c:/altera/13.0sp1/nios2eds/bin/gnu/h-i686-mingw32/bin/../lib/gcc/nios2-elf/4.1.2/../../../../nios2-elf/lib\libc.a(lib_a-fflush.o)
                0x00809b40                _fflush_r
                0x00809d3c                fflush
 .text          0x00809d70      0x2c0 c:/altera/13.0sp1/nios2eds/bin/gnu/h-i686-mingw32/bin/../lib/gcc/nios2-elf/4.1.2/../../../../nios2-elf/lib\libc.a(lib_a-findfp.o)
                0x00809dc8                __sfp_lock_acquire
                0x00809dcc                __sfp_lock_release
                0x00809dd0                __sinit_lock_acquire
                0x00809dd4                __sinit_lock_release
                0x00809dd8                __sinit
                0x00809e8c                __fp_unlock_all
                0x00809ea4                __fp_lock_all
                0x00809ebc                _cleanup_r
                0x00809ec8                _cleanup
                0x00809ed8                __sfmoreglue
                0x00809f40                __sfp
 .text          0x0080a030       0xbc c:/altera/13.0sp1/nios2eds/bin/gnu/h-i686-mingw32/bin/../lib/gcc/nios2-elf/4.1.2/../../../../nios2-elf/lib\libc.a(lib_a-fputc.o)
                0x0080a030                fputc
                0x0080a094                _fputc_r
 .text          0x0080a0ec       0x90 c:/altera/13.0sp1/nios2eds/bin/gnu/h-i686-mingw32/bin/../lib/gcc/nios2-elf/4.1.2/../../../../nios2-elf/lib\libc.a(lib_a-fputs.o)
                0x0080a0ec                _fputs_r
                0x0080a160                fputs
 .text          0x0080a17c      0x440 c:/altera/13.0sp1/nios2eds/bin/gnu/h-i686-mingw32/bin/../lib/gcc/nios2-elf/4.1.2/../../../../nios2-elf/lib\libc.a(lib_a-freer.o)
                0x0080a17c                _malloc_trim_r
                0x0080a2a8                _free_r
 .text          0x0080a5bc      0x49c c:/altera/13.0sp1/nios2eds/bin/gnu/h-i686-mingw32/bin/../lib/gcc/nios2-elf/4.1.2/../../../../nios2-elf/lib\libc.a(lib_a-fvwrite.o)
                0x0080a5bc                __sfvwrite_r
 .text          0x0080aa58      0x180 c:/altera/13.0sp1/nios2eds/bin/gnu/h-i686-mingw32/bin/../lib/gcc/nios2-elf/4.1.2/../../../../nios2-elf/lib\libc.a(lib_a-fwalk.o)
                0x0080aa58                _fwalk_reent
                0x0080ab20                _fwalk
 .text          0x0080abd8       0xc4 c:/altera/13.0sp1/nios2eds/bin/gnu/h-i686-mingw32/bin/../lib/gcc/nios2-elf/4.1.2/../../../../nios2-elf/lib\libc.a(lib_a-locale.o)
                0x0080abd8                __locale_charset
                0x0080abe0                _localeconv_r
                0x0080abec                localeconv
                0x0080abfc                _setlocale_r
                0x0080ac80                setlocale
 .text          0x0080ac9c      0x194 c:/altera/13.0sp1/nios2eds/bin/gnu/h-i686-mingw32/bin/../lib/gcc/nios2-elf/4.1.2/../../../../nios2-elf/lib\libc.a(lib_a-makebuf.o)
                0x0080ac9c                __smakebuf_r
 .text          0x0080ae30      0x740 c:/altera/13.0sp1/nios2eds/bin/gnu/h-i686-mingw32/bin/../lib/gcc/nios2-elf/4.1.2/../../../../nios2-elf/lib\libc.a(lib_a-mallocr.o)
                0x0080ae30                _malloc_r
 .text          0x0080b570       0xe4 c:/altera/13.0sp1/nios2eds/bin/gnu/h-i686-mingw32/bin/../lib/gcc/nios2-elf/4.1.2/../../../../nios2-elf/lib\libc.a(lib_a-memchr.o)
                0x0080b570                memchr
 .text          0x0080b654      0xff4 c:/altera/13.0sp1/nios2eds/bin/gnu/h-i686-mingw32/bin/../lib/gcc/nios2-elf/4.1.2/../../../../nios2-elf/lib\libc.a(lib_a-mprec.o)
                0x0080b654                _Bfree
                0x0080b67c                __hi0bits
                0x0080b6ec                __lo0bits
                0x0080b7b0                __mcmp
                0x0080b810                __ulp
                0x0080b890                __b2d
                0x0080b9b0                __ratio
                0x0080ba60                _mprec_log10
                0x0080baf4                __copybits
                0x0080bb4c                __any_on
                0x0080bbd4                _Balloc
                0x0080bc90                __d2b
                0x0080be0c                __mdiff
                0x0080bf98                __lshift
                0x0080c0e4                __multiply
                0x0080c2cc                __i2b
                0x0080c308                __multadd
                0x0080c408                __pow5mult
                0x0080c528                __s2b
 .text          0x0080c648      0x5f4 c:/altera/13.0sp1/nios2eds/bin/gnu/h-i686-mingw32/bin/../lib/gcc/nios2-elf/4.1.2/../../../../nios2-elf/lib\libc.a(lib_a-reallocr.o)
                0x0080c648                _realloc_r
 .text          0x0080cc3c      0x1e0 c:/altera/13.0sp1/nios2eds/bin/gnu/h-i686-mingw32/bin/../lib/gcc/nios2-elf/4.1.2/../../../../nios2-elf/lib\libc.a(lib_a-refill.o)
                0x0080cc3c                __srefill_r
 .text          0x0080ce1c       0x40 c:/altera/13.0sp1/nios2eds/bin/gnu/h-i686-mingw32/bin/../lib/gcc/nios2-elf/4.1.2/../../../../nios2-elf/lib\libc.a(lib_a-s_isinfd.o)
                0x0080ce1c                __isinfd
 .text          0x0080ce5c       0x30 c:/altera/13.0sp1/nios2eds/bin/gnu/h-i686-mingw32/bin/../lib/gcc/nios2-elf/4.1.2/../../../../nios2-elf/lib\libc.a(lib_a-s_isnand.o)
                0x0080ce5c                __isnand
 .text          0x0080ce8c       0x70 c:/altera/13.0sp1/nios2eds/bin/gnu/h-i686-mingw32/bin/../lib/gcc/nios2-elf/4.1.2/../../../../nios2-elf/lib\libc.a(lib_a-sbrkr.o)
                0x0080ce8c                _sbrk_r
 .text          0x0080cefc      0x14c c:/altera/13.0sp1/nios2eds/bin/gnu/h-i686-mingw32/bin/../lib/gcc/nios2-elf/4.1.2/../../../../nios2-elf/lib\libc.a(lib_a-stdio.o)
                0x0080cefc                __sclose
                0x0080cf04                __sseek
                0x0080cf6c                __swrite
                0x0080cfe8                __sread
 .text          0x0080d048       0xbc c:/altera/13.0sp1/nios2eds/bin/gnu/h-i686-mingw32/bin/../lib/gcc/nios2-elf/4.1.2/../../../../nios2-elf/lib\libc.a(lib_a-strcmp.o)
                0x0080d048                strcmp
 .text          0x0080d104       0x78 c:/altera/13.0sp1/nios2eds/bin/gnu/h-i686-mingw32/bin/../lib/gcc/nios2-elf/4.1.2/../../../../nios2-elf/lib\libc.a(lib_a-writer.o)
                0x0080d104                _write_r
 .text          0x0080d17c       0xb4 c:/altera/13.0sp1/nios2eds/bin/gnu/h-i686-mingw32/bin/../lib/gcc/nios2-elf/4.1.2/../../../../nios2-elf/lib\libc.a(lib_a-callocr.o)
                0x0080d17c                _calloc_r
 .text          0x0080d230       0x70 c:/altera/13.0sp1/nios2eds/bin/gnu/h-i686-mingw32/bin/../lib/gcc/nios2-elf/4.1.2/../../../../nios2-elf/lib\libc.a(lib_a-closer.o)
                0x0080d230                _close_r
 .text          0x0080d2a0      0x124 c:/altera/13.0sp1/nios2eds/bin/gnu/h-i686-mingw32/bin/../lib/gcc/nios2-elf/4.1.2/../../../../nios2-elf/lib\libc.a(lib_a-fclose.o)
                0x0080d2a0                _fclose_r
                0x0080d3b0                fclose
 .text          0x0080d3c4       0x74 c:/altera/13.0sp1/nios2eds/bin/gnu/h-i686-mingw32/bin/../lib/gcc/nios2-elf/4.1.2/../../../../nios2-elf/lib\libc.a(lib_a-fstatr.o)
                0x0080d3c4                _fstat_r
 .text          0x0080d438        0x0 c:/altera/13.0sp1/nios2eds/bin/gnu/h-i686-mingw32/bin/../lib/gcc/nios2-elf/4.1.2/../../../../nios2-elf/lib\libc.a(lib_a-int_errno.o)
 .text          0x0080d438       0x70 c:/altera/13.0sp1/nios2eds/bin/gnu/h-i686-mingw32/bin/../lib/gcc/nios2-elf/4.1.2/../../../../nios2-elf/lib\libc.a(lib_a-isattyr.o)
                0x0080d438                _isatty_r
 .text          0x0080d4a8       0x78 c:/altera/13.0sp1/nios2eds/bin/gnu/h-i686-mingw32/bin/../lib/gcc/nios2-elf/4.1.2/../../../../nios2-elf/lib\libc.a(lib_a-lseekr.o)
                0x0080d4a8                _lseek_r
 .text          0x0080d520       0x78 c:/altera/13.0sp1/nios2eds/bin/gnu/h-i686-mingw32/bin/../lib/gcc/nios2-elf/4.1.2/../../../../nios2-elf/lib\libc.a(lib_a-readr.o)
                0x0080d520                _read_r
 .text          0x0080d598      0x5dc c:/altera/13.0sp1/nios2eds/bin/gnu/h-i686-mingw32/bin/../lib/gcc/nios2-elf/4.1.2\libgcc.a(_udivdi3.o)
                0x0080d598                __udivdi3
 .text          0x0080db74      0x5b0 c:/altera/13.0sp1/nios2eds/bin/gnu/h-i686-mingw32/bin/../lib/gcc/nios2-elf/4.1.2\libgcc.a(_umoddi3.o)
                0x0080db74                __umoddi3
 .text          0x0080e124      0x258 c:/altera/13.0sp1/nios2eds/bin/gnu/h-i686-mingw32/bin/../lib/gcc/nios2-elf/4.1.2\libgcc.a(_div_df.o)
                0x0080e124                __divdf3
 .text          0x0080e37c       0x88 c:/altera/13.0sp1/nios2eds/bin/gnu/h-i686-mingw32/bin/../lib/gcc/nios2-elf/4.1.2\libgcc.a(_eq_df.o)
                0x0080e37c                __eqdf2
 .text          0x0080e404       0x88 c:/altera/13.0sp1/nios2eds/bin/gnu/h-i686-mingw32/bin/../lib/gcc/nios2-elf/4.1.2\libgcc.a(_ne_df.o)
                0x0080e404                __nedf2
 .text          0x0080e48c       0x88 c:/altera/13.0sp1/nios2eds/bin/gnu/h-i686-mingw32/bin/../lib/gcc/nios2-elf/4.1.2\libgcc.a(_gt_df.o)
                0x0080e48c                __gtdf2
 .text          0x0080e514       0x88 c:/altera/13.0sp1/nios2eds/bin/gnu/h-i686-mingw32/bin/../lib/gcc/nios2-elf/4.1.2\libgcc.a(_lt_df.o)
                0x0080e514                __ltdf2
 .text          0x0080e59c       0xf8 c:/altera/13.0sp1/nios2eds/bin/gnu/h-i686-mingw32/bin/../lib/gcc/nios2-elf/4.1.2\libgcc.a(_si_to_df.o)
                0x0080e59c                __floatsidf
 .text          0x0080e694      0x14c c:/altera/13.0sp1/nios2eds/bin/gnu/h-i686-mingw32/bin/../lib/gcc/nios2-elf/4.1.2\libgcc.a(lib2-divmod.o)
                0x0080e710                __divsi3
                0x0080e770                __modsi3
                0x0080e7d0                __udivsi3
                0x0080e7d8                __umodsi3
 .text          0x0080e7e0       0x6c ../aes_dec_bsp/\libucosii_bsp.a(alt_exit.o)
                0x0080e820                _exit
 .text          0x0080e84c       0xd0 ../aes_dec_bsp/\libucosii_bsp.a(alt_flash_dev.o)
                0x0080e84c                alt_flash_open_dev
                0x0080e8c8                alt_flash_close_dev
 .text          0x0080e91c      0x134 ../aes_dec_bsp/\libucosii_bsp.a(alt_fstat.o)
                0x0080e91c                fstat
 .text          0x0080ea50      0x1c0 ../aes_dec_bsp/\libucosii_bsp.a(alt_irq_register.o)
                0x0080ea50                alt_irq_register
 .text          0x0080ec10        0x0 ../aes_dec_bsp/\libucosii_bsp.a(alt_irq_vars.o)
 .text          0x0080ec10      0x120 ../aes_dec_bsp/\libucosii_bsp.a(alt_isatty.o)
                0x0080ec10                isatty
 .text          0x0080ed30      0x150 ../aes_dec_bsp/\libucosii_bsp.a(alt_lseek.o)
                0x0080ed30                lseek
 .text          0x0080ee80       0xc8 ../aes_dec_bsp/\libucosii_bsp.a(alt_main.o)
                0x0080ee80                alt_main
 .text          0x0080ef48       0xbc ../aes_dec_bsp/\libucosii_bsp.a(alt_sbrk.o)
                0x0080ef48                sbrk
 .text          0x0080f004      0x118 ../aes_dec_bsp/\libucosii_bsp.a(alt_usleep.o)
                0x0080f004                usleep
 .text          0x0080f11c      0x108 ../aes_dec_bsp/\libucosii_bsp.a(alt_env_lock.o)
                0x0080f11c                __env_lock
                0x0080f1c8                __env_unlock
 .text          0x0080f224      0x1d8 ../aes_dec_bsp/\libucosii_bsp.a(alt_malloc_lock.o)
                0x0080f224                __malloc_lock
                0x0080f32c                __malloc_unlock
 .text          0x0080f3fc     0x2128 ../aes_dec_bsp/\libucosii_bsp.a(os_core.o)
                0x0080f3fc                OSEventNameGet
                0x0080f52c                OSEventNameSet
                0x0080f670                OSEventPendMulti
                0x0080fd24                OSInit
                0x0080fd78                OSIntEnter
                0x0080fdf4                OSIntExit
                0x0080fef4                OSSchedLock
                0x0080ff80                OSSchedUnlock
                0x00810064                OSStart
                0x008100d4                OSStatInit
                0x00810180                OSTimeTick
                0x008103c0                OSVersion
                0x008103e0                OS_Dummy
                0x008103fc                OS_EventTaskRdy
                0x00810590                OS_EventTaskWait
                0x008106a0                OS_EventTaskWaitMulti
                0x008107f4                OS_EventTaskRemove
                0x008108ac                OS_EventTaskRemoveMulti
                0x008109b0                OS_EventWaitListInit
                0x00810d7c                OS_MemClr
                0x00810dd0                OS_MemCopy
                0x00810e3c                OS_Sched
                0x00810f80                OS_StrCopy
                0x00811000                OS_StrLen
                0x00811058                OS_TaskIdle
                0x008110b4                OS_TaskStat
                0x0081117c                OS_TaskStatStkChk
                0x00811244                OS_TCBInit
 .text          0x00811524      0x18c ../aes_dec_bsp/\libucosii_bsp.a(os_dbg.o)
                0x00811524                OSDebugInit
 .text          0x008116b0     0x193c ../aes_dec_bsp/\libucosii_bsp.a(os_flag.o)
                0x008116b0                OSFlagAccept
                0x008119e4                OSFlagCreate
                0x00811b20                OSFlagDel
                0x00811dc8                OSFlagNameGet
                0x00811f0c                OSFlagNameSet
                0x00812060                OSFlagPend
                0x008126a4                OSFlagPendGetFlagsRdy
                0x0081270c                OSFlagPost
                0x00812ab4                OSFlagQuery
                0x00812d4c                OS_FlagInit
                0x00812f40                OS_FlagUnlink
 .text          0x00812fec      0x808 ../aes_dec_bsp/\libucosii_bsp.a(os_mem.o)
                0x00812fec                OSMemCreate
                0x00813208                OSMemGet
                0x0081330c                OSMemNameGet
                0x00813418                OSMemNameSet
                0x00813538                OSMemPut
                0x00813628                OSMemQuery
                0x00813724                OS_MemInit
 .text          0x008137f4     0x1334 ../aes_dec_bsp/\libucosii_bsp.a(os_q.o)
                0x008137f4                OSQAccept
                0x00813948                OSQCreate
                0x00813b5c                OSQDel
                0x00813e5c                OSQFlush
                0x00813f24                OSQPend
                0x00814244                OSQPendAbort
                0x008143c0                OSQPost
                0x00814540                OSQPostFront
                0x008146c8                OSQPostOpt
                0x008148fc                OSQQuery
                0x00814a7c                OS_QInit
 .text          0x00814b28      0xbc8 ../aes_dec_bsp/\libucosii_bsp.a(os_sem.o)
                0x00814b28                OSSemAccept
                0x00814be8                OSSemCreate
                0x00814cfc                OSSemDel
                0x00814f9c                OSSemPend
                0x00815218                OSSemPendAbort
                0x00815394                OSSemPost
                0x008154bc                OSSemQuery
                0x008155ec                OSSemSet
 .text          0x008156f0     0x1a40 ../aes_dec_bsp/\libucosii_bsp.a(os_task.o)
                0x008156f0                OSTaskChangePrio
                0x00815c64                OSTaskCreate
                0x00815e38                OSTaskCreateExt
                0x00816038                OSTaskDel
                0x00816444                OSTaskDelReq
                0x008165b4                OSTaskNameGet
                0x0081676c                OSTaskNameSet
                0x00816930                OSTaskResume
                0x00816b48                OSTaskStkChk
                0x00816d44                OSTaskSuspend
                0x00816f70                OSTaskQuery
                0x008170b4                OS_TaskStkClr
 .text          0x00817130      0x670 ../aes_dec_bsp/\libucosii_bsp.a(os_time.o)
                0x00817130                OSTimeDly
                0x0081727c                OSTimeDlyHMSM
                0x008174c8                OSTimeDlyResume
                0x008176d8                OSTimeGet
                0x0081773c                OSTimeSet
 .text          0x008177a0      0x118 ../aes_dec_bsp/\libucosii_bsp.a(alt_sys_init.o)
                0x008177a0                alt_irq_init
                0x008177d4                alt_sys_init
 .text          0x008178b8      0x8c8 ../aes_dec_bsp/\libucosii_bsp.a(altera_avalon_cfi_flash.o)
                0x008178b8                alt_flash_cfi_init
                0x0081798c                alt_flash_cfi_write
                0x00817c4c                alt_flash_cfi_get_info
                0x00817cdc                alt_flash_cfi_read
                0x00817d44                alt_write_value_to_flash
                0x00817ea8                alt_flash_program_block
 .text          0x00818180     0x14a8 ../aes_dec_bsp/\libucosii_bsp.a(altera_avalon_cfi_flash_table.o)
                0x00818180                alt_read_query_entry_8bit
                0x008181c0                alt_read_query_entry_16bit
                0x00818204                alt_read_query_entry_32bit
                0x0081824c                alt_write_flash_command_8bit_device_8bit_mode
                0x00818288                alt_write_flash_command_16bit_device_8bit_mode
                0x00818304                alt_write_flash_command_32bit_device_8bit_mode
                0x0081834c                alt_write_flash_command_16bit_device_16bit_mode
                0x00818390                alt_write_flash_command_32bit_device_16bit_mode
                0x008183d8                alt_write_flash_command_32bit_device_32bit_mode
                0x00818420                alt_write_native_8bit
                0x00818454                alt_write_native_16bit
                0x00818488                alt_write_native_32bit
                0x008184b8                alt_set_flash_width_func
                0x00818698                alt_set_flash_algorithm_func
                0x008187c0                alt_read_cfi_table
                0x00818da0                alt_read_cfi_width
                0x0081954c                alt_check_primary_table
 .text          0x00819628      0x9e4 ../aes_dec_bsp/\libucosii_bsp.a(altera_avalon_epcs_flash_controller.o)
                0x00819628                alt_epcs_flash_init
                0x00819a44                alt_epcs_flash_write
                0x00819cc4                alt_epcs_flash_get_info
                0x00819d54                alt_epcs_flash_erase_block
                0x00819e58                alt_epcs_flash_write_block
                0x00819f74                alt_epcs_flash_read
 .text          0x0081a00c      0x148 ../aes_dec_bsp/\libucosii_bsp.a(altera_avalon_jtag_uart_fd.o)
                0x0081a00c                altera_avalon_jtag_uart_read_fd
                0x0081a064                altera_avalon_jtag_uart_write_fd
                0x0081a0bc                altera_avalon_jtag_uart_close_fd
                0x0081a104                altera_avalon_jtag_uart_ioctl_fd
 .text          0x0081a154      0x584 ../aes_dec_bsp/\libucosii_bsp.a(altera_avalon_jtag_uart_init.o)
                0x0081a154                altera_avalon_jtag_uart_init
                0x0081a664                altera_avalon_jtag_uart_close
 .text          0x0081a6d8       0xf4 ../aes_dec_bsp/\libucosii_bsp.a(altera_avalon_jtag_uart_ioctl.o)
                0x0081a6d8                altera_avalon_jtag_uart_ioctl
 .text          0x0081a7cc      0x2c0 ../aes_dec_bsp/\libucosii_bsp.a(altera_avalon_jtag_uart_read.o)
                0x0081a7cc                altera_avalon_jtag_uart_read
 .text          0x0081aa8c      0x2dc ../aes_dec_bsp/\libucosii_bsp.a(altera_avalon_jtag_uart_write.o)
                0x0081aa8c                altera_avalon_jtag_uart_write
 .text          0x0081ad68      0xf3c ../aes_dec_bsp/\libucosii_bsp.a(altera_avalon_lcd_16207.o)
                0x0081b53c                altera_avalon_lcd_16207_write
                0x0081bb40                altera_avalon_lcd_16207_init
 .text          0x0081bca4       0x58 ../aes_dec_bsp/\libucosii_bsp.a(altera_avalon_lcd_16207_fd.o)
                0x0081bca4                altera_avalon_lcd_16207_write_fd
 .text          0x0081bcfc      0x100 ../aes_dec_bsp/\libucosii_bsp.a(altera_avalon_timer_sc.o)
                0x0081bd6c                alt_avalon_timer_sc_init
 .text          0x0081bdfc       0xf8 ../aes_dec_bsp/\libucosii_bsp.a(altera_avalon_uart_fd.o)
                0x0081bdfc                altera_avalon_uart_read_fd
                0x0081be54                altera_avalon_uart_write_fd
                0x0081beac                altera_avalon_uart_close_fd
 .text          0x0081bef4      0x57c ../aes_dec_bsp/\libucosii_bsp.a(altera_avalon_uart_init.o)
                0x0081bef4                altera_avalon_uart_init
                0x0081c410                altera_avalon_uart_close
 .text          0x0081c470      0x310 ../aes_dec_bsp/\libucosii_bsp.a(altera_avalon_uart_read.o)
                0x0081c470                altera_avalon_uart_read
 .text          0x0081c780      0x2a8 ../aes_dec_bsp/\libucosii_bsp.a(altera_avalon_uart_write.o)
                0x0081c780                altera_avalon_uart_write
 .text          0x0081ca28      0x6d4 ../aes_dec_bsp/\libucosii_bsp.a(epcs_commands.o)
                0x0081ca28                epcs_read_status_register
                0x0081ca88                epcs_sector_erase
                0x0081cbf0                epcs_read_buffer
                0x0081cd3c                epcs_write_enable
                0x0081cd8c                epcs_write_status_register
                0x0081cdf0                epcs_write_buffer
                0x0081cf60                epcs_read_electronic_signature
                0x0081cfcc                epcs_read_device_id
                0x0081d04c                epcs_enter_4_bytes_mode
                0x0081d0a4                epcs_exit_4_bytes_mode
 .text          0x0081d0fc       0x54 ../aes_dec_bsp/\libucosii_bsp.a(alt_iniche_close.o)
                0x0081d0fc                close
 .text          0x0081d150      0x144 ../aes_dec_bsp/\libucosii_bsp.a(alt_iniche_dev.o)
                0x0081d150                iniche_devices_init
 .text          0x0081d294       0x78 ../aes_dec_bsp/\libucosii_bsp.a(alt_iniche_read.o)
                0x0081d294                read
 .text          0x0081d30c       0x70 ../aes_dec_bsp/\libucosii_bsp.a(alt_iniche_write.o)
                0x0081d30c                write
 .text          0x0081d37c      0xedc ../aes_dec_bsp/\libucosii_bsp.a(ipnet.o)
                0x0081d37c                Netinit
                0x0081d9c8                fixup_subnet_mask
                0x0081db28                netclose
                0x0081dc10                pktdemux
                0x0081dfe4                c_older
                0x0081e0b4                ip2mac
 .text          0x0081e258      0x4b0 ../aes_dec_bsp/\libucosii_bsp.a(ipstart.o)
                0x0081e258                ip_startup
                0x0081e53c                exit_hook
                0x0081e5a8                ip_exit
                0x0081e678                if_netnumber
 .text          0x0081e708     0x10e8 ../aes_dec_bsp/\libucosii_bsp.a(igmp_cmn.o)
                0x0081e708                igmp_init
                0x0081e7f8                igmp_input
                0x0081e8f0                igmp_fasttimo
                0x0081eb24                igmp_send
                0x0081edcc                igmp_joingroup
                0x0081f038                igmp_leavegroup
                0x0081f0b4                igmp_validate
                0x0081f410                igmp_print_stats
 .text          0x0081f7f0      0xbc8 ../aes_dec_bsp/\libucosii_bsp.a(bsdsock.o)
                0x0081f7f0                bsd_accept
                0x0081f928                bsd_getpeername
                0x0081fa54                bsd_getsockname
                0x0081fb80                bsd_i_sockoptlen
                0x0081fd38                bsd_getsockopt
                0x0081fe58                bsd_ioctl
                0x0081ff5c                bsd_inet_ntoa
                0x0081ff8c                bsd_recvfrom
                0x008200ec                bsd_select
                0x008202cc                bsd_setsockopt
 .text          0x008203b8      0x118 ../aes_dec_bsp/\libucosii_bsp.a(cksum.o)
                0x008203b8                ccksum
                0x00820468                cksum
 .text          0x008204d0      0xa9c ../aes_dec_bsp/\libucosii_bsp.a(in_utils.o)
                0x008204d0                do_trap
                0x008204fc                nextarg
                0x00820578                hexdump
                0x008206c0                print_ipad
                0x00820734                print_uptime
                0x00820860                panic
                0x008208a4                print_eth
                0x00820a08                uslash
                0x00820a88                ns_printf
                0x00820c0c                std_out
                0x00820c50                con_page
                0x00820d40                parse_args
 .text          0x00820f6c      0x1c8 ../aes_dec_bsp/\libucosii_bsp.a(netmain.o)
                0x00820f6c                netmain
                0x00821060                tk_netmain
                0x008210e8                tk_nettick
 .text          0x00821134      0x810 ../aes_dec_bsp/\libucosii_bsp.a(parseip.o)
                0x00821134                parse_ipad
                0x00821450                inet_addr
                0x008214b8                hextoa
                0x00821528                inet_pton
                0x008215d4                inet_ntop
                0x00821660                print46_addr
                0x008216c0                inet46_addr
                0x00821784                inet_setport
                0x008217f8                convert_ip
 .text          0x00821944      0x5e8 ../aes_dec_bsp/\libucosii_bsp.a(tk_crnos.o)
                0x00821944                TK_OSTimeDly
                0x00821970                TK_OSTaskResume
                0x008219e0                tcp_sleep
                0x00821b80                tcp_wakeup
                0x00821c84                TK_OSTaskQuery
                0x00821cf8                tk_yield
                0x00821d24                tk_stats
 .text          0x00821f2c     0x3294 ../aes_dec_bsp/\libucosii_bsp.a(dhcpclnt.o)
                0x00821f2c                dhc_get_srv_ipaddr
                0x00821fbc                dhc_init
                0x00822078                dhc_set_callback
                0x008220bc                dhc_upcall
                0x008228ec                dhc_buildheader
                0x00822b08                dhc_discover
                0x00823020                dhc_rx_offer
                0x00823124                dhc_request
                0x00823c60                dhc_setip
                0x00823ee0                dhc_resetip
                0x00823fc4                dhc_decline
                0x008241a8                dhc_extract_opts
                0x00824464                dhc_second
                0x00824d54                dhc_halt
                0x00824ddc                dhc_reclaim
                0x00824fac                dhc_state_init
                0x0082500c                dhc_alldone
                0x0082509c                dhc_ifacedone
                0x00825110                dhc_set_state
 .text          0x008251c0       0xcc ../aes_dec_bsp/\libucosii_bsp.a(dhcputil.o)
                0x008251c0                find_opt
 .text          0x0082528c      0x79c ../aes_dec_bsp/\libucosii_bsp.a(pktalloc.o)
                0x0082528c                pk_init
                0x0082551c                pk_alloc
                0x008255f8                pk_validate
                0x008258b0                pk_free
                0x0082595c                pk_get_max_intrsafe_buf_len
                0x0082597c                dump_buf_estats
 .text          0x00825a28      0x288 ../aes_dec_bsp/\libucosii_bsp.a(q.o)
                0x00825a28                getq
                0x00825af0                putq
                0x00825ba0                qdel
 .text          0x00825cb0      0x31c ../aes_dec_bsp/\libucosii_bsp.a(udp_open.o)
                0x00825cb0                udp_open
                0x00825ee8                udp_close
 .text          0x00825fcc      0x194 ../aes_dec_bsp/\libucosii_bsp.a(asm_cksum.o)
                0x00825fcc                asm_cksum
 .text          0x00826160      0x2e4 ../aes_dec_bsp/\libucosii_bsp.a(brdutils.o)
                0x00826160                dtrap
                0x00826190                kbhit
                0x0082623c                getch
                0x0082629c                clock_init
                0x008262d8                clock_c
                0x008262f4                cticks_hook
                0x008263a4                irq_Mask
                0x00826400                irq_Unmask
 .text          0x00826444      0x488 ../aes_dec_bsp/\libucosii_bsp.a(osportco.o)
                0x00826444                LOCK_NET_RESOURCE
                0x00826504                UNLOCK_NET_RESOURCE
                0x0082658c                TK_NEWTASK
                0x008267a0                wait_app_sem
                0x00826854                post_app_sem
 .text          0x008268cc      0x568 ../aes_dec_bsp/\libucosii_bsp.a(targnios.o)
                0x008268cc                alt_iniche_init
                0x00826ae8                pre_task_setup
                0x00826b5c                post_task_setup
                0x00826b7c                prep_armintcp
                0x00826bb4                calloc2
                0x00826be8                npalloc
                0x00826cdc                npfree
                0x00826d94                ncpalloc
                0x00826de8                ncpfree
 .text          0x00826e34     0x19b8 ../aes_dec_bsp/\libucosii_bsp.a(nptcp.o)
                0x00826e34                pffindtype
                0x00826ed4                pffindproto
                0x00826fa4                m_getnbuf
                0x0082714c                m_free
                0x00827280                m_freem
                0x008272c4                m_copy
                0x008275e8                m_adj
                0x008277b8                mbuf_len
                0x00827810                dtom
                0x008278b8                remque
                0x00827928                insque
                0x008279a4                nptcp_init
                0x00827ac8                tcp_rcv
                0x00827cb4                ip_output
                0x008282ac                in_broadcast
                0x008282ec                np_stripoptions
                0x008283d4                so_icmpdu
                0x0082872c                tcp_tick
 .text          0x008287ec      0xa2c ../aes_dec_bsp/\libucosii_bsp.a(rawsock.o)
                0x008287ec                rawip_lookup
                0x0082885c                rawip_soinput
                0x00828a30                rawip_usrreq
 .text          0x00829218     0x17fc ../aes_dec_bsp/\libucosii_bsp.a(sockcall.o)
                0x00829218                DOMAIN_CHECK
                0x00829264                t_socket
                0x008292f4                t_bind
                0x00829470                t_listen
                0x00829554                t_accept
                0x008297ec                t_connect
                0x00829a94                t_getpeername
                0x00829ad8                t_getsockname
                0x00829d18                t_setsockopt
                0x00829ef4                t_getsockopt
                0x0082a098                t_recv
                0x0082a188                t_recvfrom
                0x0082a2d8                t_sendto
                0x0082a504                t_send
                0x0082a72c                t_shutdown
                0x0082a810                t_socketclose
                0x0082a978                t_errno
 .text          0x0082aa14     0x23ec ../aes_dec_bsp/\libucosii_bsp.a(socket.o)
                0x0082aa14                socreate
                0x0082abe0                sobind
                0x0082ac3c                solisten
                0x0082ad2c                sofree
                0x0082ae5c                soclose
                0x0082b1c8                soabort
                0x0082b218                soaccept
                0x0082b2b4                soconnect
                0x0082b388                sodisconnect
                0x0082b428                sosend
                0x0082ba30                soreceive
                0x0082c214                soshutdown
                0x0082c2bc                sorflush
                0x0082c3bc                sosetopt
                0x0082c87c                sogetopt
                0x0082cdbc                sohasoutofband
 .text          0x0082ce00     0x1318 ../aes_dec_bsp/\libucosii_bsp.a(socket2.o)
                0x0082ce00                soisconnecting
                0x0082ce6c                soisconnected
                0x0082cf68                soisdisconnecting
                0x0082cff4                soisdisconnected
                0x0082d0b0                sonewconn
                0x0082d2cc                soqinsque
                0x0082d378                soqremque
                0x0082d498                socantsendmore
                0x0082d4e8                socantrcvmore
                0x0082d538                sbselqueue
                0x0082d570                sbwait
                0x0082d5d8                sbwakeup
                0x0082d674                soreserve
                0x0082d6f4                sbreserve
                0x0082d754                sbrelease
                0x0082d79c                sbappend
                0x0082d844                sbappendrecord
                0x0082d924                sbappendaddr
                0x0082db2c                sbcompress
                0x0082dd14                sbflush
                0x0082dda4                sbdrop
                0x0082df74                sbdropend
                0x0082e084                sbdroprecord
 .text          0x0082e118      0x914 ../aes_dec_bsp/\libucosii_bsp.a(soselect.o)
                0x0082e118                t_select
                0x0082e338                sock_selscan
                0x0082e490                sock_select
                0x0082e6a4                in_pcbnotify
                0x0082e770                tcp_notify
                0x0082e7d8                ifd_clr
                0x0082e8c8                ifd_set
                0x0082e93c                ifd_isset
                0x0082e9bc                ifd_get
 .text          0x0082ea2c     0x3020 ../aes_dec_bsp/\libucosii_bsp.a(tcp_in.o)
                0x0082ea2c                tcp_reass
                0x0082ee34                tcp_input
                0x00831388                tcp_dooptions
                0x00831518                tcp_pulloutofband
                0x00831644                tcp_xmit_timer
                0x008318e8                ip4_tcpmss
                0x00831930                tcp_mss
 .text          0x00831a4c     0x1360 ../aes_dec_bsp/\libucosii_bsp.a(tcp_out.o)
                0x00831a4c                tcp_output
                0x00832bc8                tcp_setpersist
 .text          0x00832dac      0x9e8 ../aes_dec_bsp/\libucosii_bsp.a(tcp_subr.o)
                0x00832dac                tcp_init
                0x00832e04                tcp_template
                0x00832f1c                tcp_respond
                0x008333a4                tcp_newtcpcb
                0x008334bc                tcp_drop
                0x00833568                tcp_close
                0x00833650                tcp_quench
                0x0083369c                tcp_putseq
                0x0083371c                tcp_getseq
 .text          0x00833794      0x798 ../aes_dec_bsp/\libucosii_bsp.a(tcp_timr.o)
                0x00833794                tcp_slowtimo
                0x00833a34                tcp_canceltimers
                0x00833a90                tcp_timers
 .text          0x00833f2c      0x9ec ../aes_dec_bsp/\libucosii_bsp.a(tcp_usr.o)
                0x00833f2c                tcp_usrreq
                0x00834630                tcp_attach
                0x00834764                tcp_disconnect
                0x00834838                tcp_usrclosed
 .text          0x00834918       0x4c ../aes_dec_bsp/\libucosii_bsp.a(tcpport.o)
                0x00834918                tcpinit
 .text          0x00834964      0xd20 ../aes_dec_bsp/\libucosii_bsp.a(udpsock.o)
                0x00834964                udp_lookup
                0x008349d4                udp_soinput
                0x00834b8c                udp_usrreq
                0x00834e10                udp4_sockbind
                0x0083514c                udp4_socksend
                0x00835528                udp4_sockaddr
 .text          0x00835684      0x154 ../aes_dec_bsp/\libucosii_bsp.a(alt_alarm_start.o)
                0x00835684                alt_alarm_start
 .text          0x008357d8      0x14c ../aes_dec_bsp/\libucosii_bsp.a(alt_busy_sleep.o)
                0x008357d8                alt_busy_sleep
 .text          0x00835924      0x15c ../aes_dec_bsp/\libucosii_bsp.a(alt_close.o)
                0x00835924                alt_close
 .text          0x00835a80       0x78 ../aes_dec_bsp/\libucosii_bsp.a(alt_dcache_flush.o)
                0x00835a80                alt_dcache_flush
 .text          0x00835af8       0x2c ../aes_dec_bsp/\libucosii_bsp.a(alt_dev.o)
 .text          0x00835b24      0x114 ../aes_dec_bsp/\libucosii_bsp.a(alt_dev_llist_insert.o)
                0x00835b24                alt_dev_llist_insert
 .text          0x00835c38       0x64 ../aes_dec_bsp/\libucosii_bsp.a(alt_do_ctors.o)
                0x00835c38                _do_ctors
 .text          0x00835c9c       0x64 ../aes_dec_bsp/\libucosii_bsp.a(alt_do_dtors.o)
                0x00835c9c                _do_dtors
 .text          0x00835d00        0x0 ../aes_dec_bsp/\libucosii_bsp.a(alt_errno.o)
 .text          0x00835d00       0x94 ../aes_dec_bsp/\libucosii_bsp.a(alt_find_dev.o)
                0x00835d00                alt_find_dev
 .text          0x00835d94      0x1d4 ../aes_dec_bsp/\libucosii_bsp.a(alt_iic.o)
                0x00835d94                alt_ic_isr_register
                0x00835de4                alt_ic_irq_enable
                0x00835e80                alt_ic_irq_disable
                0x00835f20                alt_ic_irq_enabled
 .text          0x00835f68       0xf8 ../aes_dec_bsp/\libucosii_bsp.a(alt_iic_isr_register.o)
                0x00835f68                alt_iic_isr_register
 .text          0x00836060      0x13c ../aes_dec_bsp/\libucosii_bsp.a(alt_io_redirect.o)
                0x00836124                alt_io_redirect
 .text          0x0083619c        0x0 ../aes_dec_bsp/\libucosii_bsp.a(alt_irq_entry.o)
 .text          0x0083619c        0x0 ../aes_dec_bsp/\libucosii_bsp.a(alt_irq_handler.o)
 .text          0x0083619c      0x2c4 ../aes_dec_bsp/\libucosii_bsp.a(alt_open.o)
                0x00836278                open
 .text          0x00836460      0x180 ../aes_dec_bsp/\libucosii_bsp.a(alt_read.o)
                0x00836460                alt_read
 .text          0x008365e0       0x60 ../aes_dec_bsp/\libucosii_bsp.a(alt_release_fd.o)
                0x008365e0                alt_release_fd
 .text          0x00836640       0x38 ../aes_dec_bsp/\libucosii_bsp.a(alt_remap_cached.o)
                0x00836640                alt_remap_cached
 .text          0x00836678       0x40 ../aes_dec_bsp/\libucosii_bsp.a(alt_remap_uncached.o)
                0x00836678                alt_remap_uncached
 .text          0x008366b8      0x1a8 ../aes_dec_bsp/\libucosii_bsp.a(alt_tick.o)
                0x008366b8                alt_alarm_stop
                0x00836750                alt_tick
 .text          0x00836860      0x180 ../aes_dec_bsp/\libucosii_bsp.a(alt_write.o)
                0x00836860                alt_write
 .text          0x008369e0       0x20 ../aes_dec_bsp/\libucosii_bsp.a(altera_nios2_qsys_irq.o)
                0x008369e0                altera_nios2_qsys_irq_init
 .text          0x00836a00       0xd0 ../aes_dec_bsp/\libucosii_bsp.a(os_cpu_a.o)
                0x00836a00                OSCtxSw
                0x00836a00                OSIntCtxSw
                0x00836a8c                OSStartHighRdy
                0x00836aac                OSStartTsk
 .text          0x00836ad0      0x424 ../aes_dec_bsp/\libucosii_bsp.a(os_cpu_c.o)
                0x00836ad0                OSTaskStkInit
                0x00836de0                OSTaskCreateHook
                0x00836e00                OSTaskDelHook
                0x00836e20                OSTaskSwHook
                0x00836e3c                OSTaskStatHook
                0x00836e58                OSTimeTickHook
                0x00836e80                OSInitHookBegin
                0x00836e9c                OSInitHookEnd
                0x00836eb8                OSTaskIdleHook
                0x00836ed4                OSTCBInitHook
 .text          0x00836ef4      0x460 ../aes_dec_bsp/\libucosii_bsp.a(altera_avalon_cfi_flash_amd.o)
                0x00836ef4                alt_program_amd
                0x00836f5c                alt_erase_block_amd
 .text          0x00837354      0x460 ../aes_dec_bsp/\libucosii_bsp.a(altera_avalon_cfi_flash_intel.o)
                0x00837354                alt_program_intel
                0x008373d8                alt_erase_block_intel
 .text          0x008377b4      0x238 ../aes_dec_bsp/\libucosii_bsp.a(altera_avalon_spi.o)
                0x008377b4                alt_avalon_spi_command
 .text          0x008379ec      0x444 ../aes_dec_bsp/\libucosii_bsp.a(allports.o)
                0x008379ec                netmain_init
                0x00837ae8                icmp_port_du
                0x00837b70                station_state
                0x00837cd4                sysuptime
                0x00837d68                packet_check
                0x00837db4                mcastlist
                0x00837dd8                prep_modules
 .text          0x00837e30      0x580 ../aes_dec_bsp/\libucosii_bsp.a(timeouts.o)
                0x00837e30                inet_timer
                0x00838130                in_timerset
                0x00838308                in_timerkill
 .text          0x008383b0       0xa4 ../aes_dec_bsp/\libucosii_bsp.a(tk_misc.o)
                0x008383b0                create_apptasks
                0x008383d4                task_stats
 .text          0x00838454       0xb0 ../aes_dec_bsp/\libucosii_bsp.a(alt_iniche_fcntl.o)
                0x00838454                fcntl
 .text          0x00838504     0x15b0 ../aes_dec_bsp/\libucosii_bsp.a(et_arp.o)
                0x00838504                etainit
                0x00838558                et_send
                0x008386d4                arp_free_pending
                0x0083875c                arp_send_pending
                0x008387d0                send_arp
                0x00838c68                find_oldest_arp
                0x00838e64                make_arp_entry
                0x00838f78                arpReply
                0x0083920c                arprcv
                0x0083946c                send_via_arp
                0x0083963c                cb_arpent_tmo
                0x008397e8                grat_arp
 .text          0x00839ab4      0x298 ../aes_dec_bsp/\libucosii_bsp.a(iface.o)
                0x00839ab4                if_getbynum
                0x00839b38                isbcast
                0x00839c18                reg_type
                0x00839cb4                if_killsocks
 .text          0x00839d4c     0x22a4 ../aes_dec_bsp/\libucosii_bsp.a(ip.o)
                0x00839d4c                ip_init
                0x00839e48                ip_bldhead
                0x00839fec                ip_write_internal
                0x0083a76c                ip_write
                0x0083a9b4                ip_write2
                0x0083ad64                ip_raw_write
                0x0083ae3c                ip_fragment_lc
                0x0083b2c4                ip_fragment
                0x0083b8e8                ip_mymach
                0x0083b994                ip_dump
                0x0083bc4c                iproute
                0x0083beb8                ip_copypkt
 .text          0x0083bff0     0x1e08 ../aes_dec_bsp/\libucosii_bsp.a(ip_reasm.o)
                0x0083bff0                ip_reasm_match_frag_with_ire
                0x0083c0c0                ip_reasm_determine_type_of_frag
                0x0083c1ac                ip_reasm_check_mem_useage
                0x0083c244                ip_reasm_incr_mem_useage
                0x0083c2ec                ip_reasm_decr_mem_useage
                0x0083c38c                ip_reasm_process_first_fragment
                0x0083c66c                ip_reassm
                0x0083c70c                ip_reasm_compute_overlap
                0x0083cc9c                ip_reasm_process_subsequent_fragments
                0x0083d230                ip_reasm_find_ire
                0x0083d294                ip_reasm_copy_queued_fragments_into_reassy_buffer
                0x0083d5f0                ip_reasm_process_timer_tick
                0x0083d710                ip_reasm_delete_ire
                0x0083d8d8                ip_reasm_mark_compact_rfq
                0x0083da20                ipr_stats
                0x0083dda4                ip_reasm_send_icmp_timex
 .text          0x0083ddf8      0xe3c ../aes_dec_bsp/\libucosii_bsp.a(ipdemux.o)
                0x0083ddf8                ip_rcv
                0x0083e1f8                ip_rcv_phase2
                0x0083e804                ip_demux
 .text          0x0083ec34      0x2f0 ../aes_dec_bsp/\libucosii_bsp.a(ipmc.o)
                0x0083ec34                in_addmulti
                0x0083ed9c                in_delmulti
                0x0083eeb4                lookup_mcast
 .text          0x0083ef24       0xe4 ../aes_dec_bsp/\libucosii_bsp.a(ipport.o)
                0x0083ef24                prep_ifaces
                0x0083efb8                netexit
                0x0083efe0                evtmap_setup
 .text          0x0083f008      0x550 ../aes_dec_bsp/\libucosii_bsp.a(ipraw.o)
                0x0083f008                ip_raw_open
                0x0083f0f8                ip_raw_close
                0x0083f1b8                ip_raw_input
                0x0083f3f0                ip_raw_alloc
                0x0083f4bc                ip_raw_free
                0x0083f4fc                ip_raw_maxalloc
 .text          0x0083f558      0x6f0 ../aes_dec_bsp/\libucosii_bsp.a(iproute.o)
                0x0083f558                rt_lookup
                0x0083f6dc                add_route
                0x0083fb04                del_route
 .text          0x0083fc48      0xe3c ../aes_dec_bsp/\libucosii_bsp.a(udp.o)
                0x0083fc48                udpdemux
                0x008404a0                udp_send
                0x00840758                udpswap
                0x00840888                udp_socket
                0x00840958                udp_alloc
                0x00840a18                udp_maxalloc
                0x00840a44                udp_free
 .text          0x00840a84      0x2e8 ../aes_dec_bsp/\libucosii_bsp.a(igmp.o)
                0x00840a84                igmpv1_input
 .text          0x00840d6c      0x7c0 ../aes_dec_bsp/\libucosii_bsp.a(igmp2.o)
                0x00840d6c                igmpv2_input
                0x00840ecc                igmpv2_process_report
                0x00841018                igmpv2_process_query
                0x00841264                igmpv2_chk_set_timer
                0x008413bc                igmpv2_chk4_rtr_alert_opt
 .text          0x0084152c      0x8fc ../aes_dec_bsp/\libucosii_bsp.a(ipopt.o)
                0x0084152c                IPADDR_TO_NETP
                0x00841674                ip_setmoptions
                0x00841c64                ip_getmoptions
                0x00841da4                ip_freemoptions
 .text          0x00841e28      0x6e8 ../aes_dec_bsp/\libucosii_bsp.a(u_mctest.o)
                0x00841e28                u_mctest_init
                0x00841e58                u_mctest_run
 .text          0x00842510      0x3d0 ../aes_dec_bsp/\libucosii_bsp.a(dhcsetup.o)
                0x00842510                dhc_setup
                0x008427dc                dhc_main_ipset
 .text          0x008428e0      0x40c ../aes_dec_bsp/\libucosii_bsp.a(memdev.o)
                0x008428e0                init_memdev
                0x00842958                md_fopen
                0x00842980                md_fclose
                0x008429a0                md_fread
                0x00842b20                md_fwrite
                0x00842ba0                md_fseek
                0x00842bcc                md_ftell
                0x00842bf0                md_fgetc
                0x00842cc8                md_unlink
 .text          0x00842cec      0x1cc ../aes_dec_bsp/\libucosii_bsp.a(tcpcksum.o)
                0x00842cec                tcp_cksum
 .text          0x00842eb8      0x900 ../aes_dec_bsp/\libucosii_bsp.a(in_pcb.o)
                0x00842eb8                in_pcballoc
                0x00842f4c                in_pcbdetach
                0x00842fa0                in_pcbbind
                0x008431f4                in_pcbconnect
                0x00843404                in_pcbdisconnect
                0x00843464                in_setsockaddr
                0x008434e0                in_setpeeraddr
                0x0084355c                in_pcblookup
 .text          0x008437b8     0x1a74 ../aes_dec_bsp/\libucosii_bsp.a(vfsfiles.o)
                0x008437b8                set_vfopen_error
                0x008437e0                get_vfopen_error
                0x00843800                vf_alloc_and_link_vop
                0x0084387c                vf_alloc_buffer
                0x00843954                vf_free_buffer
                0x008439a4                vfopen_locked
                0x00843d0c                vfopen
                0x00843d5c                vfclose_locked
                0x00843f04                vfclose
                0x00843f44                vfflush
                0x00843f8c                vfgets
                0x00844070                vfeof
                0x008440c8                vunlink_flag_open_files
                0x00844124                vunlink
                0x00844344                vfread
                0x008444f0                vfwrite_locked
                0x008448d8                vfwrite
                0x00844938                vfseek
                0x00844ab4                vftell
                0x00844be8                vgetc_locked
                0x00844d08                vgetc
                0x00844d50                vfslookup_locked
                0x00844e88                vfslookup
                0x00844ed0                strippath
                0x008450b8                isvfile_locked
                0x0084511c                isvfile
                0x00845164                vferror
                0x008451d0                vclearerr
 .text          0x0084522c       0x24 ../aes_dec_bsp/\libucosii_bsp.a(vfsport.o)
                0x0084522c                prep_vfs
 .text          0x00845250        0x0 ../aes_dec_bsp/\libucosii_bsp.a(alt_exception_entry.o)
 .text          0x00845250      0x1b4 ../aes_dec_bsp/\libucosii_bsp.a(alt_fcntl.o)
                0x00845250                alt_fcntl
 .text          0x00845404      0x120 ../aes_dec_bsp/\libucosii_bsp.a(alt_find_file.o)
                0x00845404                alt_find_file
 .text          0x00845524       0xf4 ../aes_dec_bsp/\libucosii_bsp.a(alt_get_fd.o)
                0x00845524                alt_get_fd
 .text          0x00845618     0x130c ../aes_dec_bsp/\libucosii_bsp.a(icmp.o)
                0x00845618                icmprcv
                0x0084624c                icmp_destun
                0x0084659c                icmp_timex
                0x008468d0                icmp_du
 .text          0x00846924       0x14 c:/altera/13.0sp1/nios2eds/bin/gnu/h-i686-mingw32/bin/../lib/gcc/nios2-elf/4.1.2/../../../../nios2-elf/lib\libc.a(lib_a-atexit.o)
                0x00846924                atexit
 .text          0x00846938       0x18 c:/altera/13.0sp1/nios2eds/bin/gnu/h-i686-mingw32/bin/../lib/gcc/nios2-elf/4.1.2/../../../../nios2-elf/lib\libc.a(lib_a-atoi.o)
                0x00846938                _atoi_r
                0x00846944                atoi
 .text          0x00846950       0x1c c:/altera/13.0sp1/nios2eds/bin/gnu/h-i686-mingw32/bin/../lib/gcc/nios2-elf/4.1.2/../../../../nios2-elf/lib\libc.a(lib_a-calloc.o)
                0x00846950                calloc
 .text          0x0084696c       0x28 c:/altera/13.0sp1/nios2eds/bin/gnu/h-i686-mingw32/bin/../lib/gcc/nios2-elf/4.1.2/../../../../nios2-elf/lib\libc.a(lib_a-malloc.o)
                0x0084696c                free
                0x00846980                malloc
 .text          0x00846994       0x74 c:/altera/13.0sp1/nios2eds/bin/gnu/h-i686-mingw32/bin/../lib/gcc/nios2-elf/4.1.2/../../../../nios2-elf/lib\libc.a(lib_a-memcmp.o)
                0x00846994                memcmp
 .text          0x00846a08       0xd4 c:/altera/13.0sp1/nios2eds/bin/gnu/h-i686-mingw32/bin/../lib/gcc/nios2-elf/4.1.2/../../../../nios2-elf/lib\libc.a(lib_a-sprintf.o)
                0x00846a08                sprintf
                0x00846a7c                _sprintf_r
 .text          0x00846adc       0x8c c:/altera/13.0sp1/nios2eds/bin/gnu/h-i686-mingw32/bin/../lib/gcc/nios2-elf/4.1.2/../../../../nios2-elf/lib\libc.a(lib_a-strcpy.o)
                0x00846adc                strcpy
 .text          0x00846b68       0xf0 c:/altera/13.0sp1/nios2eds/bin/gnu/h-i686-mingw32/bin/../lib/gcc/nios2-elf/4.1.2/../../../../nios2-elf/lib\libc.a(lib_a-strncmp.o)
                0x00846b68                strncmp
 .text          0x00846c58       0xbc c:/altera/13.0sp1/nios2eds/bin/gnu/h-i686-mingw32/bin/../lib/gcc/nios2-elf/4.1.2/../../../../nios2-elf/lib\libc.a(lib_a-strncpy.o)
                0x00846c58                strncpy
 .text          0x00846d14      0x268 c:/altera/13.0sp1/nios2eds/bin/gnu/h-i686-mingw32/bin/../lib/gcc/nios2-elf/4.1.2/../../../../nios2-elf/lib\libc.a(lib_a-strtol.o)
                0x00846d14                _strtol_r
                0x00846f58                strtol
 .text          0x00846f7c       0x34 c:/altera/13.0sp1/nios2eds/bin/gnu/h-i686-mingw32/bin/../lib/gcc/nios2-elf/4.1.2/../../../../nios2-elf/lib\libc.a(lib_a-vprintf.o)
                0x00846f7c                _vprintf_r
                0x00846f90                vprintf
 .text          0x00846fb0       0x74 c:/altera/13.0sp1/nios2eds/bin/gnu/h-i686-mingw32/bin/../lib/gcc/nios2-elf/4.1.2/../../../../nios2-elf/lib\libc.a(lib_a-vsprintf.o)
                0x00846fb0                _vsprintf_r
                0x00847000                vsprintf
 .text          0x00847024      0x134 c:/altera/13.0sp1/nios2eds/bin/gnu/h-i686-mingw32/bin/../lib/gcc/nios2-elf/4.1.2/../../../../nios2-elf/lib\libc.a(lib_a-__atexit.o)
                0x00847024                __register_exitproc
 *(.gnu.warning.*)
 *(.fini)
                0x00847158                PROVIDE (__etext, ABSOLUTE (.))
                0x00847158                PROVIDE (_etext, ABSOLUTE (.))
                0x00847158                PROVIDE (etext, ABSOLUTE (.))
 *(.eh_frame_hdr)
                0x00847158                . = ALIGN (0x4)
                0x00847158                PROVIDE (__preinit_array_start, ABSOLUTE (.))
 *(.preinit_array)
                0x00847158                PROVIDE (__preinit_array_end, ABSOLUTE (.))
                0x00847158                PROVIDE (__init_array_start, ABSOLUTE (.))
 *(.init_array)
                0x00847158                PROVIDE (__init_array_end, ABSOLUTE (.))
                0x00847158                PROVIDE (__fini_array_start, ABSOLUTE (.))
 *(.fini_array)
                0x00847158                PROVIDE (__fini_array_end, ABSOLUTE (.))
 *(.eh_frame)
 *(.gcc_except_table)
 *(.dynamic)
                0x00847158                PROVIDE (__CTOR_LIST__, ABSOLUTE (.))
 *(.ctors)
 *(SORT(.ctors.*))
 .ctors.65535   0x00847158        0x4 c:/altera/13.0sp1/nios2eds/bin/gnu/h-i686-mingw32/bin/../lib/gcc/nios2-elf/4.1.2/../../../../nios2-elf/lib\libc.a(lib_a-__call_atexit.o)
                0x0084715c                PROVIDE (__CTOR_END__, ABSOLUTE (.))
                0x0084715c                PROVIDE (__DTOR_LIST__, ABSOLUTE (.))
 *(.dtors)
 *(SORT(.dtors.*))
                0x0084715c                PROVIDE (__DTOR_END__, ABSOLUTE (.))
 *(.jcr)
                0x0084715c                . = ALIGN (0x4)

.rodata         0x0084715c     0x4218
                0x0084715c                PROVIDE (__ram_rodata_start, ABSOLUTE (.))
                0x0084715c                . = ALIGN (0x4)
 *(.rodata .rodata.* .gnu.linkonce.r.*)
 .rodata        0x0084715c       0x60 obj/default/LCD.o
 .rodata        0x008471bc       0xa8 obj/default/SSS_DE2_115.o
 .rodata        0x00847264      0xba4 obj/default/alt_error_handler.o
 .rodata        0x00847e08       0x64 obj/default/dm9000a.o
 .rodata        0x00847e6c       0xfc obj/default/iniche_init.o
 .rodata        0x00847f68      0x234 obj/default/network_utilities.o
 .rodata        0x0084819c      0x2e0 obj/default/simple_socket_server.o
 .rodata        0x0084847c       0x14 c:/altera/13.0sp1/nios2eds/bin/gnu/h-i686-mingw32/bin/../lib/gcc/nios2-elf/4.1.2\libgcc.a(_thenan_df.o)
                0x0084847c                __thenan_df
 .rodata        0x00848490      0x100 c:/altera/13.0sp1/nios2eds/bin/gnu/h-i686-mingw32/bin/../lib/gcc/nios2-elf/4.1.2\libgcc.a(_clz.o)
                0x00848490                __clz_tab
 .rodata        0x00848590      0x281 c:/altera/13.0sp1/nios2eds/bin/gnu/h-i686-mingw32/bin/../lib/gcc/nios2-elf/4.1.2/../../../../nios2-elf/lib\libc.a(lib_a-ctype_.o)
                0x00848590                _ctype_
 *fill*         0x00848811        0x3 00
 .rodata.str1.4
                0x00848814        0x2 c:/altera/13.0sp1/nios2eds/bin/gnu/h-i686-mingw32/bin/../lib/gcc/nios2-elf/4.1.2/../../../../nios2-elf/lib\libc.a(lib_a-impure.o)
                                  0x4 (size before relaxing)
 *fill*         0x00848816        0x2 00
 .rodata.str1.4
                0x00848818        0x3 c:/altera/13.0sp1/nios2eds/bin/gnu/h-i686-mingw32/bin/../lib/gcc/nios2-elf/4.1.2/../../../../nios2-elf/lib\libc.a(lib_a-perror.o)
                                  0x4 (size before relaxing)
 *fill*         0x0084881b        0x1 00
 .rodata.str1.4
                0x0084881c        0x2 c:/altera/13.0sp1/nios2eds/bin/gnu/h-i686-mingw32/bin/../lib/gcc/nios2-elf/4.1.2/../../../../nios2-elf/lib\libc.a(lib_a-puts.o)
                                  0x4 (size before relaxing)
 *fill*         0x0084881e        0x2 00
 .rodata.str1.4
                0x00848820      0x7a2 c:/altera/13.0sp1/nios2eds/bin/gnu/h-i686-mingw32/bin/../lib/gcc/nios2-elf/4.1.2/../../../../nios2-elf/lib\libc.a(lib_a-strerror.o)
                                0x7a8 (size before relaxing)
 *fill*         0x00848fc2        0x2 00
 .rodata.str1.4
                0x00848fc4       0x5e c:/altera/13.0sp1/nios2eds/bin/gnu/h-i686-mingw32/bin/../lib/gcc/nios2-elf/4.1.2/../../../../nios2-elf/lib\libc.a(lib_a-vfprintf.o)
                                 0x60 (size before relaxing)
 .rodata        0x00849022       0x20 c:/altera/13.0sp1/nios2eds/bin/gnu/h-i686-mingw32/bin/../lib/gcc/nios2-elf/4.1.2/../../../../nios2-elf/lib\libc.a(lib_a-vfprintf.o)
 *fill*         0x00849042        0x2 00
 .rodata.str1.4
                0x00849044       0x10 c:/altera/13.0sp1/nios2eds/bin/gnu/h-i686-mingw32/bin/../lib/gcc/nios2-elf/4.1.2/../../../../nios2-elf/lib\libc.a(lib_a-dtoa.o)
                                 0x14 (size before relaxing)
 .rodata.str1.4
                0x00849054       0x10 c:/altera/13.0sp1/nios2eds/bin/gnu/h-i686-mingw32/bin/../lib/gcc/nios2-elf/4.1.2/../../../../nios2-elf/lib\libc.a(lib_a-locale.o)
                                 0x18 (size before relaxing)
 .rodata        0x00849064       0x30 c:/altera/13.0sp1/nios2eds/bin/gnu/h-i686-mingw32/bin/../lib/gcc/nios2-elf/4.1.2/../../../../nios2-elf/lib\libc.a(lib_a-locale.o)
 .rodata        0x00849094      0x124 c:/altera/13.0sp1/nios2eds/bin/gnu/h-i686-mingw32/bin/../lib/gcc/nios2-elf/4.1.2/../../../../nios2-elf/lib\libc.a(lib_a-mprec.o)
                0x00849094                __mprec_tens
                0x0084915c                __mprec_bigtens
                0x00849184                __mprec_tinytens
 .rodata        0x008491b8       0x14 ../aes_dec_bsp/\libucosii_bsp.a(alt_main.o)
 .rodata        0x008491cc      0x120 ../aes_dec_bsp/\libucosii_bsp.a(os_core.o)
                0x008491cc                OSUnMapTbl
 .rodata        0x008492ec       0x60 ../aes_dec_bsp/\libucosii_bsp.a(alt_sys_init.o)
 .rodata        0x0084934c       0xd8 ../aes_dec_bsp/\libucosii_bsp.a(ipnet.o)
 .rodata        0x00849424       0xec ../aes_dec_bsp/\libucosii_bsp.a(ipstart.o)
 .rodata        0x00849510      0x54c ../aes_dec_bsp/\libucosii_bsp.a(igmp_cmn.o)
 .rodata        0x00849a5c       0xb8 ../aes_dec_bsp/\libucosii_bsp.a(in_utils.o)
 .rodata        0x00849b14       0x34 ../aes_dec_bsp/\libucosii_bsp.a(netmain.o)
 .rodata        0x00849b48       0x94 ../aes_dec_bsp/\libucosii_bsp.a(parseip.o)
 .rodata        0x00849bdc      0x1a8 ../aes_dec_bsp/\libucosii_bsp.a(tk_crnos.o)
 .rodata        0x00849d84        0x8 ../aes_dec_bsp/\libucosii_bsp.a(dhcpclnt.o)
 .rodata        0x00849d8c      0x118 ../aes_dec_bsp/\libucosii_bsp.a(pktalloc.o)
 .rodata        0x00849ea4       0x84 ../aes_dec_bsp/\libucosii_bsp.a(udp_open.o)
 .rodata        0x00849f28       0x2c ../aes_dec_bsp/\libucosii_bsp.a(brdutils.o)
 .rodata        0x00849f54      0x26c ../aes_dec_bsp/\libucosii_bsp.a(osportco.o)
 .rodata        0x0084a1c0       0xa0 ../aes_dec_bsp/\libucosii_bsp.a(targnios.o)
 .rodata        0x0084a260       0x90 ../aes_dec_bsp/\libucosii_bsp.a(nptcp.o)
 .rodata        0x0084a2f0        0x8 ../aes_dec_bsp/\libucosii_bsp.a(sockcall.o)
 .rodata        0x0084a2f8       0x50 ../aes_dec_bsp/\libucosii_bsp.a(socket.o)
 .rodata        0x0084a348       0x40 ../aes_dec_bsp/\libucosii_bsp.a(socket2.o)
 .rodata        0x0084a388       0x20 ../aes_dec_bsp/\libucosii_bsp.a(tcp_in.o)
 .rodata        0x0084a3a8       0x40 ../aes_dec_bsp/\libucosii_bsp.a(tcp_out.o)
 .rodata        0x0084a3e8       0x24 ../aes_dec_bsp/\libucosii_bsp.a(tcp_subr.o)
 .rodata        0x0084a40c       0x2c ../aes_dec_bsp/\libucosii_bsp.a(tcp_usr.o)
 .rodata        0x0084a438        0xc ../aes_dec_bsp/\libucosii_bsp.a(alt_dev.o)
 .rodata        0x0084a444        0x4 ../aes_dec_bsp/\libucosii_bsp.a(os_cpu_c.o)
 .rodata        0x0084a448      0x1d4 ../aes_dec_bsp/\libucosii_bsp.a(allports.o)
 .rodata        0x0084a61c       0x34 ../aes_dec_bsp/\libucosii_bsp.a(tk_misc.o)
 .rodata        0x0084a650       0x44 ../aes_dec_bsp/\libucosii_bsp.a(et_arp.o)
 .rodata        0x0084a694      0x1dc ../aes_dec_bsp/\libucosii_bsp.a(ip.o)
 .rodata        0x0084a870      0x158 ../aes_dec_bsp/\libucosii_bsp.a(ip_reasm.o)
 .rodata        0x0084a9c8      0x120 ../aes_dec_bsp/\libucosii_bsp.a(ipdemux.o)
 .rodata        0x0084aae8       0x34 ../aes_dec_bsp/\libucosii_bsp.a(ipport.o)
 .rodata        0x0084ab1c       0x24 ../aes_dec_bsp/\libucosii_bsp.a(ipraw.o)
 .rodata        0x0084ab40       0x38 ../aes_dec_bsp/\libucosii_bsp.a(iproute.o)
 .rodata        0x0084ab78       0xe8 ../aes_dec_bsp/\libucosii_bsp.a(udp.o)
 .rodata        0x0084ac60      0x2d0 ../aes_dec_bsp/\libucosii_bsp.a(u_mctest.o)
 .rodata        0x0084af30       0xf8 ../aes_dec_bsp/\libucosii_bsp.a(dhcsetup.o)
 .rodata        0x0084b028       0x34 ../aes_dec_bsp/\libucosii_bsp.a(vfsfiles.o)
 .rodata        0x0084b05c      0x318 ../aes_dec_bsp/\libucosii_bsp.a(icmp.o)
 *(.rodata1)
                0x0084b374                . = ALIGN (0x4)
                0x0084b374                PROVIDE (__ram_rodata_end, ABSOLUTE (.))
                0x0084715c                PROVIDE (__flash_rodata_start, LOADADDR (.rodata))

.rwdata         0x0084b374     0x213c
                0x0084b374                PROVIDE (__ram_rwdata_start, ABSOLUTE (.))
                0x0084b374                . = ALIGN (0x4)
 *(.got.plt)
 *(.got)
 *(.data1)
 *(.data .data.* .gnu.linkonce.d.*)
 .data          0x0084b374        0x0 ../aes_dec_bsp//obj/HAL/src/crt0.o
 .data          0x0084b374        0x0 obj/default/LCD.o
 .data          0x0084b374        0x0 obj/default/SSS_DE2_115.o
 .data          0x0084b374        0x0 obj/default/alt_error_handler.o
 .data          0x0084b374        0x0 obj/default/dm9000a.o
 .data          0x0084b374       0x18 obj/default/iniche_init.o
                0x0084b374                ssstask
 .data          0x0084b38c        0x0 obj/default/led.o
 .data          0x0084b38c        0x0 obj/default/network_utilities.o
 .data          0x0084b38c        0x0 obj/default/simple_socket_server.o
 .data          0x0084b38c        0x0 obj/default/tse_my_system.o
 .data          0x0084b38c        0x0 c:/altera/13.0sp1/nios2eds/bin/gnu/h-i686-mingw32/bin/../lib/gcc/nios2-elf/4.1.2\libgcc.a(_fixunsdfsi.o)
 .data          0x0084b38c        0x0 c:/altera/13.0sp1/nios2eds/bin/gnu/h-i686-mingw32/bin/../lib/gcc/nios2-elf/4.1.2\libgcc.a(_addsub_df.o)
 .data          0x0084b38c        0x0 c:/altera/13.0sp1/nios2eds/bin/gnu/h-i686-mingw32/bin/../lib/gcc/nios2-elf/4.1.2\libgcc.a(_mul_df.o)
 .data          0x0084b38c        0x0 c:/altera/13.0sp1/nios2eds/bin/gnu/h-i686-mingw32/bin/../lib/gcc/nios2-elf/4.1.2\libgcc.a(_ge_df.o)
 .data          0x0084b38c        0x0 c:/altera/13.0sp1/nios2eds/bin/gnu/h-i686-mingw32/bin/../lib/gcc/nios2-elf/4.1.2\libgcc.a(_df_to_si.o)
 .data          0x0084b38c        0x0 c:/altera/13.0sp1/nios2eds/bin/gnu/h-i686-mingw32/bin/../lib/gcc/nios2-elf/4.1.2\libgcc.a(_thenan_df.o)
 .data          0x0084b38c        0x0 c:/altera/13.0sp1/nios2eds/bin/gnu/h-i686-mingw32/bin/../lib/gcc/nios2-elf/4.1.2\libgcc.a(_usi_to_df.o)
 .data          0x0084b38c        0x0 c:/altera/13.0sp1/nios2eds/bin/gnu/h-i686-mingw32/bin/../lib/gcc/nios2-elf/4.1.2\libgcc.a(_muldi3.o)
 .data          0x0084b38c        0x0 c:/altera/13.0sp1/nios2eds/bin/gnu/h-i686-mingw32/bin/../lib/gcc/nios2-elf/4.1.2\libgcc.a(_clzsi2.o)
 .data          0x0084b38c        0x0 c:/altera/13.0sp1/nios2eds/bin/gnu/h-i686-mingw32/bin/../lib/gcc/nios2-elf/4.1.2\libgcc.a(_pack_df.o)
 .data          0x0084b38c        0x0 c:/altera/13.0sp1/nios2eds/bin/gnu/h-i686-mingw32/bin/../lib/gcc/nios2-elf/4.1.2\libgcc.a(_unpack_df.o)
 .data          0x0084b38c        0x0 c:/altera/13.0sp1/nios2eds/bin/gnu/h-i686-mingw32/bin/../lib/gcc/nios2-elf/4.1.2\libgcc.a(_fpcmp_parts_df.o)
 .data          0x0084b38c        0x0 c:/altera/13.0sp1/nios2eds/bin/gnu/h-i686-mingw32/bin/../lib/gcc/nios2-elf/4.1.2\libgcc.a(_clz.o)
 .data          0x0084b38c        0x0 c:/altera/13.0sp1/nios2eds/bin/gnu/h-i686-mingw32/bin/../lib/gcc/nios2-elf/4.1.2/../../../../nios2-elf/lib\libc.a(lib_a-ctype_.o)
 .data          0x0084b38c        0x0 c:/altera/13.0sp1/nios2eds/bin/gnu/h-i686-mingw32/bin/../lib/gcc/nios2-elf/4.1.2/../../../../nios2-elf/lib\libc.a(lib_a-exit.o)
 .data          0x0084b38c        0x0 c:/altera/13.0sp1/nios2eds/bin/gnu/h-i686-mingw32/bin/../lib/gcc/nios2-elf/4.1.2/../../../../nios2-elf/lib\libc.a(lib_a-fprintf.o)
 .data          0x0084b38c        0x0 c:/altera/13.0sp1/nios2eds/bin/gnu/h-i686-mingw32/bin/../lib/gcc/nios2-elf/4.1.2/../../../../nios2-elf/lib\libc.a(lib_a-fwrite.o)
 .data          0x0084b38c        0x0 c:/altera/13.0sp1/nios2eds/bin/gnu/h-i686-mingw32/bin/../lib/gcc/nios2-elf/4.1.2/../../../../nios2-elf/lib\libc.a(lib_a-getc.o)
 .data          0x0084b38c      0x400 c:/altera/13.0sp1/nios2eds/bin/gnu/h-i686-mingw32/bin/../lib/gcc/nios2-elf/4.1.2/../../../../nios2-elf/lib\libc.a(lib_a-impure.o)
 .data          0x0084b78c        0x0 c:/altera/13.0sp1/nios2eds/bin/gnu/h-i686-mingw32/bin/../lib/gcc/nios2-elf/4.1.2/../../../../nios2-elf/lib\libc.a(lib_a-memcpy.o)
 .data          0x0084b78c        0x0 c:/altera/13.0sp1/nios2eds/bin/gnu/h-i686-mingw32/bin/../lib/gcc/nios2-elf/4.1.2/../../../../nios2-elf/lib\libc.a(lib_a-memmove.o)
 .data          0x0084b78c        0x0 c:/altera/13.0sp1/nios2eds/bin/gnu/h-i686-mingw32/bin/../lib/gcc/nios2-elf/4.1.2/../../../../nios2-elf/lib\libc.a(lib_a-memset.o)
 .data          0x0084b78c        0x0 c:/altera/13.0sp1/nios2eds/bin/gnu/h-i686-mingw32/bin/../lib/gcc/nios2-elf/4.1.2/../../../../nios2-elf/lib\libc.a(lib_a-perror.o)
 .data          0x0084b78c        0x0 c:/altera/13.0sp1/nios2eds/bin/gnu/h-i686-mingw32/bin/../lib/gcc/nios2-elf/4.1.2/../../../../nios2-elf/lib\libc.a(lib_a-printf.o)
 .data          0x0084b78c        0x0 c:/altera/13.0sp1/nios2eds/bin/gnu/h-i686-mingw32/bin/../lib/gcc/nios2-elf/4.1.2/../../../../nios2-elf/lib\libc.a(lib_a-putc.o)
 .data          0x0084b78c        0x0 c:/altera/13.0sp1/nios2eds/bin/gnu/h-i686-mingw32/bin/../lib/gcc/nios2-elf/4.1.2/../../../../nios2-elf/lib\libc.a(lib_a-putchar.o)
 .data          0x0084b78c        0x0 c:/altera/13.0sp1/nios2eds/bin/gnu/h-i686-mingw32/bin/../lib/gcc/nios2-elf/4.1.2/../../../../nios2-elf/lib\libc.a(lib_a-puts.o)
 .data          0x0084b78c        0x0 c:/altera/13.0sp1/nios2eds/bin/gnu/h-i686-mingw32/bin/../lib/gcc/nios2-elf/4.1.2/../../../../nios2-elf/lib\libc.a(lib_a-rget.o)
 .data          0x0084b78c        0x0 c:/altera/13.0sp1/nios2eds/bin/gnu/h-i686-mingw32/bin/../lib/gcc/nios2-elf/4.1.2/../../../../nios2-elf/lib\libc.a(lib_a-strchr.o)
 .data          0x0084b78c        0x0 c:/altera/13.0sp1/nios2eds/bin/gnu/h-i686-mingw32/bin/../lib/gcc/nios2-elf/4.1.2/../../../../nios2-elf/lib\libc.a(lib_a-strerror.o)
 .data          0x0084b78c        0x0 c:/altera/13.0sp1/nios2eds/bin/gnu/h-i686-mingw32/bin/../lib/gcc/nios2-elf/4.1.2/../../../../nios2-elf/lib\libc.a(lib_a-strlen.o)
 .data          0x0084b78c        0x0 c:/altera/13.0sp1/nios2eds/bin/gnu/h-i686-mingw32/bin/../lib/gcc/nios2-elf/4.1.2/../../../../nios2-elf/lib\libc.a(lib_a-u_strerr.o)
 .data          0x0084b78c        0x0 c:/altera/13.0sp1/nios2eds/bin/gnu/h-i686-mingw32/bin/../lib/gcc/nios2-elf/4.1.2/../../../../nios2-elf/lib\libc.a(lib_a-vfprintf.o)
 .data          0x0084b78c        0x0 c:/altera/13.0sp1/nios2eds/bin/gnu/h-i686-mingw32/bin/../lib/gcc/nios2-elf/4.1.2/../../../../nios2-elf/lib\libc.a(lib_a-wbuf.o)
 .data          0x0084b78c        0x0 c:/altera/13.0sp1/nios2eds/bin/gnu/h-i686-mingw32/bin/../lib/gcc/nios2-elf/4.1.2/../../../../nios2-elf/lib\libc.a(lib_a-wsetup.o)
 .data          0x0084b78c        0x0 c:/altera/13.0sp1/nios2eds/bin/gnu/h-i686-mingw32/bin/../lib/gcc/nios2-elf/4.1.2/../../../../nios2-elf/lib\libc.a(lib_a-__call_atexit.o)
 .data          0x0084b78c        0x0 c:/altera/13.0sp1/nios2eds/bin/gnu/h-i686-mingw32/bin/../lib/gcc/nios2-elf/4.1.2/../../../../nios2-elf/lib\libc.a(lib_a-dtoa.o)
 .data          0x0084b78c        0x0 c:/altera/13.0sp1/nios2eds/bin/gnu/h-i686-mingw32/bin/../lib/gcc/nios2-elf/4.1.2/../../../../nios2-elf/lib\libc.a(lib_a-fflush.o)
 .data          0x0084b78c        0x0 c:/altera/13.0sp1/nios2eds/bin/gnu/h-i686-mingw32/bin/../lib/gcc/nios2-elf/4.1.2/../../../../nios2-elf/lib\libc.a(lib_a-findfp.o)
 .data          0x0084b78c        0x0 c:/altera/13.0sp1/nios2eds/bin/gnu/h-i686-mingw32/bin/../lib/gcc/nios2-elf/4.1.2/../../../../nios2-elf/lib\libc.a(lib_a-fputc.o)
 .data          0x0084b78c        0x0 c:/altera/13.0sp1/nios2eds/bin/gnu/h-i686-mingw32/bin/../lib/gcc/nios2-elf/4.1.2/../../../../nios2-elf/lib\libc.a(lib_a-fputs.o)
 .data          0x0084b78c        0x0 c:/altera/13.0sp1/nios2eds/bin/gnu/h-i686-mingw32/bin/../lib/gcc/nios2-elf/4.1.2/../../../../nios2-elf/lib\libc.a(lib_a-freer.o)
 .data          0x0084b78c        0x0 c:/altera/13.0sp1/nios2eds/bin/gnu/h-i686-mingw32/bin/../lib/gcc/nios2-elf/4.1.2/../../../../nios2-elf/lib\libc.a(lib_a-fvwrite.o)
 .data          0x0084b78c        0x0 c:/altera/13.0sp1/nios2eds/bin/gnu/h-i686-mingw32/bin/../lib/gcc/nios2-elf/4.1.2/../../../../nios2-elf/lib\libc.a(lib_a-fwalk.o)
 .data          0x0084b78c        0xc c:/altera/13.0sp1/nios2eds/bin/gnu/h-i686-mingw32/bin/../lib/gcc/nios2-elf/4.1.2/../../../../nios2-elf/lib\libc.a(lib_a-locale.o)
                0x0084b78c                __lc_ctype
 .data          0x0084b798        0x0 c:/altera/13.0sp1/nios2eds/bin/gnu/h-i686-mingw32/bin/../lib/gcc/nios2-elf/4.1.2/../../../../nios2-elf/lib\libc.a(lib_a-makebuf.o)
 .data          0x0084b798      0x408 c:/altera/13.0sp1/nios2eds/bin/gnu/h-i686-mingw32/bin/../lib/gcc/nios2-elf/4.1.2/../../../../nios2-elf/lib\libc.a(lib_a-mallocr.o)
                0x0084b798                __malloc_av_
 .data          0x0084bba0        0x0 c:/altera/13.0sp1/nios2eds/bin/gnu/h-i686-mingw32/bin/../lib/gcc/nios2-elf/4.1.2/../../../../nios2-elf/lib\libc.a(lib_a-memchr.o)
 .data          0x0084bba0        0x0 c:/altera/13.0sp1/nios2eds/bin/gnu/h-i686-mingw32/bin/../lib/gcc/nios2-elf/4.1.2/../../../../nios2-elf/lib\libc.a(lib_a-mprec.o)
 .data          0x0084bba0        0x0 c:/altera/13.0sp1/nios2eds/bin/gnu/h-i686-mingw32/bin/../lib/gcc/nios2-elf/4.1.2/../../../../nios2-elf/lib\libc.a(lib_a-reallocr.o)
 .data          0x0084bba0        0x0 c:/altera/13.0sp1/nios2eds/bin/gnu/h-i686-mingw32/bin/../lib/gcc/nios2-elf/4.1.2/../../../../nios2-elf/lib\libc.a(lib_a-refill.o)
 .data          0x0084bba0        0x0 c:/altera/13.0sp1/nios2eds/bin/gnu/h-i686-mingw32/bin/../lib/gcc/nios2-elf/4.1.2/../../../../nios2-elf/lib\libc.a(lib_a-s_isinfd.o)
 .data          0x0084bba0        0x0 c:/altera/13.0sp1/nios2eds/bin/gnu/h-i686-mingw32/bin/../lib/gcc/nios2-elf/4.1.2/../../../../nios2-elf/lib\libc.a(lib_a-s_isnand.o)
 .data          0x0084bba0        0x0 c:/altera/13.0sp1/nios2eds/bin/gnu/h-i686-mingw32/bin/../lib/gcc/nios2-elf/4.1.2/../../../../nios2-elf/lib\libc.a(lib_a-sbrkr.o)
 .data          0x0084bba0        0x0 c:/altera/13.0sp1/nios2eds/bin/gnu/h-i686-mingw32/bin/../lib/gcc/nios2-elf/4.1.2/../../../../nios2-elf/lib\libc.a(lib_a-stdio.o)
 .data          0x0084bba0        0x0 c:/altera/13.0sp1/nios2eds/bin/gnu/h-i686-mingw32/bin/../lib/gcc/nios2-elf/4.1.2/../../../../nios2-elf/lib\libc.a(lib_a-strcmp.o)
 .data          0x0084bba0        0x0 c:/altera/13.0sp1/nios2eds/bin/gnu/h-i686-mingw32/bin/../lib/gcc/nios2-elf/4.1.2/../../../../nios2-elf/lib\libc.a(lib_a-writer.o)
 .data          0x0084bba0        0x0 c:/altera/13.0sp1/nios2eds/bin/gnu/h-i686-mingw32/bin/../lib/gcc/nios2-elf/4.1.2/../../../../nios2-elf/lib\libc.a(lib_a-callocr.o)
 .data          0x0084bba0        0x0 c:/altera/13.0sp1/nios2eds/bin/gnu/h-i686-mingw32/bin/../lib/gcc/nios2-elf/4.1.2/../../../../nios2-elf/lib\libc.a(lib_a-closer.o)
 .data          0x0084bba0        0x0 c:/altera/13.0sp1/nios2eds/bin/gnu/h-i686-mingw32/bin/../lib/gcc/nios2-elf/4.1.2/../../../../nios2-elf/lib\libc.a(lib_a-fclose.o)
 .data          0x0084bba0        0x0 c:/altera/13.0sp1/nios2eds/bin/gnu/h-i686-mingw32/bin/../lib/gcc/nios2-elf/4.1.2/../../../../nios2-elf/lib\libc.a(lib_a-fstatr.o)
 .data          0x0084bba0        0x0 c:/altera/13.0sp1/nios2eds/bin/gnu/h-i686-mingw32/bin/../lib/gcc/nios2-elf/4.1.2/../../../../nios2-elf/lib\libc.a(lib_a-int_errno.o)
 .data          0x0084bba0        0x0 c:/altera/13.0sp1/nios2eds/bin/gnu/h-i686-mingw32/bin/../lib/gcc/nios2-elf/4.1.2/../../../../nios2-elf/lib\libc.a(lib_a-isattyr.o)
 .data          0x0084bba0        0x0 c:/altera/13.0sp1/nios2eds/bin/gnu/h-i686-mingw32/bin/../lib/gcc/nios2-elf/4.1.2/../../../../nios2-elf/lib\libc.a(lib_a-lseekr.o)