Archive member included because of file (symbol)

c:/altera/13.0sp1/nios2eds/bin/gnu/h-i686-mingw32/bin/../lib/gcc/nios2-elf/4.1.2\libgcc.a(_fixunsdfsi.o)
                              obj/default/dm9000a.o (__fixunsdfsi)
c:/altera/13.0sp1/nios2eds/bin/gnu/h-i686-mingw32/bin/../lib/gcc/nios2-elf/4.1.2\libgcc.a(_addsub_df.o)
                              c:/altera/13.0sp1/nios2eds/bin/gnu/h-i686-mingw32/bin/../lib/gcc/nios2-elf/4.1.2\libgcc.a(_fixunsdfsi.o) (__subdf3)
c:/altera/13.0sp1/nios2eds/bin/gnu/h-i686-mingw32/bin/../lib/gcc/nios2-elf/4.1.2\libgcc.a(_mul_df.o)
                              obj/default/dm9000a.o (__muldf3)
c:/altera/13.0sp1/nios2eds/bin/gnu/h-i686-mingw32/bin/../lib/gcc/nios2-elf/4.1.2\libgcc.a(_ge_df.o)
                              c:/altera/13.0sp1/nios2eds/bin/gnu/h-i686-mingw32/bin/../lib/gcc/nios2-elf/4.1.2\libgcc.a(_fixunsdfsi.o) (__gedf2)
c:/altera/13.0sp1/nios2eds/bin/gnu/h-i686-mingw32/bin/../lib/gcc/nios2-elf/4.1.2\libgcc.a(_df_to_si.o)
                              c:/altera/13.0sp1/nios2eds/bin/gnu/h-i686-mingw32/bin/../lib/gcc/nios2-elf/4.1.2\libgcc.a(_fixunsdfsi.o) (__fixdfsi)
c:/altera/13.0sp1/nios2eds/bin/gnu/h-i686-mingw32/bin/../lib/gcc/nios2-elf/4.1.2\libgcc.a(_thenan_df.o)
                              c:/altera/13.0sp1/nios2eds/bin/gnu/h-i686-mingw32/bin/../lib/gcc/nios2-elf/4.1.2\libgcc.a(_addsub_df.o) (__thenan_df)
c:/altera/13.0sp1/nios2eds/bin/gnu/h-i686-mingw32/bin/../lib/gcc/nios2-elf/4.1.2\libgcc.a(_usi_to_df.o)
                              obj/default/dm9000a.o (__floatunsidf)
c:/altera/13.0sp1/nios2eds/bin/gnu/h-i686-mingw32/bin/../lib/gcc/nios2-elf/4.1.2\libgcc.a(_muldi3.o)
                              c:/altera/13.0sp1/nios2eds/bin/gnu/h-i686-mingw32/bin/../lib/gcc/nios2-elf/4.1.2\libgcc.a(_mul_df.o) (__muldi3)
c:/altera/13.0sp1/nios2eds/bin/gnu/h-i686-mingw32/bin/../lib/gcc/nios2-elf/4.1.2\libgcc.a(_clzsi2.o)
                              c:/altera/13.0sp1/nios2eds/bin/gnu/h-i686-mingw32/bin/../lib/gcc/nios2-elf/4.1.2\libgcc.a(_usi_to_df.o) (__clzsi2)
c:/altera/13.0sp1/nios2eds/bin/gnu/h-i686-mingw32/bin/../lib/gcc/nios2-elf/4.1.2\libgcc.a(_pack_df.o)
                              c:/altera/13.0sp1/nios2eds/bin/gnu/h-i686-mingw32/bin/../lib/gcc/nios2-elf/4.1.2\libgcc.a(_addsub_df.o) (__pack_d)
c:/altera/13.0sp1/nios2eds/bin/gnu/h-i686-mingw32/bin/../lib/gcc/nios2-elf/4.1.2\libgcc.a(_unpack_df.o)
                              c:/altera/13.0sp1/nios2eds/bin/gnu/h-i686-mingw32/bin/../lib/gcc/nios2-elf/4.1.2\libgcc.a(_addsub_df.o) (__unpack_d)
c:/altera/13.0sp1/nios2eds/bin/gnu/h-i686-mingw32/bin/../lib/gcc/nios2-elf/4.1.2\libgcc.a(_fpcmp_parts_df.o)
                              c:/altera/13.0sp1/nios2eds/bin/gnu/h-i686-mingw32/bin/../lib/gcc/nios2-elf/4.1.2\libgcc.a(_ge_df.o) (__fpcmp_parts_d)
c:/altera/13.0sp1/nios2eds/bin/gnu/h-i686-mingw32/bin/../lib/gcc/nios2-elf/4.1.2\libgcc.a(_clz.o)
                              c:/altera/13.0sp1/nios2eds/bin/gnu/h-i686-mingw32/bin/../lib/gcc/nios2-elf/4.1.2\libgcc.a(_clzsi2.o) (__clz_tab)
c:/altera/13.0sp1/nios2eds/bin/gnu/h-i686-mingw32/bin/../lib/gcc/nios2-elf/4.1.2/../../../../nios2-elf/lib\libc.a(lib_a-ctype_.o)
                              obj/default/network_utilities.o (__ctype_ptr)
c:/altera/13.0sp1/nios2eds/bin/gnu/h-i686-mingw32/bin/../lib/gcc/nios2-elf/4.1.2/../../../../nios2-elf/lib\libc.a(lib_a-exit.o)
                              obj/default/iniche_init.o (exit)
c:/altera/13.0sp1/nios2eds/bin/gnu/h-i686-mingw32/bin/../lib/gcc/nios2-elf/4.1.2/../../../../nios2-elf/lib\libc.a(lib_a-fprintf.o)
                              obj/default/alt_error_handler.o (fprintf)
c:/altera/13.0sp1/nios2eds/bin/gnu/h-i686-mingw32/bin/../lib/gcc/nios2-elf/4.1.2/../../../../nios2-elf/lib\libc.a(lib_a-fwrite.o)
                              obj/default/alt_error_handler.o (fwrite)
c:/altera/13.0sp1/nios2eds/bin/gnu/h-i686-mingw32/bin/../lib/gcc/nios2-elf/4.1.2/../../../../nios2-elf/lib\libc.a(lib_a-getc.o)
                              obj/default/network_utilities.o (getc)
c:/altera/13.0sp1/nios2eds/bin/gnu/h-i686-mingw32/bin/../lib/gcc/nios2-elf/4.1.2/../../../../nios2-elf/lib\libc.a(lib_a-impure.o)
                              obj/default/alt_error_handler.o (_impure_ptr)
c:/altera/13.0sp1/nios2eds/bin/gnu/h-i686-mingw32/bin/../lib/gcc/nios2-elf/4.1.2/../../../../nios2-elf/lib\libc.a(lib_a-memcpy.o)
                              obj/default/simple_socket_server.o (memcpy)
c:/altera/13.0sp1/nios2eds/bin/gnu/h-i686-mingw32/bin/../lib/gcc/nios2-elf/4.1.2/../../../../nios2-elf/lib\libc.a(lib_a-memmove.o)
                              obj/default/simple_socket_server.o (memmove)
c:/altera/13.0sp1/nios2eds/bin/gnu/h-i686-mingw32/bin/../lib/gcc/nios2-elf/4.1.2/../../../../nios2-elf/lib\libc.a(lib_a-memset.o)
                              obj/default/simple_socket_server.o (memset)
c:/altera/13.0sp1/nios2eds/bin/gnu/h-i686-mingw32/bin/../lib/gcc/nios2-elf/4.1.2/../../../../nios2-elf/lib\libc.a(lib_a-perror.o)
[...]
Memory Configuration

Name             Origin             Length             Attributes
sdram_0_BEFORE_EXCEPTION 0x00800000         0x00000020
sdram_0          0x00800020         0x007fffe0
reset            0x01400000         0x00000020
cfi_flash_0      0x01400020         0x003fffe0
sram_0           0x01a00000         0x00080000
epcs_controller  0x01a81800         0x00000800
*default*        0x00000000         0xffffffff

Linker script and memory map

LOAD ../simple_socket_bsp//obj/HAL/src/crt0.o
LOAD obj/default/LCD.o
LOAD obj/default/SSS_DE2_115.o
LOAD obj/default/alt_error_handler.o
LOAD obj/default/dm9000a.o
LOAD obj/default/iniche_init.o
LOAD obj/default/led.o
LOAD obj/default/network_utilities.o
LOAD obj/default/simple_socket_server.o
LOAD obj/default/tse_my_system.o
LOAD c:/altera/13.0sp1/nios2eds/bin/gnu/h-i686-mingw32/bin/../lib/gcc/nios2-elf/4.1.2/../../../../nios2-elf/lib\libstdc++.a
LOAD c:/altera/13.0sp1/nios2eds/bin/gnu/h-i686-mingw32/bin/../lib/gcc/nios2-elf/4.1.2/../../../../nios2-elf/lib\libm.a
LOAD c:/altera/13.0sp1/nios2eds/bin/gnu/h-i686-mingw32/bin/../lib/gcc/nios2-elf/4.1.2\libgcc.a
START GROUP
LOAD c:/altera/13.0sp1/nios2eds/bin/gnu/h-i686-mingw32/bin/../lib/gcc/nios2-elf/4.1.2/../../../../nios2-elf/lib\libc.a
LOAD c:/altera/13.0sp1/nios2eds/bin/gnu/h-i686-mingw32/bin/../lib/gcc/nios2-elf/4.1.2\libgcc.a
LOAD ../simple_socket_bsp/\libucosii_bsp.a
END GROUP
LOAD c:/altera/13.0sp1/nios2eds/bin/gnu/h-i686-mingw32/bin/../lib/gcc/nios2-elf/4.1.2\libgcc.a
                0x00800000                __alt_mem_sdram_0 = 0x800000
                0x01400000                __alt_mem_cfi_flash_0 = 0x1400000
                0x01a00000                __alt_mem_sram_0 = 0x1a00000
                0x01a81800                __alt_mem_epcs_controller = 0x1a81800

.entry          0x01400000        0x0
 *(.entry)
 .entry         0x01400000        0x0 ../simple_socket_bsp//obj/HAL/src/crt0.o
                0x01400000                __reset

.exceptions     0x00800020      0x19c
                0x00800020                PROVIDE (__ram_exceptions_start, ABSOLUTE (.))
                0x00800020                . = ALIGN (0x20)
 *(.irq)
 *(.exceptions.entry.label)
 .exceptions.entry.label
                0x00800020        0x0 ../simple_socket_bsp/\libucosii_bsp.a(alt_irq_entry.o)
                0x00800020                alt_irq_entry
 .exceptions.entry.label
                0x00800020        0x0 ../simple_socket_bsp/\libucosii_bsp.a(alt_exception_entry.o)
                0x00800020                alt_exception
 *(.exceptions.entry.user)
 *(.exceptions.entry)
 .exceptions.entry
                0x00800020       0x54 ../simple_socket_bsp/\libucosii_bsp.a(alt_exception_entry.o)
 *(.exceptions.irqtest.user)
 *(.exceptions.irqtest)
 .exceptions.irqtest
                0x00800074       0x10 ../simple_socket_bsp/\libucosii_bsp.a(alt_irq_entry.o)
 *(.exceptions.irqhandler.user)
 *(.exceptions.irqhandler)
 .exceptions.irqhandler
                0x00800084        0x4 ../simple_socket_bsp/\libucosii_bsp.a(alt_irq_entry.o)
 *(.exceptions.irqreturn.user)
 *(.exceptions.irqreturn)
 .exceptions.irqreturn
                0x00800088        0x4 ../simple_socket_bsp/\libucosii_bsp.a(alt_irq_entry.o)
 *(.exceptions.notirq.label)
 .exceptions.notirq.label
                0x0080008c        0x0 ../simple_socket_bsp/\libucosii_bsp.a(alt_irq_entry.o)
 *(.exceptions.notirq.user)
 *(.exceptions.notirq)
 .exceptions.notirq
                0x0080008c        0x8 ../simple_socket_bsp/\libucosii_bsp.a(alt_exception_entry.o)
 *(.exceptions.soft.user)
 *(.exceptions.soft)
 *(.exceptions.unknown.user)
 *(.exceptions.unknown)
 .exceptions.unknown
                0x00800094        0x4 ../simple_socket_bsp/\libucosii_bsp.a(alt_exception_entry.o)
 *(.exceptions.exit.label)
 .exceptions.exit.label
                0x00800098        0x0 ../simple_socket_bsp/\libucosii_bsp.a(alt_irq_entry.o)
 .exceptions.exit.label
                0x00800098        0x0 ../simple_socket_bsp/\libucosii_bsp.a(alt_exception_entry.o)
 *(.exceptions.exit.user)
 *(.exceptions.exit)
 .exceptions.exit
                0x00800098       0x54 ../simple_socket_bsp/\libucosii_bsp.a(alt_exception_entry.o)
 *(.exceptions)
 .exceptions    0x008000ec       0xd0 ../simple_socket_bsp/\libucosii_bsp.a(alt_irq_handler.o)
                0x008000ec                alt_irq_handler
                0x008001bc                PROVIDE (__ram_exceptions_end, ABSOLUTE (.))
                0x00800020                PROVIDE (__flash_exceptions_start, LOADADDR (.exceptions))

.text           0x008001bc    0x46f90
                0x008001bc                PROVIDE (stext, ABSOLUTE (.))
 *(.interp)
 *(.hash)
 *(.dynsym)
 *(.dynstr)
 *(.gnu.version)
 *(.gnu.version_d)
 *(.gnu.version_r)
 *(.rel.init)
 *(.rela.init)
 *(.rel.text .rel.text.* .rel.gnu.linkonce.t.*)
 *(.rela.text .rela.text.* .rela.gnu.linkonce.t.*)
 *(.rel.fini)
 *(.rela.fini)
 *(.rel.rodata .rel.rodata.* .rel.gnu.linkonce.r.*)
 *(.rela.rodata .rela.rodata.* .rela.gnu.linkonce.r.*)
 *(.rel.data .rel.data.* .rel.gnu.linkonce.d.*)
 *(.rela.data .rela.data.* .rela.gnu.linkonce.d.*)
 *(.rel.tdata .rel.tdata.* .rel.gnu.linkonce.td.*)
 *(.rela.tdata .rela.tdata.* .rela.gnu.linkonce.td.*)
 *(.rel.tbss .rel.tbss.* .rel.gnu.linkonce.tb.*)
 *(.rela.tbss .rela.tbss.* .rela.gnu.linkonce.tb.*)
 *(.rel.ctors)
 *(.rela.ctors)
 *(.rel.dtors)
 *(.rela.dtors)
 *(.rel.got)
 *(.rela.got)
 *(.rel.sdata .rel.sdata.* .rel.gnu.linkonce.s.*)
 *(.rela.sdata .rela.sdata.* .rela.gnu.linkonce.s.*)
 *(.rel.sbss .rel.sbss.* .rel.gnu.linkonce.sb.*)
 *(.rela.sbss .rela.sbss.* .rela.gnu.linkonce.sb.*)
 *(.rel.sdata2 .rel.sdata2.* .rel.gnu.linkonce.s2.*)
 *(.rela.sdata2 .rela.sdata2.* .rela.gnu.linkonce.s2.*)
 *(.rel.sbss2 .rel.sbss2.* .rel.gnu.linkonce.sb2.*)
 *(.rela.sbss2 .rela.sbss2.* .rela.gnu.linkonce.sb2.*)
 *(.rel.bss .rel.bss.* .rel.gnu.linkonce.b.*)
 *(.rela.bss .rela.bss.* .rela.gnu.linkonce.b.*)
 *(.rel.plt)
 *(.rela.plt)
 *(.rel.dyn)
 *(.init)
 *(.plt)
 *(.text .stub .text.* .gnu.linkonce.t.*)
 .text          0x008001bc       0x48 ../simple_socket_bsp//obj/HAL/src/crt0.o
                0x008001bc                _start
 .text          0x00800204      0x31c obj/default/LCD.o
                0x00800204                LCD_Init
                0x008002a0                LCD_Show_Text
                0x00800328                LCD_Line2
                0x00800364                LCD_Line1
                0x008003a0                LCD_Clear
                0x008003dc                LCD_Test
 .text          0x00800520      0x2ec obj/default/SSS_DE2_115.o
                0x00800520                get_DE2_115_mac_addr
                0x008006c8                FindLastFlashSectorOffset
 .text          0x0080080c      0xba8 obj/default/alt_error_handler.o
                0x0080080c                alt_uCOSIIErrorHandler
                0x00800e30                alt_NetworkErrorHandler
                0x008010c8                alt_SSSErrorHandler
 .text          0x008013b4      0xe48 obj/default/dm9000a.o
                0x008013b4                dm9000a_iow
                0x00801408                dm9000a_ior
                0x00801454                phy_write
                0x008014f0                dm9000a_reset
                0x008016b4                TransmitPacket
                0x008017d0                prep_dm9000a
                0x008019ec                dm9000a_init
                0x00801e3c                dm9Ka_isr_wrap
                0x00801e7c                dm9ka_init
                0x00801f74                dm9ka_close
                0x00802084                dm9ka_stats
                0x008020e0                dm9ka_pkt_send
 .text          0x008021fc      0x680 obj/default/iniche_init.o
                0x008021fc                encrypt
                0x008025a0                SSSInitialTask
                0x00802780                main
 .text          0x0080287c      0x324 obj/default/led.o
                0x0080287c                led_bit_toggle
                0x00802948                LED7SegLightshowTask
                0x008029bc                LEDManagementTask
 .text          0x00802ba0      0x73c obj/default/network_utilities.o
                0x00802ba0                get_mac_addr
                0x00802bf8                get_ip_addr
                0x00802c64                get_serial_number
                0x00802e40                generate_and_store_mac_addr
                0x0080300c                generate_mac_addr
                0x00803148                get_board_mac_addr
 .text          0x008032dc      0x9f8 obj/default/simple_socket_server.o
                0x008032dc                SSSCreateOSDataStructs
                0x00803384                SSSCreateTasks
                0x00803448                sss_reset_connection
                0x008034b8                sss_send_menu
                0x00803648                sss_handle_accept
                0x00803708                sss_exec_command
                0x0080387c                sss_handle_receive
                0x00803a68                SSSSimpleSocketServerTask
 .text          0x00803cd4        0x0 obj/default/tse_my_system.o
 .text          0x00803cd4       0xa4 c:/altera/13.0sp1/nios2eds/bin/gnu/h-i686-mingw32/bin/../lib/gcc/nios2-elf/4.1.2\libgcc.a(_fixunsdfsi.o)
                0x00803cd4                __fixunsdfsi
 .text          0x00803d78      0x504 c:/altera/13.0sp1/nios2eds/bin/gnu/h-i686-mingw32/bin/../lib/gcc/nios2-elf/4.1.2\libgcc.a(_addsub_df.o)
                0x00804188                __subdf3
                0x00804208                __adddf3
 .text          0x0080427c      0x3c4 c:/altera/13.0sp1/nios2eds/bin/gnu/h-i686-mingw32/bin/../lib/gcc/nios2-elf/4.1.2\libgcc.a(_mul_df.o)
                0x0080427c                __muldf3
 .text          0x00804640       0x88 c:/altera/13.0sp1/nios2eds/bin/gnu/h-i686-mingw32/bin/../lib/gcc/nios2-elf/4.1.2\libgcc.a(_ge_df.o)
                0x00804640                __gedf2
 .text          0x008046c8       0xd8 c:/altera/13.0sp1/nios2eds/bin/gnu/h-i686-mingw32/bin/../lib/gcc/nios2-elf/4.1.2\libgcc.a(_df_to_si.o)
                0x008046c8                __fixdfsi
 .text          0x008047a0        0x0 c:/altera/13.0sp1/nios2eds/bin/gnu/h-i686-mingw32/bin/../lib/gcc/nios2-elf/4.1.2\libgcc.a(_thenan_df.o)
 .text          0x008047a0      0x194 c:/altera/13.0sp1/nios2eds/bin/gnu/h-i686-mingw32/bin/../lib/gcc/nios2-elf/4.1.2\libgcc.a(_usi_to_df.o)
                0x008047a0                __floatunsidf
 .text          0x00804934       0x98 c:/altera/13.0sp1/nios2eds/bin/gnu/h-i686-mingw32/bin/../lib/gcc/nios2-elf/4.1.2\libgcc.a(_muldi3.o)
                0x00804934                __muldi3
 .text          0x008049cc       0x80 c:/altera/13.0sp1/nios2eds/bin/gnu/h-i686-mingw32/bin/../lib/gcc/nios2-elf/4.1.2\libgcc.a(_clzsi2.o)
                0x008049cc                __clzsi2
 .text          0x00804a4c      0x314 c:/altera/13.0sp1/nios2eds/bin/gnu/h-i686-mingw32/bin/../lib/gcc/nios2-elf/4.1.2\libgcc.a(_pack_df.o)
                0x00804a4c                __pack_d
 .text          0x00804d60      0x138 c:/altera/13.0sp1/nios2eds/bin/gnu/h-i686-mingw32/bin/../lib/gcc/nios2-elf/4.1.2\libgcc.a(_unpack_df.o)
                0x00804d60                __unpack_d
 .text          0x00804e98       0xc8 c:/altera/13.0sp1/nios2eds/bin/gnu/h-i686-mingw32/bin/../lib/gcc/nios2-elf/4.1.2\libgcc.a(_fpcmp_parts_df.o)
                0x00804e98                __fpcmp_parts_d
 .text          0x00804f60        0x0 c:/altera/13.0sp1/nios2eds/bin/gnu/h-i686-mingw32/bin/../lib/gcc/nios2-elf/4.1.2\libgcc.a(_clz.o)
 .text          0x00804f60        0x0 c:/altera/13.0sp1/nios2eds/bin/gnu/h-i686-mingw32/bin/../lib/gcc/nios2-elf/4.1.2/../../../../nios2-elf/lib\libc.a(lib_a-ctype_.o)
 .text          0x00804f60       0x38 c:/altera/13.0sp1/nios2eds/bin/gnu/h-i686-mingw32/bin/../lib/gcc/nios2-elf/4.1.2/../../../../nios2-elf/lib\libc.a(lib_a-exit.o)
                0x00804f60                exit
 .text          0x00804f98       0x60 c:/altera/13.0sp1/nios2eds/bin/gnu/h-i686-mingw32/bin/../lib/gcc/nios2-elf/4.1.2/../../../../nios2-elf/lib\libc.a(lib_a-fprintf.o)
                0x00804f98                fprintf
                0x00804fc4                _fprintf_r
 .text          0x00804ff8       0xdc c:/altera/13.0sp1/nios2eds/bin/gnu/h-i686-mingw32/bin/../lib/gcc/nios2-elf/4.1.2/../../../../nios2-elf/lib\libc.a(lib_a-fwrite.o)
                0x00804ff8                _fwrite_r
                0x00805094                fwrite
 .text          0x008050d4      0x128 c:/altera/13.0sp1/nios2eds/bin/gnu/h-i686-mingw32/bin/../lib/gcc/nios2-elf/4.1.2/../../../../nios2-elf/lib\libc.a(lib_a-getc.o)
                0x008050d4                getc
                0x0080516c                _getc_r
 .text          0x008051fc        0x0 c:/altera/13.0sp1/nios2eds/bin/gnu/h-i686-mingw32/bin/../lib/gcc/nios2-elf/4.1.2/../../../../nios2-elf/lib\libc.a(lib_a-impure.o)
 .text          0x008051fc       0xa0 c:/altera/13.0sp1/nios2eds/bin/gnu/h-i686-mingw32/bin/../lib/gcc/nios2-elf/4.1.2/../../../../nios2-elf/lib\libc.a(lib_a-memcpy.o)
                0x008051fc                memcpy
 .text          0x0080529c       0xe0 c:/altera/13.0sp1/nios2eds/bin/gnu/h-i686-mingw32/bin/../lib/gcc/nios2-elf/4.1.2/../../../../nios2-elf/lib\libc.a(lib_a-memmove.o)
                0x0080529c                memmove
 .text          0x0080537c       0x98 c:/altera/13.0sp1/nios2eds/bin/gnu/h-i686-mingw32/bin/../lib/gcc/nios2-elf/4.1.2/../../../../nios2-elf/lib\libc.a(lib_a-memset.o)
                0x0080537c                memset
 .text          0x00805414       0x80 c:/altera/13.0sp1/nios2eds/bin/gnu/h-i686-mingw32/bin/../lib/gcc/nios2-elf/4.1.2/../../../../nios2-elf/lib\libc.a(lib_a-perror.o)
                0x00805414                _perror_r
                0x00805480                perror
 .text          0x00805494       0x78 c:/altera/13.0sp1/nios2eds/bin/gnu/h-i686-mingw32/bin/../lib/gcc/nios2-elf/4.1.2/../../../../nios2-elf/lib\libc.a(lib_a-printf.o)
                0x00805494                printf
                0x008054d8                _printf_r
 .text          0x0080550c      0x1ec c:/altera/13.0sp1/nios2eds/bin/gnu/h-i686-mingw32/bin/../lib/gcc/nios2-elf/4.1.2/../../../../nios2-elf/lib\libc.a(lib_a-putc.o)
                0x0080550c                putc
                0x00805610                _putc_r
 .text          0x008056f8       0x24 c:/altera/13.0sp1/nios2eds/bin/gnu/h-i686-mingw32/bin/../lib/gcc/nios2-elf/4.1.2/../../../../nios2-elf/lib\libc.a(lib_a-putchar.o)
                0x008056f8                putchar
                0x00805714                _putchar_r
 .text          0x0080571c       0xb4 c:/altera/13.0sp1/nios2eds/bin/gnu/h-i686-mingw32/bin/../lib/gcc/nios2-elf/4.1.2/../../../../nios2-elf/lib\libc.a(lib_a-puts.o)
                0x0080571c                _puts_r
                0x008057bc                puts
 .text          0x008057d0       0x60 c:/altera/13.0sp1/nios2eds/bin/gnu/h-i686-mingw32/bin/../lib/gcc/nios2-elf/4.1.2/../../../../nios2-elf/lib\libc.a(lib_a-rget.o)
                0x008057d0                __srget_r
                0x0080581c                __srget
 .text          0x00805830       0xe0 c:/altera/13.0sp1/nios2eds/bin/gnu/h-i686-mingw32/bin/../lib/gcc/nios2-elf/4.1.2/../../../../nios2-elf/lib\libc.a(lib_a-strchr.o)
                0x00805830                strchr
 .text          0x00805910      0x674 c:/altera/13.0sp1/nios2eds/bin/gnu/h-i686-mingw32/bin/../lib/gcc/nios2-elf/4.1.2/../../../../nios2-elf/lib\libc.a(lib_a-strerror.o)
                0x00805910                strerror
 .text          0x00805f84       0x74 c:/altera/13.0sp1/nios2eds/bin/gnu/h-i686-mingw32/bin/../lib/gcc/nios2-elf/4.1.2/../../../../nios2-elf/lib\libc.a(lib_a-strlen.o)
                0x00805f84                strlen
 .text          0x00805ff8        0x8 c:/altera/13.0sp1/nios2eds/bin/gnu/h-i686-mingw32/bin/../lib/gcc/nios2-elf/4.1.2/../../../../nios2-elf/lib\libc.a(lib_a-u_strerr.o)
                0x00805ff8                _user_strerror
 .text          0x00806000     0x1f28 c:/altera/13.0sp1/nios2eds/bin/gnu/h-i686-mingw32/bin/../lib/gcc/nios2-elf/4.1.2/../../../../nios2-elf/lib\libc.a(lib_a-vfprintf.o)
                0x00806058                ___vfprintf_internal_r
                0x00807f04                __vfprintf_internal
 .text          0x00807f28      0x14c c:/altera/13.0sp1/nios2eds/bin/gnu/h-i686-mingw32/bin/../lib/gcc/nios2-elf/4.1.2/../../../../nios2-elf/lib\libc.a(lib_a-wbuf.o)
                0x00807f28                __swbuf_r
                0x00808058                __swbuf
 .text          0x00808074      0x13c c:/altera/13.0sp1/nios2eds/bin/gnu/h-i686-mingw32/bin/../lib/gcc/nios2-elf/4.1.2/../../../../nios2-elf/lib\libc.a(lib_a-wsetup.o)
                0x00808074                __swsetup_r
 .text          0x008081b0      0x1b4 c:/altera/13.0sp1/nios2eds/bin/gnu/h-i686-mingw32/bin/../lib/gcc/nios2-elf/4.1.2/../../../../nios2-elf/lib\libc.a(lib_a-__call_atexit.o)
                0x008081b4                __call_exitprocs
 .text          0x00808364     0x17cc c:/altera/13.0sp1/nios2eds/bin/gnu/h-i686-mingw32/bin/../lib/gcc/nios2-elf/4.1.2/../../../../nios2-elf/lib\libc.a(lib_a-dtoa.o)
                0x0080857c                _dtoa_r
 .text          0x00809b30      0x230 c:/altera/13.0sp1/nios2eds/bin/gnu/h-i686-mingw32/bin/../lib/gcc/nios2-elf/4.1.2/../../../../nios2-elf/lib\libc.a(lib_a-fflush.o)
                0x00809b30                _fflush_r
                0x00809d2c                fflush
 .text          0x00809d60      0x2c0 c:/altera/13.0sp1/nios2eds/bin/gnu/h-i686-mingw32/bin/../lib/gcc/nios2-elf/4.1.2/../../../../nios2-elf/lib\libc.a(lib_a-findfp.o)
                0x00809db8                __sfp_lock_acquire
                0x00809dbc                __sfp_lock_release
                0x00809dc0                __sinit_lock_acquire
                0x00809dc4                __sinit_lock_release
                0x00809dc8                __sinit
                0x00809e7c                __fp_unlock_all
                0x00809e94                __fp_lock_all
                0x00809eac                _cleanup_r
                0x00809eb8                _cleanup
                0x00809ec8                __sfmoreglue
                0x00809f30                __sfp
 .text          0x0080a020       0xbc c:/altera/13.0sp1/nios2eds/bin/gnu/h-i686-mingw32/bin/../lib/gcc/nios2-elf/4.1.2/../../../../nios2-elf/lib\libc.a(lib_a-fputc.o)
                0x0080a020                fputc
                0x0080a084                _fputc_r
 .text          0x0080a0dc       0x90 c:/altera/13.0sp1/nios2eds/bin/gnu/h-i686-mingw32/bin/../lib/gcc/nios2-elf/4.1.2/../../../../nios2-elf/lib\libc.a(lib_a-fputs.o)
                0x0080a0dc                _fputs_r
                0x0080a150                fputs
 .text          0x0080a16c      0x440 c:/altera/13.0sp1/nios2eds/bin/gnu/h-i686-mingw32/bin/../lib/gcc/nios2-elf/4.1.2/../../../../nios2-elf/lib\libc.a(lib_a-freer.o)
                0x0080a16c                _malloc_trim_r
                0x0080a298                _free_r
 .text          0x0080a5ac      0x49c c:/altera/13.0sp1/nios2eds/bin/gnu/h-i686-mingw32/bin/../lib/gcc/nios2-elf/4.1.2/../../../../nios2-elf/lib\libc.a(lib_a-fvwrite.o)
                0x0080a5ac                __sfvwrite_r
 .text          0x0080aa48      0x180 c:/altera/13.0sp1/nios2eds/bin/gnu/h-i686-mingw32/bin/../lib/gcc/nios2-elf/4.1.2/../../../../nios2-elf/lib\libc.a(lib_a-fwalk.o)
                0x0080aa48                _fwalk_reent
                0x0080ab10                _fwalk
 .text          0x0080abc8       0xc4 c:/altera/13.0sp1/nios2eds/bin/gnu/h-i686-mingw32/bin/../lib/gcc/nios2-elf/4.1.2/../../../../nios2-elf/lib\libc.a(lib_a-locale.o)
                0x0080abc8                __locale_charset
                0x0080abd0                _localeconv_r
                0x0080abdc                localeconv
                0x0080abec                _setlocale_r
                0x0080ac70                setlocale
 .text          0x0080ac8c      0x194 c:/altera/13.0sp1/nios2eds/bin/gnu/h-i686-mingw32/bin/../lib/gcc/nios2-elf/4.1.2/../../../../nios2-elf/lib\libc.a(lib_a-makebuf.o)
                0x0080ac8c                __smakebuf_r
 .text          0x0080ae20      0x740 c:/altera/13.0sp1/nios2eds/bin/gnu/h-i686-mingw32/bin/../lib/gcc/nios2-elf/4.1.2/../../../../nios2-elf/lib\libc.a(lib_a-mallocr.o)
                0x0080ae20                _malloc_r
 .text          0x0080b560       0xe4 c:/altera/13.0sp1/nios2eds/bin/gnu/h-i686-mingw32/bin/../lib/gcc/nios2-elf/4.1.2/../../../../nios2-elf/lib\libc.a(lib_a-memchr.o)
                0x0080b560                memchr
 .text          0x0080b644      0xff4 c:/altera/13.0sp1/nios2eds/bin/gnu/h-i686-mingw32/bin/../lib/gcc/nios2-elf/4.1.2/../../../../nios2-elf/lib\libc.a(lib_a-mprec.o)
                0x0080b644                _Bfree
                0x0080b66c                __hi0bits
                0x0080b6dc                __lo0bits
                0x0080b7a0                __mcmp
                0x0080b800                __ulp
                0x0080b880                __b2d
                0x0080b9a0                __ratio
                0x0080ba50                _mprec_log10
                0x0080bae4                __copybits
                0x0080bb3c                __any_on
                0x0080bbc4                _Balloc
                0x0080bc80                __d2b
                0x0080bdfc                __mdiff
                0x0080bf88                __lshift
                0x0080c0d4                __multiply
                0x0080c2bc                __i2b
                0x0080c2f8                __multadd
                0x0080c3f8                __pow5mult
                0x0080c518                __s2b
 .text          0x0080c638      0x5f4 c:/altera/13.0sp1/nios2eds/bin/gnu/h-i686-mingw32/bin/../lib/gcc/nios2-elf/4.1.2/../../../../nios2-elf/lib\libc.a(lib_a-reallocr.o)
                0x0080c638                _realloc_r
 .text          0x0080cc2c      0x1e0 c:/altera/13.0sp1/nios2eds/bin/gnu/h-i686-mingw32/bin/../lib/gcc/nios2-elf/4.1.2/../../../../nios2-elf/lib\libc.a(lib_a-refill.o)
                0x0080cc2c                __srefill_r
 .text          0x0080ce0c       0x40 c:/altera/13.0sp1/nios2eds/bin/gnu/h-i686-mingw32/bin/../lib/gcc/nios2-elf/4.1.2/../../../../nios2-elf/lib\libc.a(lib_a-s_isinfd.o)
                0x0080ce0c                __isinfd
 .text          0x0080ce4c       0x30 c:/altera/13.0sp1/nios2eds/bin/gnu/h-i686-mingw32/bin/../lib/gcc/nios2-elf/4.1.2/../../../../nios2-elf/lib\libc.a(lib_a-s_isnand.o)
                0x0080ce4c                __isnand
 .text          0x0080ce7c       0x70 c:/altera/13.0sp1/nios2eds/bin/gnu/h-i686-mingw32/bin/../lib/gcc/nios2-elf/4.1.2/../../../../nios2-elf/lib\libc.a(lib_a-sbrkr.o)
                0x0080ce7c                _sbrk_r
 .text          0x0080ceec      0x14c c:/altera/13.0sp1/nios2eds/bin/gnu/h-i686-mingw32/bin/../lib/gcc/nios2-elf/4.1.2/../../../../nios2-elf/lib\libc.a(lib_a-stdio.o)
                0x0080ceec                __sclose
                0x0080cef4                __sseek
                0x0080cf5c                __swrite
                0x0080cfd8                __sread
 .text          0x0080d038       0xbc c:/altera/13.0sp1/nios2eds/bin/gnu/h-i686-mingw32/bin/../lib/gcc/nios2-elf/4.1.2/../../../../nios2-elf/lib\libc.a(lib_a-strcmp.o)
                0x0080d038                strcmp
 .text          0x0080d0f4       0x78 c:/altera/13.0sp1/nios2eds/bin/gnu/h-i686-mingw32/bin/../lib/gcc/nios2-elf/4.1.2/../../../../nios2-elf/lib\libc.a(lib_a-writer.o)
                0x0080d0f4                _write_r
 .text          0x0080d16c       0xb4 c:/altera/13.0sp1/nios2eds/bin/gnu/h-i686-mingw32/bin/../lib/gcc/nios2-elf/4.1.2/../../../../nios2-elf/lib\libc.a(lib_a-callocr.o)
                0x0080d16c                _calloc_r
 .text          0x0080d220       0x70 c:/altera/13.0sp1/nios2eds/bin/gnu/h-i686-mingw32/bin/../lib/gcc/nios2-elf/4.1.2/../../../../nios2-elf/lib\libc.a(lib_a-closer.o)
                0x0080d220                _close_r
 .text          0x0080d290      0x124 c:/altera/13.0sp1/nios2eds/bin/gnu/h-i686-mingw32/bin/../lib/gcc/nios2-elf/4.1.2/../../../../nios2-elf/lib\libc.a(lib_a-fclose.o)
                0x0080d290                _fclose_r
                0x0080d3a0                fclose
 .text          0x0080d3b4       0x74 c:/altera/13.0sp1/nios2eds/bin/gnu/h-i686-mingw32/bin/../lib/gcc/nios2-elf/4.1.2/../../../../nios2-elf/lib\libc.a(lib_a-fstatr.o)
                0x0080d3b4                _fstat_r
 .text          0x0080d428        0x0 c:/altera/13.0sp1/nios2eds/bin/gnu/h-i686-mingw32/bin/../lib/gcc/nios2-elf/4.1.2/../../../../nios2-elf/lib\libc.a(lib_a-int_errno.o)
 .text          0x0080d428       0x70 c:/altera/13.0sp1/nios2eds/bin/gnu/h-i686-mingw32/bin/../lib/gcc/nios2-elf/4.1.2/../../../../nios2-elf/lib\libc.a(lib_a-isattyr.o)
                0x0080d428                _isatty_r
 .text          0x0080d498       0x78 c:/altera/13.0sp1/nios2eds/bin/gnu/h-i686-mingw32/bin/../lib/gcc/nios2-elf/4.1.2/../../../../nios2-elf/lib\libc.a(lib_a-lseekr.o)
                0x0080d498                _lseek_r
 .text          0x0080d510       0x78 c:/altera/13.0sp1/nios2eds/bin/gnu/h-i686-mingw32/bin/../lib/gcc/nios2-elf/4.1.2/../../../../nios2-elf/lib\libc.a(lib_a-readr.o)
                0x0080d510                _read_r
 .text          0x0080d588      0x5dc c:/altera/13.0sp1/nios2eds/bin/gnu/h-i686-mingw32/bin/../lib/gcc/nios2-elf/4.1.2\libgcc.a(_udivdi3.o)
                0x0080d588                __udivdi3
 .text          0x0080db64      0x5b0 c:/altera/13.0sp1/nios2eds/bin/gnu/h-i686-mingw32/bin/../lib/gcc/nios2-elf/4.1.2\libgcc.a(_umoddi3.o)
                0x0080db64                __umoddi3
 .text          0x0080e114      0x258 c:/altera/13.0sp1/nios2eds/bin/gnu/h-i686-mingw32/bin/../lib/gcc/nios2-elf/4.1.2\libgcc.a(_div_df.o)
                0x0080e114                __divdf3
 .text          0x0080e36c       0x88 c:/altera/13.0sp1/nios2eds/bin/gnu/h-i686-mingw32/bin/../lib/gcc/nios2-elf/4.1.2\libgcc.a(_eq_df.o)
                0x0080e36c                __eqdf2
 .text          0x0080e3f4       0x88 c:/altera/13.0sp1/nios2eds/bin/gnu/h-i686-mingw32/bin/../lib/gcc/nios2-elf/4.1.2\libgcc.a(_ne_df.o)
                0x0080e3f4                __nedf2
 .text          0x0080e47c       0x88 c:/altera/13.0sp1/nios2eds/bin/gnu/h-i686-mingw32/bin/../lib/gcc/nios2-elf/4.1.2\libgcc.a(_gt_df.o)
                0x0080e47c                __gtdf2
 .text          0x0080e504       0x88 c:/altera/13.0sp1/nios2eds/bin/gnu/h-i686-mingw32/bin/../lib/gcc/nios2-elf/4.1.2\libgcc.a(_lt_df.o)
                0x0080e504                __ltdf2
 .text          0x0080e58c       0xf8 c:/altera/13.0sp1/nios2eds/bin/gnu/h-i686-mingw32/bin/../lib/gcc/nios2-elf/4.1.2\libgcc.a(_si_to_df.o)
                0x0080e58c                __floatsidf
 .text          0x0080e684      0x14c c:/altera/13.0sp1/nios2eds/bin/gnu/h-i686-mingw32/bin/../lib/gcc/nios2-elf/4.1.2\libgcc.a(lib2-divmod.o)
                0x0080e700                __divsi3
                0x0080e760                __modsi3
                0x0080e7c0                __udivsi3
                0x0080e7c8                __umodsi3
 .text          0x0080e7d0       0x6c ../simple_socket_bsp/\libucosii_bsp.a(alt_exit.o)
                0x0080e810                _exit
 .text          0x0080e83c       0xd0 ../simple_socket_bsp/\libucosii_bsp.a(alt_flash_dev.o)
                0x0080e83c                alt_flash_open_dev
                0x0080e8b8                alt_flash_close_dev
 .text          0x0080e90c      0x134 ../simple_socket_bsp/\libucosii_bsp.a(alt_fstat.o)
                0x0080e90c                fstat
 .text          0x0080ea40      0x1c0 ../simple_socket_bsp/\libucosii_bsp.a(alt_irq_register.o)
                0x0080ea40                alt_irq_register
 .text          0x0080ec00        0x0 ../simple_socket_bsp/\libucosii_bsp.a(alt_irq_vars.o)
 .text          0x0080ec00      0x120 ../simple_socket_bsp/\libucosii_bsp.a(alt_isatty.o)
                0x0080ec00                isatty
 .text          0x0080ed20      0x150 ../simple_socket_bsp/\libucosii_bsp.a(alt_lseek.o)
                0x0080ed20                lseek
 .text          0x0080ee70       0xc8 ../simple_socket_bsp/\libucosii_bsp.a(alt_main.o)
                0x0080ee70                alt_main
 .text          0x0080ef38       0xbc ../simple_socket_bsp/\libucosii_bsp.a(alt_sbrk.o)
                0x0080ef38                sbrk
 .text          0x0080eff4      0x118 ../simple_socket_bsp/\libucosii_bsp.a(alt_usleep.o)
                0x0080eff4                usleep
 .text          0x0080f10c      0x108 ../simple_socket_bsp/\libucosii_bsp.a(alt_env_lock.o)
                0x0080f10c                __env_lock
                0x0080f1b8                __env_unlock
 .text          0x0080f214      0x1d8 ../simple_socket_bsp/\libucosii_bsp.a(alt_malloc_lock.o)
                0x0080f214                __malloc_lock
                0x0080f31c                __malloc_unlock
 .text          0x0080f3ec     0x2128 ../simple_socket_bsp/\libucosii_bsp.a(os_core.o)
                0x0080f3ec                OSEventNameGet
                0x0080f51c                OSEventNameSet
                0x0080f660                OSEventPendMulti
                0x0080fd14                OSInit
                0x0080fd68                OSIntEnter
                0x0080fde4                OSIntExit
                0x0080fee4                OSSchedLock
                0x0080ff70                OSSchedUnlock
                0x00810054                OSStart
                0x008100c4                OSStatInit
                0x00810170                OSTimeTick
                0x008103b0                OSVersion
                0x008103d0                OS_Dummy
                0x008103ec                OS_EventTaskRdy
                0x00810580                OS_EventTaskWait
                0x00810690                OS_EventTaskWaitMulti
                0x008107e4                OS_EventTaskRemove
                0x0081089c                OS_EventTaskRemoveMulti
                0x008109a0                OS_EventWaitListInit
                0x00810d6c                OS_MemClr
                0x00810dc0                OS_MemCopy
                0x00810e2c                OS_Sched
                0x00810f70                OS_StrCopy
                0x00810ff0                OS_StrLen
                0x00811048                OS_TaskIdle
                0x008110a4                OS_TaskStat
                0x0081116c                OS_TaskStatStkChk
                0x00811234                OS_TCBInit
 .text          0x00811514      0x18c ../simple_socket_bsp/\libucosii_bsp.a(os_dbg.o)
                0x00811514                OSDebugInit
 .text          0x008116a0     0x193c ../simple_socket_bsp/\libucosii_bsp.a(os_flag.o)
                0x008116a0                OSFlagAccept
                0x008119d4                OSFlagCreate
                0x00811b10                OSFlagDel
                0x00811db8                OSFlagNameGet
                0x00811efc                OSFlagNameSet
                0x00812050                OSFlagPend
                0x00812694                OSFlagPendGetFlagsRdy
                0x008126fc                OSFlagPost
                0x00812aa4                OSFlagQuery
                0x00812d3c                OS_FlagInit
                0x00812f30                OS_FlagUnlink
 .text          0x00812fdc      0x808 ../simple_socket_bsp/\libucosii_bsp.a(os_mem.o)
                0x00812fdc                OSMemCreate
                0x008131f8                OSMemGet
                0x008132fc                OSMemNameGet
                0x00813408                OSMemNameSet
                0x00813528                OSMemPut
                0x00813618                OSMemQuery
                0x00813714                OS_MemInit
 .text          0x008137e4     0x1334 ../simple_socket_bsp/\libucosii_bsp.a(os_q.o)
                0x008137e4                OSQAccept
                0x00813938                OSQCreate
                0x00813b4c                OSQDel
                0x00813e4c                OSQFlush
                0x00813f14                OSQPend
                0x00814234                OSQPendAbort
                0x008143b0                OSQPost
                0x00814530                OSQPostFront
                0x008146b8                OSQPostOpt
                0x008148ec                OSQQuery
                0x00814a6c                OS_QInit
 .text          0x00814b18      0xbc8 ../simple_socket_bsp/\libucosii_bsp.a(os_sem.o)
                0x00814b18                OSSemAccept
                0x00814bd8                OSSemCreate
                0x00814cec                OSSemDel
                0x00814f8c                OSSemPend
                0x00815208                OSSemPendAbort
                0x00815384                OSSemPost
                0x008154ac                OSSemQuery
                0x008155dc                OSSemSet
 .text          0x008156e0     0x1a40 ../simple_socket_bsp/\libucosii_bsp.a(os_task.o)
                0x008156e0                OSTaskChangePrio
                0x00815c54                OSTaskCreate
                0x00815e28                OSTaskCreateExt
                0x00816028                OSTaskDel
                0x00816434                OSTaskDelReq
                0x008165a4                OSTaskNameGet
                0x0081675c                OSTaskNameSet
                0x00816920                OSTaskResume
                0x00816b38                OSTaskStkChk
                0x00816d34                OSTaskSuspend
                0x00816f60                OSTaskQuery
                0x008170a4                OS_TaskStkClr
 .text          0x00817120      0x670 ../simple_socket_bsp/\libucosii_bsp.a(os_time.o)
                0x00817120                OSTimeDly
                0x0081726c                OSTimeDlyHMSM
                0x008174b8                OSTimeDlyResume
                0x008176c8                OSTimeGet
                0x0081772c                OSTimeSet
 .text          0x00817790      0x118 ../simple_socket_bsp/\libucosii_bsp.a(alt_sys_init.o)
                0x00817790                alt_irq_init
                0x008177c4                alt_sys_init
 .text          0x008178a8      0x8c8 ../simple_socket_bsp/\libucosii_bsp.a(altera_avalon_cfi_flash.o)
                0x008178a8                alt_flash_cfi_init
                0x0081797c                alt_flash_cfi_write
                0x00817c3c                alt_flash_cfi_get_info
                0x00817ccc                alt_flash_cfi_read
                0x00817d34                alt_write_value_to_flash
                0x00817e98                alt_flash_program_block
 .text          0x00818170     0x14a8 ../simple_socket_bsp/\libucosii_bsp.a(altera_avalon_cfi_flash_table.o)
                0x00818170                alt_read_query_entry_8bit
                0x008181b0                alt_read_query_entry_16bit
                0x008181f4                alt_read_query_entry_32bit
                0x0081823c                alt_write_flash_command_8bit_device_8bit_mode
                0x00818278                alt_write_flash_command_16bit_device_8bit_mode
                0x008182f4                alt_write_flash_command_32bit_device_8bit_mode
                0x0081833c                alt_write_flash_command_16bit_device_16bit_mode
                0x00818380                alt_write_flash_command_32bit_device_16bit_mode
                0x008183c8                alt_write_flash_command_32bit_device_32bit_mode
                0x00818410                alt_write_native_8bit
                0x00818444                alt_write_native_16bit
                0x00818478                alt_write_native_32bit
                0x008184a8                alt_set_flash_width_func
                0x00818688                alt_set_flash_algorithm_func
                0x008187b0                alt_read_cfi_table
                0x00818d90                alt_read_cfi_width
                0x0081953c                alt_check_primary_table
 .text          0x00819618      0x9e4 ../simple_socket_bsp/\libucosii_bsp.a(altera_avalon_epcs_flash_controller.o)
                0x00819618                alt_epcs_flash_init
                0x00819a34                alt_epcs_flash_write
                0x00819cb4                alt_epcs_flash_get_info
                0x00819d44                alt_epcs_flash_erase_block
                0x00819e48                alt_epcs_flash_write_block
                0x00819f64                alt_epcs_flash_read
 .text          0x00819ffc      0x148 ../simple_socket_bsp/\libucosii_bsp.a(altera_avalon_jtag_uart_fd.o)
                0x00819ffc                altera_avalon_jtag_uart_read_fd
                0x0081a054                altera_avalon_jtag_uart_write_fd
                0x0081a0ac                altera_avalon_jtag_uart_close_fd
                0x0081a0f4                altera_avalon_jtag_uart_ioctl_fd
 .text          0x0081a144      0x584 ../simple_socket_bsp/\libucosii_bsp.a(altera_avalon_jtag_uart_init.o)
                0x0081a144                altera_avalon_jtag_uart_init
                0x0081a654                altera_avalon_jtag_uart_close
 .text          0x0081a6c8       0xf4 ../simple_socket_bsp/\libucosii_bsp.a(altera_avalon_jtag_uart_ioctl.o)
                0x0081a6c8                altera_avalon_jtag_uart_ioctl
 .text          0x0081a7bc      0x2c0 ../simple_socket_bsp/\libucosii_bsp.a(altera_avalon_jtag_uart_read.o)
                0x0081a7bc                altera_avalon_jtag_uart_read
 .text          0x0081aa7c      0x2dc ../simple_socket_bsp/\libucosii_bsp.a(altera_avalon_jtag_uart_write.o)
                0x0081aa7c                altera_avalon_jtag_uart_write
 .text          0x0081ad58      0xf3c ../simple_socket_bsp/\libucosii_bsp.a(altera_avalon_lcd_16207.o)
                0x0081b52c                altera_avalon_lcd_16207_write
                0x0081bb30                altera_avalon_lcd_16207_init
 .text          0x0081bc94       0x58 ../simple_socket_bsp/\libucosii_bsp.a(altera_avalon_lcd_16207_fd.o)
                0x0081bc94                altera_avalon_lcd_16207_write_fd
 .text          0x0081bcec      0x100 ../simple_socket_bsp/\libucosii_bsp.a(altera_avalon_timer_sc.o)
                0x0081bd5c                alt_avalon_timer_sc_init
 .text          0x0081bdec       0xf8 ../simple_socket_bsp/\libucosii_bsp.a(altera_avalon_uart_fd.o)
                0x0081bdec                altera_avalon_uart_read_fd
                0x0081be44                altera_avalon_uart_write_fd
                0x0081be9c                altera_avalon_uart_close_fd
 .text          0x0081bee4      0x57c ../simple_socket_bsp/\libucosii_bsp.a(altera_avalon_uart_init.o)
                0x0081bee4                altera_avalon_uart_init
                0x0081c400                altera_avalon_uart_close
 .text          0x0081c460      0x310 ../simple_socket_bsp/\libucosii_bsp.a(altera_avalon_uart_read.o)
                0x0081c460                altera_avalon_uart_read
 .text          0x0081c770      0x2a8 ../simple_socket_bsp/\libucosii_bsp.a(altera_avalon_uart_write.o)
                0x0081c770                altera_avalon_uart_write
 .text          0x0081ca18      0x6d4 ../simple_socket_bsp/\libucosii_bsp.a(epcs_commands.o)
                0x0081ca18                epcs_read_status_register
                0x0081ca78                epcs_sector_erase
                0x0081cbe0                epcs_read_buffer
                0x0081cd2c                epcs_write_enable
                0x0081cd7c                epcs_write_status_register
                0x0081cde0                epcs_write_buffer
                0x0081cf50                epcs_read_electronic_signature
                0x0081cfbc                epcs_read_device_id
                0x0081d03c                epcs_enter_4_bytes_mode
                0x0081d094                epcs_exit_4_bytes_mode
 .text          0x0081d0ec       0x54 ../simple_socket_bsp/\libucosii_bsp.a(alt_iniche_close.o)
                0x0081d0ec                close
 .text          0x0081d140      0x144 ../simple_socket_bsp/\libucosii_bsp.a(alt_iniche_dev.o)
                0x0081d140                iniche_devices_init
 .text          0x0081d284       0x78 ../simple_socket_bsp/\libucosii_bsp.a(alt_iniche_read.o)
                0x0081d284                read
 .text          0x0081d2fc       0x70 ../simple_socket_bsp/\libucosii_bsp.a(alt_iniche_write.o)
                0x0081d2fc                write
 .text          0x0081d36c      0xedc ../simple_socket_bsp/\libucosii_bsp.a(ipnet.o)
                0x0081d36c                Netinit
                0x0081d9b8                fixup_subnet_mask
                0x0081db18                netclose
                0x0081dc00                pktdemux
                0x0081dfd4                c_older
                0x0081e0a4                ip2mac
 .text          0x0081e248      0x4b0 ../simple_socket_bsp/\libucosii_bsp.a(ipstart.o)
                0x0081e248                ip_startup
                0x0081e52c                exit_hook
                0x0081e598                ip_exit
                0x0081e668                if_netnumber
 .text          0x0081e6f8     0x10e8 ../simple_socket_bsp/\libucosii_bsp.a(igmp_cmn.o)
                0x0081e6f8                igmp_init
                0x0081e7e8                igmp_input
                0x0081e8e0                igmp_fasttimo
                0x0081eb14                igmp_send
                0x0081edbc                igmp_joingroup
                0x0081f028                igmp_leavegroup
                0x0081f0a4                igmp_validate
                0x0081f400                igmp_print_stats
 .text          0x0081f7e0      0xbc8 ../simple_socket_bsp/\libucosii_bsp.a(bsdsock.o)
                0x0081f7e0                bsd_accept
                0x0081f918                bsd_getpeername
                0x0081fa44                bsd_getsockname
                0x0081fb70                bsd_i_sockoptlen
                0x0081fd28                bsd_getsockopt
                0x0081fe48                bsd_ioctl
                0x0081ff4c                bsd_inet_ntoa
                0x0081ff7c                bsd_recvfrom
                0x008200dc                bsd_select
                0x008202bc                bsd_setsockopt
 .text          0x008203a8      0x118 ../simple_socket_bsp/\libucosii_bsp.a(cksum.o)
                0x008203a8                ccksum
                0x00820458                cksum
 .text          0x008204c0      0xa9c ../simple_socket_bsp/\libucosii_bsp.a(in_utils.o)
                0x008204c0                do_trap
                0x008204ec                nextarg
                0x00820568                hexdump
                0x008206b0                print_ipad
                0x00820724                print_uptime
                0x00820850                panic
                0x00820894                print_eth
                0x008209f8                uslash
                0x00820a78                ns_printf
                0x00820bfc                std_out
                0x00820c40                con_page
                0x00820d30                parse_args
 .text          0x00820f5c      0x1c8 ../simple_socket_bsp/\libucosii_bsp.a(netmain.o)
                0x00820f5c                netmain
                0x00821050                tk_netmain
                0x008210d8                tk_nettick
 .text          0x00821124      0x810 ../simple_socket_bsp/\libucosii_bsp.a(parseip.o)
                0x00821124                parse_ipad
                0x00821440                inet_addr
                0x008214a8                hextoa
                0x00821518                inet_pton
                0x008215c4                inet_ntop
                0x00821650                print46_addr
                0x008216b0                inet46_addr
                0x00821774                inet_setport
                0x008217e8                convert_ip
 .text          0x00821934      0x5e8 ../simple_socket_bsp/\libucosii_bsp.a(tk_crnos.o)
                0x00821934                TK_OSTimeDly
                0x00821960                TK_OSTaskResume
                0x008219d0                tcp_sleep
                0x00821b70                tcp_wakeup
                0x00821c74                TK_OSTaskQuery
                0x00821ce8                tk_yield
                0x00821d14                tk_stats
 .text          0x00821f1c     0x3294 ../simple_socket_bsp/\libucosii_bsp.a(dhcpclnt.o)
                0x00821f1c                dhc_get_srv_ipaddr
                0x00821fac                dhc_init
                0x00822068                dhc_set_callback
                0x008220ac                dhc_upcall
                0x008228dc                dhc_buildheader
                0x00822af8                dhc_discover
                0x00823010                dhc_rx_offer
                0x00823114                dhc_request
                0x00823c50                dhc_setip
                0x00823ed0                dhc_resetip
                0x00823fb4                dhc_decline
                0x00824198                dhc_extract_opts
                0x00824454                dhc_second
                0x00824d44                dhc_halt
                0x00824dcc                dhc_reclaim
                0x00824f9c                dhc_state_init
                0x00824ffc                dhc_alldone
                0x0082508c                dhc_ifacedone
                0x00825100                dhc_set_state
 .text          0x008251b0       0xcc ../simple_socket_bsp/\libucosii_bsp.a(dhcputil.o)
                0x008251b0                find_opt
 .text          0x0082527c      0x79c ../simple_socket_bsp/\libucosii_bsp.a(pktalloc.o)
                0x0082527c                pk_init
                0x0082550c                pk_alloc
                0x008255e8                pk_validate
                0x008258a0                pk_free
                0x0082594c                pk_get_max_intrsafe_buf_len
                0x0082596c                dump_buf_estats
 .text          0x00825a18      0x288 ../simple_socket_bsp/\libucosii_bsp.a(q.o)
                0x00825a18                getq
                0x00825ae0                putq
                0x00825b90                qdel
 .text          0x00825ca0      0x31c ../simple_socket_bsp/\libucosii_bsp.a(udp_open.o)
                0x00825ca0                udp_open
                0x00825ed8                udp_close
 .text          0x00825fbc      0x194 ../simple_socket_bsp/\libucosii_bsp.a(asm_cksum.o)
                0x00825fbc                asm_cksum
 .text          0x00826150      0x2e4 ../simple_socket_bsp/\libucosii_bsp.a(brdutils.o)
                0x00826150                dtrap
                0x00826180                kbhit
                0x0082622c                getch
                0x0082628c                clock_init
                0x008262c8                clock_c
                0x008262e4                cticks_hook
                0x00826394                irq_Mask
                0x008263f0                irq_Unmask
 .text          0x00826434      0x488 ../simple_socket_bsp/\libucosii_bsp.a(osportco.o)
                0x00826434                LOCK_NET_RESOURCE
                0x008264f4                UNLOCK_NET_RESOURCE
                0x0082657c                TK_NEWTASK
                0x00826790                wait_app_sem
                0x00826844                post_app_sem
 .text          0x008268bc      0x568 ../simple_socket_bsp/\libucosii_bsp.a(targnios.o)
                0x008268bc                alt_iniche_init
                0x00826ad8                pre_task_setup
                0x00826b4c                post_task_setup
                0x00826b6c                prep_armintcp
                0x00826ba4                calloc2
                0x00826bd8                npalloc
                0x00826ccc                npfree
                0x00826d84                ncpalloc
                0x00826dd8                ncpfree
 .text          0x00826e24     0x19b8 ../simple_socket_bsp/\libucosii_bsp.a(nptcp.o)
                0x00826e24                pffindtype
                0x00826ec4                pffindproto
                0x00826f94                m_getnbuf
                0x0082713c                m_free
                0x00827270                m_freem
                0x008272b4                m_copy
                0x008275d8                m_adj
                0x008277a8                mbuf_len
                0x00827800                dtom
                0x008278a8                remque
                0x00827918                insque
                0x00827994                nptcp_init
                0x00827ab8                tcp_rcv
                0x00827ca4                ip_output
                0x0082829c                in_broadcast
                0x008282dc                np_stripoptions
                0x008283c4                so_icmpdu
                0x0082871c                tcp_tick
 .text          0x008287dc      0xa2c ../simple_socket_bsp/\libucosii_bsp.a(rawsock.o)
                0x008287dc                rawip_lookup
                0x0082884c                rawip_soinput
                0x00828a20                rawip_usrreq
 .text          0x00829208     0x17fc ../simple_socket_bsp/\libucosii_bsp.a(sockcall.o)
                0x00829208                DOMAIN_CHECK
                0x00829254                t_socket
                0x008292e4                t_bind
                0x00829460                t_listen
                0x00829544                t_accept
                0x008297dc                t_connect
                0x00829a84                t_getpeername
                0x00829ac8                t_getsockname
                0x00829d08                t_setsockopt
                0x00829ee4                t_getsockopt
                0x0082a088                t_recv
                0x0082a178                t_recvfrom
                0x0082a2c8                t_sendto
                0x0082a4f4                t_send
                0x0082a71c                t_shutdown
                0x0082a800                t_socketclose
                0x0082a968                t_errno
 .text          0x0082aa04     0x23ec ../simple_socket_bsp/\libucosii_bsp.a(socket.o)
                0x0082aa04                socreate
                0x0082abd0                sobind
                0x0082ac2c                solisten
                0x0082ad1c                sofree
                0x0082ae4c                soclose
                0x0082b1b8                soabort
                0x0082b208                soaccept
                0x0082b2a4                soconnect
                0x0082b378                sodisconnect
                0x0082b418                sosend
                0x0082ba20                soreceive
                0x0082c204                soshutdown
                0x0082c2ac                sorflush
                0x0082c3ac                sosetopt
                0x0082c86c                sogetopt
                0x0082cdac                sohasoutofband
 .text          0x0082cdf0     0x1318 ../simple_socket_bsp/\libucosii_bsp.a(socket2.o)
                0x0082cdf0                soisconnecting
                0x0082ce5c                soisconnected
                0x0082cf58                soisdisconnecting
                0x0082cfe4                soisdisconnected
                0x0082d0a0                sonewconn
                0x0082d2bc                soqinsque
                0x0082d368                soqremque
                0x0082d488                socantsendmore
                0x0082d4d8                socantrcvmore
                0x0082d528                sbselqueue
                0x0082d560                sbwait
                0x0082d5c8                sbwakeup
                0x0082d664                soreserve
                0x0082d6e4                sbreserve
                0x0082d744                sbrelease
                0x0082d78c                sbappend
                0x0082d834                sbappendrecord
                0x0082d914                sbappendaddr
                0x0082db1c                sbcompress
                0x0082dd04                sbflush
                0x0082dd94                sbdrop
                0x0082df64                sbdropend
                0x0082e074                sbdroprecord
 .text          0x0082e108      0x914 ../simple_socket_bsp/\libucosii_bsp.a(soselect.o)
                0x0082e108                t_select
                0x0082e328                sock_selscan
                0x0082e480                sock_select
                0x0082e694                in_pcbnotify
                0x0082e760                tcp_notify
                0x0082e7c8                ifd_clr
                0x0082e8b8                ifd_set
                0x0082e92c                ifd_isset
                0x0082e9ac                ifd_get
 .text          0x0082ea1c     0x3020 ../simple_socket_bsp/\libucosii_bsp.a(tcp_in.o)
                0x0082ea1c                tcp_reass
                0x0082ee24                tcp_input
                0x00831378                tcp_dooptions
                0x00831508                tcp_pulloutofband
                0x00831634                tcp_xmit_timer
                0x008318d8                ip4_tcpmss
                0x00831920                tcp_mss
 .text          0x00831a3c     0x1360 ../simple_socket_bsp/\libucosii_bsp.a(tcp_out.o)
                0x00831a3c                tcp_output
                0x00832bb8                tcp_setpersist
 .text          0x00832d9c      0x9e8 ../simple_socket_bsp/\libucosii_bsp.a(tcp_subr.o)
                0x00832d9c                tcp_init
                0x00832df4                tcp_template
                0x00832f0c                tcp_respond
                0x00833394                tcp_newtcpcb
                0x008334ac                tcp_drop
                0x00833558                tcp_close
                0x00833640                tcp_quench
                0x0083368c                tcp_putseq
                0x0083370c                tcp_getseq
 .text          0x00833784      0x798 ../simple_socket_bsp/\libucosii_bsp.a(tcp_timr.o)
                0x00833784                tcp_slowtimo
                0x00833a24                tcp_canceltimers
                0x00833a80                tcp_timers
 .text          0x00833f1c      0x9ec ../simple_socket_bsp/\libucosii_bsp.a(tcp_usr.o)
                0x00833f1c                tcp_usrreq
                0x00834620                tcp_attach
                0x00834754                tcp_disconnect
                0x00834828                tcp_usrclosed
 .text          0x00834908       0x4c ../simple_socket_bsp/\libucosii_bsp.a(tcpport.o)
                0x00834908                tcpinit
 .text          0x00834954      0xd20 ../simple_socket_bsp/\libucosii_bsp.a(udpsock.o)
                0x00834954                udp_lookup
                0x008349c4                udp_soinput
                0x00834b7c                udp_usrreq
                0x00834e00                udp4_sockbind
                0x0083513c                udp4_socksend
                0x00835518                udp4_sockaddr
 .text          0x00835674      0x154 ../simple_socket_bsp/\libucosii_bsp.a(alt_alarm_start.o)
                0x00835674                alt_alarm_start
 .text          0x008357c8      0x14c ../simple_socket_bsp/\libucosii_bsp.a(alt_busy_sleep.o)
                0x008357c8                alt_busy_sleep
 .text          0x00835914      0x15c ../simple_socket_bsp/\libucosii_bsp.a(alt_close.o)
                0x00835914                alt_close
 .text          0x00835a70       0x78 ../simple_socket_bsp/\libucosii_bsp.a(alt_dcache_flush.o)
                0x00835a70                alt_dcache_flush
 .text          0x00835ae8       0x2c ../simple_socket_bsp/\libucosii_bsp.a(alt_dev.o)
 .text          0x00835b14      0x114 ../simple_socket_bsp/\libucosii_bsp.a(alt_dev_llist_insert.o)
                0x00835b14                alt_dev_llist_insert
 .text          0x00835c28       0x64 ../simple_socket_bsp/\libucosii_bsp.a(alt_do_ctors.o)
                0x00835c28                _do_ctors
 .text          0x00835c8c       0x64 ../simple_socket_bsp/\libucosii_bsp.a(alt_do_dtors.o)
                0x00835c8c                _do_dtors
 .text          0x00835cf0        0x0 ../simple_socket_bsp/\libucosii_bsp.a(alt_errno.o)
 .text          0x00835cf0       0x94 ../simple_socket_bsp/\libucosii_bsp.a(alt_find_dev.o)
                0x00835cf0                alt_find_dev
 .text          0x00835d84      0x1d4 ../simple_socket_bsp/\libucosii_bsp.a(alt_iic.o)
                0x00835d84                alt_ic_isr_register
                0x00835dd4                alt_ic_irq_enable
                0x00835e70                alt_ic_irq_disable
                0x00835f10                alt_ic_irq_enabled
 .text          0x00835f58       0xf8 ../simple_socket_bsp/\libucosii_bsp.a(alt_iic_isr_register.o)
                0x00835f58                alt_iic_isr_register
 .text          0x00836050      0x13c ../simple_socket_bsp/\libucosii_bsp.a(alt_io_redirect.o)
                0x00836114                alt_io_redirect
 .text          0x0083618c        0x0 ../simple_socket_bsp/\libucosii_bsp.a(alt_irq_entry.o)
 .text          0x0083618c        0x0 ../simple_socket_bsp/\libucosii_bsp.a(alt_irq_handler.o)
 .text          0x0083618c      0x2c4 ../simple_socket_bsp/\libucosii_bsp.a(alt_open.o)
                0x00836268                open
 .text          0x00836450      0x180 ../simple_socket_bsp/\libucosii_bsp.a(alt_read.o)
                0x00836450                alt_read
 .text          0x008365d0       0x60 ../simple_socket_bsp/\libucosii_bsp.a(alt_release_fd.o)
                0x008365d0                alt_release_fd
 .text          0x00836630       0x38 ../simple_socket_bsp/\libucosii_bsp.a(alt_remap_cached.o)
                0x00836630                alt_remap_cached
 .text          0x00836668       0x40 ../simple_socket_bsp/\libucosii_bsp.a(alt_remap_uncached.o)
                0x00836668                alt_remap_uncached
 .text          0x008366a8      0x1a8 ../simple_socket_bsp/\libucosii_bsp.a(alt_tick.o)
                0x008366a8                alt_alarm_stop
                0x00836740                alt_tick
 .text          0x00836850      0x180 ../simple_socket_bsp/\libucosii_bsp.a(alt_write.o)
                0x00836850                alt_write
 .text          0x008369d0       0x20 ../simple_socket_bsp/\libucosii_bsp.a(altera_nios2_qsys_irq.o)
                0x008369d0                altera_nios2_qsys_irq_init
 .text          0x008369f0       0xd0 ../simple_socket_bsp/\libucosii_bsp.a(os_cpu_a.o)
                0x008369f0                OSCtxSw
                0x008369f0                OSIntCtxSw
                0x00836a7c                OSStartHighRdy
                0x00836a9c                OSStartTsk
 .text          0x00836ac0      0x424 ../simple_socket_bsp/\libucosii_bsp.a(os_cpu_c.o)
                0x00836ac0                OSTaskStkInit
                0x00836dd0                OSTaskCreateHook
                0x00836df0                OSTaskDelHook
                0x00836e10                OSTaskSwHook
                0x00836e2c                OSTaskStatHook
                0x00836e48                OSTimeTickHook
                0x00836e70                OSInitHookBegin
                0x00836e8c                OSInitHookEnd
                0x00836ea8                OSTaskIdleHook
                0x00836ec4                OSTCBInitHook
 .text          0x00836ee4      0x460 ../simple_socket_bsp/\libucosii_bsp.a(altera_avalon_cfi_flash_amd.o)
                0x00836ee4                alt_program_amd
                0x00836f4c                alt_erase_block_amd
 .text          0x00837344      0x460 ../simple_socket_bsp/\libucosii_bsp.a(altera_avalon_cfi_flash_intel.o)
                0x00837344                alt_program_intel
                0x008373c8                alt_erase_block_intel
 .text          0x008377a4      0x238 ../simple_socket_bsp/\libucosii_bsp.a(altera_avalon_spi.o)
                0x008377a4                alt_avalon_spi_command
 .text          0x008379dc      0x444 ../simple_socket_bsp/\libucosii_bsp.a(allports.o)
                0x008379dc                netmain_init
                0x00837ad8                icmp_port_du
                0x00837b60                station_state
                0x00837cc4                sysuptime
                0x00837d58                packet_check
                0x00837da4                mcastlist
                0x00837dc8                prep_modules
 .text          0x00837e20      0x580 ../simple_socket_bsp/\libucosii_bsp.a(timeouts.o)
                0x00837e20                inet_timer
                0x00838120                in_timerset
                0x008382f8                in_timerkill
 .text          0x008383a0       0xa4 ../simple_socket_bsp/\libucosii_bsp.a(tk_misc.o)
                0x008383a0                create_apptasks
                0x008383c4                task_stats
 .text          0x00838444       0xb0 ../simple_socket_bsp/\libucosii_bsp.a(alt_iniche_fcntl.o)
                0x00838444                fcntl
 .text          0x008384f4     0x15b0 ../simple_socket_bsp/\libucosii_bsp.a(et_arp.o)
                0x008384f4                etainit
                0x00838548                et_send
                0x008386c4                arp_free_pending
                0x0083874c                arp_send_pending
                0x008387c0                send_arp
                0x00838c58                find_oldest_arp
                0x00838e54                make_arp_entry
                0x00838f68                arpReply
                0x008391fc                arprcv
                0x0083945c                send_via_arp
                0x0083962c                cb_arpent_tmo
                0x008397d8                grat_arp
 .text          0x00839aa4      0x298 ../simple_socket_bsp/\libucosii_bsp.a(iface.o)
                0x00839aa4                if_getbynum
                0x00839b28                isbcast
                0x00839c08                reg_type
                0x00839ca4                if_killsocks
 .text          0x00839d3c     0x22a4 ../simple_socket_bsp/\libucosii_bsp.a(ip.o)
                0x00839d3c                ip_init
                0x00839e38                ip_bldhead
                0x00839fdc                ip_write_internal
                0x0083a75c                ip_write
                0x0083a9a4                ip_write2
                0x0083ad54                ip_raw_write
                0x0083ae2c                ip_fragment_lc
                0x0083b2b4                ip_fragment
                0x0083b8d8                ip_mymach
                0x0083b984                ip_dump
                0x0083bc3c                iproute
                0x0083bea8                ip_copypkt
 .text          0x0083bfe0     0x1e08 ../simple_socket_bsp/\libucosii_bsp.a(ip_reasm.o)
                0x0083bfe0                ip_reasm_match_frag_with_ire
                0x0083c0b0                ip_reasm_determine_type_of_frag
                0x0083c19c                ip_reasm_check_mem_useage
                0x0083c234                ip_reasm_incr_mem_useage
                0x0083c2dc                ip_reasm_decr_mem_useage
                0x0083c37c                ip_reasm_process_first_fragment
                0x0083c65c                ip_reassm
                0x0083c6fc                ip_reasm_compute_overlap
                0x0083cc8c                ip_reasm_process_subsequent_fragments
                0x0083d220                ip_reasm_find_ire
                0x0083d284                ip_reasm_copy_queued_fragments_into_reassy_buffer
                0x0083d5e0                ip_reasm_process_timer_tick
                0x0083d700                ip_reasm_delete_ire
                0x0083d8c8                ip_reasm_mark_compact_rfq
                0x0083da10                ipr_stats
                0x0083dd94                ip_reasm_send_icmp_timex
 .text          0x0083dde8      0xe3c ../simple_socket_bsp/\libucosii_bsp.a(ipdemux.o)
                0x0083dde8                ip_rcv
                0x0083e1e8                ip_rcv_phase2
                0x0083e7f4                ip_demux
 .text          0x0083ec24      0x2f0 ../simple_socket_bsp/\libucosii_bsp.a(ipmc.o)
                0x0083ec24                in_addmulti
                0x0083ed8c                in_delmulti
                0x0083eea4                lookup_mcast
 .text          0x0083ef14       0xe4 ../simple_socket_bsp/\libucosii_bsp.a(ipport.o)
                0x0083ef14                prep_ifaces
                0x0083efa8                netexit
                0x0083efd0                evtmap_setup
 .text          0x0083eff8      0x550 ../simple_socket_bsp/\libucosii_bsp.a(ipraw.o)
                0x0083eff8                ip_raw_open
                0x0083f0e8                ip_raw_close
                0x0083f1a8                ip_raw_input
                0x0083f3e0                ip_raw_alloc
                0x0083f4ac                ip_raw_free
                0x0083f4ec                ip_raw_maxalloc
 .text          0x0083f548      0x6f0 ../simple_socket_bsp/\libucosii_bsp.a(iproute.o)
                0x0083f548                rt_lookup
                0x0083f6cc                add_route
                0x0083faf4                del_route
 .text          0x0083fc38      0xe3c ../simple_socket_bsp/\libucosii_bsp.a(udp.o)
                0x0083fc38                udpdemux
                0x00840490                udp_send
                0x00840748                udpswap
                0x00840878                udp_socket
                0x00840948                udp_alloc
                0x00840a08                udp_maxalloc
                0x00840a34                udp_free
 .text          0x00840a74      0x2e8 ../simple_socket_bsp/\libucosii_bsp.a(igmp.o)
                0x00840a74                igmpv1_input
 .text          0x00840d5c      0x7c0 ../simple_socket_bsp/\libucosii_bsp.a(igmp2.o)
                0x00840d5c                igmpv2_input
                0x00840ebc                igmpv2_process_report
                0x00841008                igmpv2_process_query
                0x00841254                igmpv2_chk_set_timer
                0x008413ac                igmpv2_chk4_rtr_alert_opt
 .text          0x0084151c      0x8fc ../simple_socket_bsp/\libucosii_bsp.a(ipopt.o)
                0x0084151c                IPADDR_TO_NETP
                0x00841664                ip_setmoptions
                0x00841c54                ip_getmoptions
                0x00841d94                ip_freemoptions
 .text          0x00841e18      0x6e8 ../simple_socket_bsp/\libucosii_bsp.a(u_mctest.o)
                0x00841e18                u_mctest_init
                0x00841e48                u_mctest_run
 .text          0x00842500      0x3d0 ../simple_socket_bsp/\libucosii_bsp.a(dhcsetup.o)
                0x00842500                dhc_setup
                0x008427cc                dhc_main_ipset
 .text          0x008428d0      0x40c ../simple_socket_bsp/\libucosii_bsp.a(memdev.o)
                0x008428d0                init_memdev
                0x00842948                md_fopen
                0x00842970                md_fclose
                0x00842990                md_fread
                0x00842b10                md_fwrite
                0x00842b90                md_fseek
                0x00842bbc                md_ftell
                0x00842be0                md_fgetc
                0x00842cb8                md_unlink
 .text          0x00842cdc      0x1cc ../simple_socket_bsp/\libucosii_bsp.a(tcpcksum.o)
                0x00842cdc                tcp_cksum
 .text          0x00842ea8      0x900 ../simple_socket_bsp/\libucosii_bsp.a(in_pcb.o)
                0x00842ea8                in_pcballoc
                0x00842f3c                in_pcbdetach
                0x00842f90                in_pcbbind
                0x008431e4                in_pcbconnect
                0x008433f4                in_pcbdisconnect
                0x00843454                in_setsockaddr
                0x008434d0                in_setpeeraddr
                0x0084354c                in_pcblookup
 .text          0x008437a8     0x1a74 ../simple_socket_bsp/\libucosii_bsp.a(vfsfiles.o)
                0x008437a8                set_vfopen_error
                0x008437d0                get_vfopen_error
                0x008437f0                vf_alloc_and_link_vop
                0x0084386c                vf_alloc_buffer
                0x00843944                vf_free_buffer
                0x00843994                vfopen_locked
                0x00843cfc                vfopen
                0x00843d4c                vfclose_locked
                0x00843ef4                vfclose
                0x00843f34                vfflush
                0x00843f7c                vfgets
                0x00844060                vfeof
                0x008440b8                vunlink_flag_open_files
                0x00844114                vunlink
                0x00844334                vfread
                0x008444e0                vfwrite_locked
                0x008448c8                vfwrite
                0x00844928                vfseek
                0x00844aa4                vftell
                0x00844bd8                vgetc_locked
                0x00844cf8                vgetc
                0x00844d40                vfslookup_locked
                0x00844e78                vfslookup
                0x00844ec0                strippath
                0x008450a8                isvfile_locked
                0x0084510c                isvfile
                0x00845154                vferror
                0x008451c0                vclearerr
 .text          0x0084521c       0x24 ../simple_socket_bsp/\libucosii_bsp.a(vfsport.o)
                0x0084521c                prep_vfs
 .text          0x00845240        0x0 ../simple_socket_bsp/\libucosii_bsp.a(alt_exception_entry.o)
 .text          0x00845240      0x1b4 ../simple_socket_bsp/\libucosii_bsp.a(alt_fcntl.o)
                0x00845240                alt_fcntl
 .text          0x008453f4      0x120 ../simple_socket_bsp/\libucosii_bsp.a(alt_find_file.o)
                0x008453f4                alt_find_file
 .text          0x00845514       0xf4 ../simple_socket_bsp/\libucosii_bsp.a(alt_get_fd.o)
                0x00845514                alt_get_fd
 .text          0x00845608     0x130c ../simple_socket_bsp/\libucosii_bsp.a(icmp.o)
                0x00845608                icmprcv
                0x0084623c                icmp_destun
                0x0084658c                icmp_timex
                0x008468c0                icmp_du
 .text          0x00846914       0x14 c:/altera/13.0sp1/nios2eds/bin/gnu/h-i686-mingw32/bin/../lib/gcc/nios2-elf/4.1.2/../../../../nios2-elf/lib\libc.a(lib_a-atexit.o)
                0x00846914                atexit
 .text          0x00846928       0x18 c:/altera/13.0sp1/nios2eds/bin/gnu/h-i686-mingw32/bin/../lib/gcc/nios2-elf/4.1.2/../../../../nios2-elf/lib\libc.a(lib_a-atoi.o)
                0x00846928                _atoi_r
                0x00846934                atoi
 .text          0x00846940       0x1c c:/altera/13.0sp1/nios2eds/bin/gnu/h-i686-mingw32/bin/../lib/gcc/nios2-elf/4.1.2/../../../../nios2-elf/lib\libc.a(lib_a-calloc.o)
                0x00846940                calloc
 .text          0x0084695c       0x28 c:/altera/13.0sp1/nios2eds/bin/gnu/h-i686-mingw32/bin/../lib/gcc/nios2-elf/4.1.2/../../../../nios2-elf/lib\libc.a(lib_a-malloc.o)
                0x0084695c                free
                0x00846970                malloc
 .text          0x00846984       0x74 c:/altera/13.0sp1/nios2eds/bin/gnu/h-i686-mingw32/bin/../lib/gcc/nios2-elf/4.1.2/../../../../nios2-elf/lib\libc.a(lib_a-memcmp.o)
                0x00846984                memcmp
 .text          0x008469f8       0xd4 c:/altera/13.0sp1/nios2eds/bin/gnu/h-i686-mingw32/bin/../lib/gcc/nios2-elf/4.1.2/../../../../nios2-elf/lib\libc.a(lib_a-sprintf.o)
                0x008469f8                sprintf
                0x00846a6c                _sprintf_r
 .text          0x00846acc       0x8c c:/altera/13.0sp1/nios2eds/bin/gnu/h-i686-mingw32/bin/../lib/gcc/nios2-elf/4.1.2/../../../../nios2-elf/lib\libc.a(lib_a-strcpy.o)
                0x00846acc                strcpy
 .text          0x00846b58       0xf0 c:/altera/13.0sp1/nios2eds/bin/gnu/h-i686-mingw32/bin/../lib/gcc/nios2-elf/4.1.2/../../../../nios2-elf/lib\libc.a(lib_a-strncmp.o)
                0x00846b58                strncmp
 .text          0x00846c48       0xbc c:/altera/13.0sp1/nios2eds/bin/gnu/h-i686-mingw32/bin/../lib/gcc/nios2-elf/4.1.2/../../../../nios2-elf/lib\libc.a(lib_a-strncpy.o)
                0x00846c48                strncpy
 .text          0x00846d04      0x268 c:/altera/13.0sp1/nios2eds/bin/gnu/h-i686-mingw32/bin/../lib/gcc/nios2-elf/4.1.2/../../../../nios2-elf/lib\libc.a(lib_a-strtol.o)
                0x00846d04                _strtol_r
                0x00846f48                strtol
 .text          0x00846f6c       0x34 c:/altera/13.0sp1/nios2eds/bin/gnu/h-i686-mingw32/bin/../lib/gcc/nios2-elf/4.1.2/../../../../nios2-elf/lib\libc.a(lib_a-vprintf.o)
                0x00846f6c                _vprintf_r
                0x00846f80                vprintf
 .text          0x00846fa0       0x74 c:/altera/13.0sp1/nios2eds/bin/gnu/h-i686-mingw32/bin/../lib/gcc/nios2-elf/4.1.2/../../../../nios2-elf/lib\libc.a(lib_a-vsprintf.o)
                0x00846fa0                _vsprintf_r
                0x00846ff0                vsprintf
 .text          0x00847014      0x134 c:/altera/13.0sp1/nios2eds/bin/gnu/h-i686-mingw32/bin/../lib/gcc/nios2-elf/4.1.2/../../../../nios2-elf/lib\libc.a(lib_a-__atexit.o)
                0x00847014                __register_exitproc
 *(.gnu.warning.*)
 *(.fini)
                0x00847148                PROVIDE (__etext, ABSOLUTE (.))
                0x00847148                PROVIDE (_etext, ABSOLUTE (.))
                0x00847148                PROVIDE (etext, ABSOLUTE (.))
 *(.eh_frame_hdr)
                0x00847148                . = ALIGN (0x4)
                0x00847148                PROVIDE (__preinit_array_start, ABSOLUTE (.))
 *(.preinit_array)
                0x00847148                PROVIDE (__preinit_array_end, ABSOLUTE (.))
                0x00847148                PROVIDE (__init_array_start, ABSOLUTE (.))
 *(.init_array)
                0x00847148                PROVIDE (__init_array_end, ABSOLUTE (.))
                0x00847148                PROVIDE (__fini_array_start, ABSOLUTE (.))
 *(.fini_array)
                0x00847148                PROVIDE (__fini_array_end, ABSOLUTE (.))
 *(.eh_frame)
 *(.gcc_except_table)
 *(.dynamic)
                0x00847148                PROVIDE (__CTOR_LIST__, ABSOLUTE (.))
 *(.ctors)
 *(SORT(.ctors.*))
 .ctors.65535   0x00847148        0x4 c:/altera/13.0sp1/nios2eds/bin/gnu/h-i686-mingw32/bin/../lib/gcc/nios2-elf/4.1.2/../../../../nios2-elf/lib\libc.a(lib_a-__call_atexit.o)
                0x0084714c                PROVIDE (__CTOR_END__, ABSOLUTE (.))
                0x0084714c                PROVIDE (__DTOR_LIST__, ABSOLUTE (.))
 *(.dtors)
 *(SORT(.dtors.*))
                0x0084714c                PROVIDE (__DTOR_END__, ABSOLUTE (.))
 *(.jcr)
                0x0084714c                . = ALIGN (0x4)

.rodata         0x0084714c     0x41c8
                0x0084714c                PROVIDE (__ram_rodata_start, ABSOLUTE (.))
                0x0084714c                . = ALIGN (0x4)
 *(.rodata .rodata.* .gnu.linkonce.r.*)
 .rodata        0x0084714c       0x60 obj/default/LCD.o
 .rodata        0x008471ac       0xa8 obj/default/SSS_DE2_115.o
 .rodata        0x00847254      0xba4 obj/default/alt_error_handler.o
 .rodata        0x00847df8       0x64 obj/default/dm9000a.o
 .rodata        0x00847e5c       0xac obj/default/iniche_init.o
 .rodata        0x00847f08      0x234 obj/default/network_utilities.o
 .rodata        0x0084813c      0x2e0 obj/default/simple_socket_server.o
 .rodata        0x0084841c       0x14 c:/altera/13.0sp1/nios2eds/bin/gnu/h-i686-mingw32/bin/../lib/gcc/nios2-elf/4.1.2\libgcc.a(_thenan_df.o)
                0x0084841c                __thenan_df
 .rodata        0x00848430      0x100 c:/altera/13.0sp1/nios2eds/bin/gnu/h-i686-mingw32/bin/../lib/gcc/nios2-elf/4.1.2\libgcc.a(_clz.o)
                0x00848430                __clz_tab
 .rodata        0x00848530      0x281 c:/altera/13.0sp1/nios2eds/bin/gnu/h-i686-mingw32/bin/../lib/gcc/nios2-elf/4.1.2/../../../../nios2-elf/lib\libc.a(lib_a-ctype_.o)
                0x00848530                _ctype_
 *fill*         0x008487b1        0x3 00
 .rodata.str1.4
                0x008487b4        0x2 c:/altera/13.0sp1/nios2eds/bin/gnu/h-i686-mingw32/bin/../lib/gcc/nios2-elf/4.1.2/../../../../nios2-elf/lib\libc.a(lib_a-impure.o)
                                  0x4 (size before relaxing)
 *fill*         0x008487b6        0x2 00
 .rodata.str1.4
                0x008487b8        0x3 c:/altera/13.0sp1/nios2eds/bin/gnu/h-i686-mingw32/bin/../lib/gcc/nios2-elf/4.1.2/../../../../nios2-elf/lib\libc.a(lib_a-perror.o)
                                  0x4 (size before relaxing)
 *fill*         0x008487bb        0x1 00
 .rodata.str1.4
                0x008487bc        0x2 c:/altera/13.0sp1/nios2eds/bin/gnu/h-i686-mingw32/bin/../lib/gcc/nios2-elf/4.1.2/../../../../nios2-elf/lib\libc.a(lib_a-puts.o)
                                  0x4 (size before relaxing)
 *fill*         0x008487be        0x2 00
 .rodata.str1.4
                0x008487c0      0x7a2 c:/altera/13.0sp1/nios2eds/bin/gnu/h-i686-mingw32/bin/../lib/gcc/nios2-elf/4.1.2/../../../../nios2-elf/lib\libc.a(lib_a-strerror.o)
                                0x7a8 (size before relaxing)
 *fill*         0x00848f62        0x2 00
 .rodata.str1.4
                0x00848f64       0x5e c:/altera/13.0sp1/nios2eds/bin/gnu/h-i686-mingw32/bin/../lib/gcc/nios2-elf/4.1.2/../../../../nios2-elf/lib\libc.a(lib_a-vfprintf.o)
                                 0x60 (size before relaxing)
 .rodata        0x00848fc2       0x20 c:/altera/13.0sp1/nios2eds/bin/gnu/h-i686-mingw32/bin/../lib/gcc/nios2-elf/4.1.2/../../../../nios2-elf/lib\libc.a(lib_a-vfprintf.o)
 *fill*         0x00848fe2        0x2 00
 .rodata.str1.4
                0x00848fe4       0x10 c:/altera/13.0sp1/nios2eds/bin/gnu/h-i686-mingw32/bin/../lib/gcc/nios2-elf/4.1.2/../../../../nios2-elf/lib\libc.a(lib_a-dtoa.o)
                                 0x14 (size before relaxing)
 .rodata.str1.4
                0x00848ff4       0x10 c:/altera/13.0sp1/nios2eds/bin/gnu/h-i686-mingw32/bin/../lib/gcc/nios2-elf/4.1.2/../../../../nios2-elf/lib\libc.a(lib_a-locale.o)
                                 0x18 (size before relaxing)
 .rodata        0x00849004       0x30 c:/altera/13.0sp1/nios2eds/bin/gnu/h-i686-mingw32/bin/../lib/gcc/nios2-elf/4.1.2/../../../../nios2-elf/lib\libc.a(lib_a-locale.o)
 .rodata        0x00849034      0x124 c:/altera/13.0sp1/nios2eds/bin/gnu/h-i686-mingw32/bin/../lib/gcc/nios2-elf/4.1.2/../../../../nios2-elf/lib\libc.a(lib_a-mprec.o)
                0x00849034                __mprec_tens
                0x008490fc                __mprec_bigtens
                0x00849124                __mprec_tinytens
 .rodata        0x00849158       0x14 ../simple_socket_bsp/\libucosii_bsp.a(alt_main.o)
 .rodata        0x0084916c      0x120 ../simple_socket_bsp/\libucosii_bsp.a(os_core.o)
                0x0084916c                OSUnMapTbl
 .rodata        0x0084928c       0x60 ../simple_socket_bsp/\libucosii_bsp.a(alt_sys_init.o)
 .rodata        0x008492ec       0xd8 ../simple_socket_bsp/\libucosii_bsp.a(ipnet.o)
 .rodata        0x008493c4       0xec ../simple_socket_bsp/\libucosii_bsp.a(ipstart.o)
 .rodata        0x008494b0      0x54c ../simple_socket_bsp/\libucosii_bsp.a(igmp_cmn.o)
 .rodata        0x008499fc       0xb8 ../simple_socket_bsp/\libucosii_bsp.a(in_utils.o)
 .rodata        0x00849ab4       0x34 ../simple_socket_bsp/\libucosii_bsp.a(netmain.o)
 .rodata        0x00849ae8       0x94 ../simple_socket_bsp/\libucosii_bsp.a(parseip.o)
 .rodata        0x00849b7c      0x1a8 ../simple_socket_bsp/\libucosii_bsp.a(tk_crnos.o)
 .rodata        0x00849d24        0x8 ../simple_socket_bsp/\libucosii_bsp.a(dhcpclnt.o)
 .rodata        0x00849d2c      0x118 ../simple_socket_bsp/\libucosii_bsp.a(pktalloc.o)
 .rodata        0x00849e44       0x84 ../simple_socket_bsp/\libucosii_bsp.a(udp_open.o)
 .rodata        0x00849ec8       0x2c ../simple_socket_bsp/\libucosii_bsp.a(brdutils.o)
 .rodata        0x00849ef4      0x26c ../simple_socket_bsp/\libucosii_bsp.a(osportco.o)
 .rodata        0x0084a160       0xa0 ../simple_socket_bsp/\libucosii_bsp.a(targnios.o)
 .rodata        0x0084a200       0x90 ../simple_socket_bsp/\libucosii_bsp.a(nptcp.o)
 .rodata        0x0084a290        0x8 ../simple_socket_bsp/\libucosii_bsp.a(sockcall.o)
 .rodata        0x0084a298       0x50 ../simple_socket_bsp/\libucosii_bsp.a(socket.o)
 .rodata        0x0084a2e8       0x40 ../simple_socket_bsp/\libucosii_bsp.a(socket2.o)
 .rodata        0x0084a328       0x20 ../simple_socket_bsp/\libucosii_bsp.a(tcp_in.o)
 .rodata        0x0084a348       0x40 ../simple_socket_bsp/\libucosii_bsp.a(tcp_out.o)
 .rodata        0x0084a388       0x24 ../simple_socket_bsp/\libucosii_bsp.a(tcp_subr.o)
 .rodata        0x0084a3ac       0x2c ../simple_socket_bsp/\libucosii_bsp.a(tcp_usr.o)
 .rodata        0x0084a3d8        0xc ../simple_socket_bsp/\libucosii_bsp.a(alt_dev.o)
 .rodata        0x0084a3e4        0x4 ../simple_socket_bsp/\libucosii_bsp.a(os_cpu_c.o)
 .rodata        0x0084a3e8      0x1d4 ../simple_socket_bsp/\libucosii_bsp.a(allports.o)
 .rodata        0x0084a5bc       0x34 ../simple_socket_bsp/\libucosii_bsp.a(tk_misc.o)
 .rodata        0x0084a5f0       0x44 ../simple_socket_bsp/\libucosii_bsp.a(et_arp.o)
 .rodata        0x0084a634      0x1dc ../simple_socket_bsp/\libucosii_bsp.a(ip.o)
 .rodata        0x0084a810      0x158 ../simple_socket_bsp/\libucosii_bsp.a(ip_reasm.o)
 .rodata        0x0084a968      0x120 ../simple_socket_bsp/\libucosii_bsp.a(ipdemux.o)
 .rodata        0x0084aa88       0x34 ../simple_socket_bsp/\libucosii_bsp.a(ipport.o)
 .rodata        0x0084aabc       0x24 ../simple_socket_bsp/\libucosii_bsp.a(ipraw.o)
 .rodata        0x0084aae0       0x38 ../simple_socket_bsp/\libucosii_bsp.a(iproute.o)
 .rodata        0x0084ab18       0xe8 ../simple_socket_bsp/\libucosii_bsp.a(udp.o)
 .rodata        0x0084ac00      0x2d0 ../simple_socket_bsp/\libucosii_bsp.a(u_mctest.o)
 .rodata        0x0084aed0       0xf8 ../simple_socket_bsp/\libucosii_bsp.a(dhcsetup.o)
 .rodata        0x0084afc8       0x34 ../simple_socket_bsp/\libucosii_bsp.a(vfsfiles.o)
 .rodata        0x0084affc      0x318 ../simple_socket_bsp/\libucosii_bsp.a(icmp.o)
 *(.rodata1)
                0x0084b314                . = ALIGN (0x4)
                0x0084b314                PROVIDE (__ram_rodata_end, ABSOLUTE (.))
                0x0084714c                PROVIDE (__flash_rodata_start, LOADADDR (.rodata))

.rwdata         0x0084b314     0x213c
                0x0084b314                PROVIDE (__ram_rwdata_start, ABSOLUTE (.))
                0x0084b314                . = ALIGN (0x4)
 *(.got.plt)
 *(.got)
 *(.data1)
 *(.data .data.* .gnu.linkonce.d.*)
 .data          0x0084b314        0x0 ../simple_socket_bsp//obj/HAL/src/crt0.o
 .data          0x0084b314        0x0 obj/default/LCD.o
 .data          0x0084b314        0x0 obj/default/SSS_DE2_115.o
 .data          0x0084b314        0x0 obj/default/alt_error_handler.o
 .data          0x0084b314        0x0 obj/default/dm9000a.o
 .data          0x0084b314       0x18 obj/default/iniche_init.o
                0x0084b314                ssstask
 .data          0x0084b32c        0x0 obj/default/led.o
 .data          0x0084b32c        0x0 obj/default/network_utilities.o
 .data          0x0084b32c        0x0 obj/default/simple_socket_server.o
 .data          0x0084b32c        0x0 obj/default/tse_my_system.o
 .data          0x0084b32c        0x0 c:/altera/13.0sp1/nios2eds/bin/gnu/h-i686-mingw32/bin/../lib/gcc/nios2-elf/4.1.2\libgcc.a(_fixunsdfsi.o)
 .data          0x0084b32c        0x0 c:/altera/13.0sp1/nios2eds/bin/gnu/h-i686-mingw32/bin/../lib/gcc/nios2-elf/4.1.2\libgcc.a(_addsub_df.o)
 .data          0x0084b32c        0x0 c:/altera/13.0sp1/nios2eds/bin/gnu/h-i686-mingw32/bin/../lib/gcc/nios2-elf/4.1.2\libgcc.a(_mul_df.o)
 .data          0x0084b32c        0x0 c:/altera/13.0sp1/nios2eds/bin/gnu/h-i686-mingw32/bin/../lib/gcc/nios2-elf/4.1.2\libgcc.a(_ge_df.o)
 .data          0x0084b32c        0x0 c:/altera/13.0sp1/nios2eds/bin/gnu/h-i686-mingw32/bin/../lib/gcc/nios2-elf/4.1.2\libgcc.a(_df_to_si.o)
 .data          0x0084b32c        0x0 c:/altera/13.0sp1/nios2eds/bin/gnu/h-i686-mingw32/bin/../lib/gcc/nios2-elf/4.1.2\libgcc.a(_thenan_df.o)
 .data          0x0084b32c        0x0 c:/altera/13.0sp1/nios2eds/bin/gnu/h-i686-mingw32/bin/../lib/gcc/nios2-elf/4.1.2\libgcc.a(_usi_to_df.o)
 .data          0x0084b32c        0x0 c:/altera/13.0sp1/nios2eds/bin/gnu/h-i686-mingw32/bin/../lib/gcc/nios2-elf/4.1.2\libgcc.a(_muldi3.o)
 .data          0x0084b32c        0x0 c:/altera/13.0sp1/nios2eds/bin/gnu/h-i686-mingw32/bin/../lib/gcc/nios2-elf/4.1.2\libgcc.a(_clzsi2.o)
 .data          0x0084b32c        0x0 c:/altera/13.0sp1/nios2eds/bin/gnu/h-i686-mingw32/bin/../lib/gcc/nios2-elf/4.1.2\libgcc.a(_pack_df.o)
 .data          0x0084b32c        0x0 c:/altera/13.0sp1/nios2eds/bin/gnu/h-i686-mingw32/bin/../lib/gcc/nios2-elf/4.1.2\libgcc.a(_unpack_df.o)
 .data          0x0084b32c        0x0 c:/altera/13.0sp1/nios2eds/bin/gnu/h-i686-mingw32/bin/../lib/gcc/nios2-elf/4.1.2\libgcc.a(_fpcmp_parts_df.o)
 .data          0x0084b32c        0x0 c:/altera/13.0sp1/nios2eds/bin/gnu/h-i686-mingw32/bin/../lib/gcc/nios2-elf/4.1.2\libgcc.a(_clz.o)
 .data          0x0084b32c        0x0 c:/altera/13.0sp1/nios2eds/bin/gnu/h-i686-mingw32/bin/../lib/gcc/nios2-elf/4.1.2/../../../../nios2-elf/lib\libc.a(lib_a-ctype_.o)
 .data          0x0084b32c        0x0 c:/altera/13.0sp1/nios2eds/bin/gnu/h-i686-mingw32/bin/../lib/gcc/nios2-elf/4.1.2/../../../../nios2-elf/lib\libc.a(lib_a-exit.o)
 .data          0x0084b32c        0x0 c:/altera/13.0sp1/nios2eds/bin/gnu/h-i686-mingw32/bin/../lib/gcc/nios2-elf/4.1.2/../../../../nios2-elf/lib\libc.a(lib_a-fprintf.o)
 .data          0x0084b32c        0x0 c:/altera/13.0sp1/nios2eds/bin/gnu/h-i686-mingw32/bin/../lib/gcc/nios2-elf/4.1.2/../../../../nios2-elf/lib\libc.a(lib_a-fwrite.o)
 .data          0x0084b32c        0x0 c:/altera/13.0sp1/nios2eds/bin/gnu/h-i686-mingw32/bin/../lib/gcc/nios2-elf/4.1.2/../../../../nios2-elf/lib\libc.a(lib_a-getc.o)
 .data          0x0084b32c      0x400 c:/altera/13.0sp1/nios2eds/bin/gnu/h-i686-mingw32/bin/../lib/gcc/nios2-elf/4.1.2/../../../../nios2-elf/lib\libc.a(lib_a-impure.o)
 .data          0x0084b72c        0x0 c:/altera/13.0sp1/nios2eds/bin/gnu/h-i686-mingw32/bin/../lib/gcc/nios2-elf/4.1.2/../../../../nios2-elf/lib\libc.a(lib_a-memcpy.o)
 .data          0x0084b72c        0x0 c:/altera/13.0sp1/nios2eds/bin/gnu/h-i686-mingw32/bin/../lib/gcc/nios2-elf/4.1.2/../../../../nios2-elf/lib\libc.a(lib_a-memmove.o)
 .data          0x0084b72c        0x0 c:/altera/13.0sp1/nios2eds/bin/gnu/h-i686-mingw32/bin/../lib/gcc/nios2-elf/4.1.2/../../../../nios2-elf/lib\libc.a(lib_a-memset.o)
 .data          0x0084b72c        0x0 c:/altera/13.0sp1/nios2eds/bin/gnu/h-i686-mingw32/bin/../lib/gcc/nios2-elf/4.1.2/../../../../nios2-elf/lib\libc.a(lib_a-perror.o)
 .data          0x0084b72c        0x0 c:/altera/13.0sp1/nios2eds/bin/gnu/h-i686-mingw32/bin/../lib/gcc/nios2-elf/4.1.2/../../../../nios2-elf/lib\libc.a(lib_a-printf.o)
 .data          0x0084b72c        0x0 c:/altera/13.0sp1/nios2eds/bin/gnu/h-i686-mingw32/bin/../lib/gcc/nios2-elf/4.1.2/../../../../nios2-elf/lib\libc.a(lib_a-putc.o)
 .data          0x0084b72c        0x0 c:/altera/13.0sp1/nios2eds/bin/gnu/h-i686-mingw32/bin/../lib/gcc/nios2-elf/4.1.2/../../../../nios2-elf/lib\libc.a(lib_a-putchar.o)
 .data          0x0084b72c        0x0 c:/altera/13.0sp1/nios2eds/bin/gnu/h-i686-mingw32/bin/../lib/gcc/nios2-elf/4.1.2/../../../../nios2-elf/lib\libc.a(lib_a-puts.o)
 .data          0x0084b72c        0x0 c:/altera/13.0sp1/nios2eds/bin/gnu/h-i686-mingw32/bin/../lib/gcc/nios2-elf/4.1.2/../../../../nios2-elf/lib\libc.a(lib_a-rget.o)
 .data          0x0084b72c        0x0 c:/altera/13.0sp1/nios2eds/bin/gnu/h-i686-mingw32/bin/../lib/gcc/nios2-elf/4.1.2/../../../../nios2-elf/lib\libc.a(lib_a-strchr.o)
 .data          0x0084b72c        0x0 c:/altera/13.0sp1/nios2eds/bin/gnu/h-i686-mingw32/bin/../lib/gcc/nios2-elf/4.1.2/../../../../nios2-elf/lib\libc.a(lib_a-strerror.o)
 .data          0x0084b72c        0x0 c:/altera/13.0sp1/nios2eds/bin/gnu/h-i686-mingw32/bin/../lib/gcc/nios2-elf/4.1.2/../../../../nios2-elf/lib\libc.a(lib_a-strlen.o)
 .data          0x0084b72c        0x0 c:/altera/13.0sp1/nios2eds/bin/gnu/h-i686-mingw32/bin/../lib/gcc/nios2-elf/4.1.2/../../../../nios2-elf/lib\libc.a(lib_a-u_strerr.o)
 .data          0x0084b72c        0x0 c:/altera/13.0sp1/nios2eds/bin/gnu/h-i686-mingw32/bin/../lib/gcc/nios2-elf/4.1.2/../../../../nios2-elf/lib\libc.a(lib_a-vfprintf.o)
 .data          0x0084b72c        0x0 c:/altera/13.0sp1/nios2eds/bin/gnu/h-i686-mingw32/bin/../lib/gcc/nios2-elf/4.1.2/../../../../nios2-elf/lib\libc.a(lib_a-wbuf.o)
 .data          0x0084b72c        0x0 c:/altera/13.0sp1/nios2eds/bin/gnu/h-i686-mingw32/bin/../lib/gcc/nios2-elf/4.1.2/../../../../nios2-elf/lib\libc.a(lib_a-wsetup.o)
 .data          0x0084b72c        0x0 c:/altera/13.0sp1/nios2eds/bin/gnu/h-i686-mingw32/bin/../lib/gcc/nios2-elf/4.1.2/../../../../nios2-elf/lib\libc.a(lib_a-__call_atexit.o)
 .data          0x0084b72c        0x0 c:/altera/13.0sp1/nios2eds/bin/gnu/h-i686-mingw32/bin/../lib/gcc/nios2-elf/4.1.2/../../../../nios2-elf/lib\libc.a(lib_a-dtoa.o)
 .data          0x0084b72c        0x0 c:/altera/13.0sp1/nios2eds/bin/gnu/h-i686-mingw32/bin/../lib/gcc/nios2-elf/4.1.2/../../../../nios2-elf/lib\libc.a(lib_a-fflush.o)
 .data          0x0084b72c        0x0 c:/altera/13.0sp1/nios2eds/bin/gnu/h-i686-mingw32/bin/../lib/gcc/nios2-elf/4.1.2/../../../../nios2-elf/lib\libc.a(lib_a-findfp.o)
 .data          0x0084b72c        0x0 c:/altera/13.0sp1/nios2eds/bin/gnu/h-i686-mingw32/bin/../lib/gcc/nios2-elf/4.1.2/../../../../nios2-elf/lib\libc.a(lib_a-fputc.o)
 .data          0x0084b72c        0x0 c:/altera/13.0sp1/nios2eds/bin/gnu/h-i686-mingw32/bin/../lib/gcc/nios2-elf/4.1.2/../../../../nios2-elf/lib\libc.a(lib_a-fputs.o)
 .data          0x0084b72c        0x0 c:/altera/13.0sp1/nios2eds/bin/gnu/h-i686-mingw32/bin/../lib/gcc/nios2-elf/4.1.2/../../../../nios2-elf/lib\libc.a(lib_a-freer.o)
 .data          0x0084b72c        0x0 c:/altera/13.0sp1/nios2eds/bin/gnu/h-i686-mingw32/bin/../lib/gcc/nios2-elf/4.1.2/../../../../nios2-elf/lib\libc.a(lib_a-fvwrite.o)
 .data          0x0084b72c        0x0 c:/altera/13.0sp1/nios2eds/bin/gnu/h-i686-mingw32/bin/../lib/gcc/nios2-elf/4.1.2/../../../../nios2-elf/lib\libc.a(lib_a-fwalk.o)
 .data          0x0084b72c        0xc c:/altera/13.0sp1/nios2eds/bin/gnu/h-i686-mingw32/bin/../lib/gcc/nios2-elf/4.1.2/../../../../nios2-elf/lib\libc.a(lib_a-locale.o)
                0x0084b72c                __lc_ctype
 .data          0x0084b738        0x0 c:/altera/13.0sp1/nios2eds/bin/gnu/h-i686-mingw32/bin/../lib/gcc/nios2-elf/4.1.2/../../../../nios2-elf/lib\libc.a(lib_a-makebuf.o)
 .data          0x0084b738      0x408 c:/altera/13.0sp1/nios2eds/bin/gnu/h-i686-mingw32/bin/../lib/gcc/nios2-elf/4.1.2/../../../../nios2-elf/lib\libc.a(lib_a-mallocr.o)
                0x0084b738                __malloc_av_
 .data          0x0084bb40        0x0 c:/altera/13.0sp1/nios2eds/bin/gnu/h-i686-mingw32/bin/../lib/gcc/nios2-elf/4.1.2/../../../../nios2-elf/lib\libc.a(lib_a-memchr.o)
 .data          0x0084bb40        0x0 c:/altera/13.0sp1/nios2eds/bin/gnu/h-i686-mingw32/bin/../lib/gcc/nios2-elf/4.1.2/../../../../nios2-elf/lib\libc.a(lib_a-mprec.o)
 .data          0x0084bb40        0x0 c:/altera/13.0sp1/nios2eds/bin/gnu/h-i686-mingw32/bin/../lib/gcc/nios2-elf/4.1.2/../../../../nios2-elf/lib\libc.a(lib_a-reallocr.o)
 .data          0x0084bb40        0x0 c:/altera/13.0sp1/nios2eds/bin/gnu/h-i686-mingw32/bin/../lib/gcc/nios2-elf/4.1.2/../../../../nios2-elf/lib\libc.a(lib_a-refill.o)
 .data          0x0084bb40        0x0 c:/altera/13.0sp1/nios2eds/bin/gnu/h-i686-mingw32/bin/../lib/gcc/nios2-elf/4.1.2/../../../../nios2-elf/lib\libc.a(lib_a-s_isinfd.o)
 .data          0x0084bb40        0x0 c:/altera/13.0sp1/nios2eds/bin/gnu/h-i686-mingw32/bin/../lib/gcc/nios2-elf/4.1.2/../../../../nios2-elf/lib\libc.a(lib_a-s_isnand.o)
 .data          0x0084bb40        0x0 c:/altera/13.0sp1/nios2eds/bin/gnu/h-i686-mingw32/bin/../lib/gcc/nios2-elf/4.1.2/../../../../nios2-elf/lib\libc.a(lib_a-sbrkr.o)
 .data          0x0084bb40        0x0 c:/altera/13.0sp1/nios2eds/bin/gnu/h-i686-mingw32/bin/../lib/gcc/nios2-elf/4.1.2/../../../../nios2-elf/lib\libc.a(lib_a-stdio.o)
 .data          0x0084bb40        0x0 c:/altera/13.0sp1/nios2eds/bin/gnu/h-i686-mingw32/bin/../lib/gcc/nios2-elf/4.1.2/../../../../nios2-elf/lib\libc.a(lib_a-strcmp.o)
 .data          0x0084bb40        0x0 c:/altera/13.0sp1/nios2eds/bin/gnu/h-i686-mingw32/bin/../lib/gcc/nios2-elf/4.1.2/../../../../nios2-elf/lib\libc.a(lib_a-writer.o)
 .data          0x0084bb40        0x0 c:/altera/13.0sp1/nios2eds/bin/gnu/h-i686-mingw32/bin/../lib/gcc/nios2-elf/4.1.2/../../../../nios2-elf/lib\libc.a(lib_a-callocr.o)